Component: ARM Compiler 5.06 update 6 (build 750) Tool: armlink [4d35ed]

==============================================================================

Section Cross References

    startup_stm32f407xx.o(STACK) refers (Special) to heapauxi.o(.text) for __use_two_region_memory
    startup_stm32f407xx.o(HEAP) refers (Special) to heapauxi.o(.text) for __use_two_region_memory
    startup_stm32f407xx.o(RESET) refers (Special) to heapauxi.o(.text) for __use_two_region_memory
    startup_stm32f407xx.o(RESET) refers to startup_stm32f407xx.o(STACK) for __initial_sp
    startup_stm32f407xx.o(RESET) refers to startup_stm32f407xx.o(.text) for Reset_Handler
    startup_stm32f407xx.o(RESET) refers to stm32f4xx_it.o(i.NMI_Handler) for NMI_Handler
    startup_stm32f407xx.o(RESET) refers to stm32f4xx_it.o(i.HardFault_Handler) for HardFault_Handler
    startup_stm32f407xx.o(RESET) refers to stm32f4xx_it.o(i.MemManage_Handler) for MemManage_Handler
    startup_stm32f407xx.o(RESET) refers to stm32f4xx_it.o(i.BusFault_Handler) for BusFault_Handler
    startup_stm32f407xx.o(RESET) refers to stm32f4xx_it.o(i.UsageFault_Handler) for UsageFault_Handler
    startup_stm32f407xx.o(RESET) refers to port.o(.emb_text) for SVC_Handler
    startup_stm32f407xx.o(RESET) refers to stm32f4xx_it.o(i.DebugMon_Handler) for DebugMon_Handler
    startup_stm32f407xx.o(RESET) refers to port.o(i.SysTick_Handler) for SysTick_Handler
    startup_stm32f407xx.o(RESET) refers to stm32f4xx_it.o(i.DMA1_Stream0_IRQHandler) for DMA1_Stream0_IRQHandler
    startup_stm32f407xx.o(RESET) refers to stm32f4xx_it.o(i.DMA1_Stream1_IRQHandler) for DMA1_Stream1_IRQHandler
    startup_stm32f407xx.o(RESET) refers to stm32f4xx_it.o(i.DMA1_Stream2_IRQHandler) for DMA1_Stream2_IRQHandler
    startup_stm32f407xx.o(RESET) refers to stm32f4xx_it.o(i.DMA1_Stream3_IRQHandler) for DMA1_Stream3_IRQHandler
    startup_stm32f407xx.o(RESET) refers to stm32f4xx_it.o(i.DMA1_Stream4_IRQHandler) for DMA1_Stream4_IRQHandler
    startup_stm32f407xx.o(RESET) refers to stm32f4xx_it.o(i.DMA1_Stream5_IRQHandler) for DMA1_Stream5_IRQHandler
    startup_stm32f407xx.o(RESET) refers to stm32f4xx_it.o(i.CAN1_RX0_IRQHandler) for CAN1_RX0_IRQHandler
    startup_stm32f407xx.o(RESET) refers to stm32f4xx_it.o(i.TIM2_IRQHandler) for TIM2_IRQHandler
    startup_stm32f407xx.o(RESET) refers to stm32f4xx_it.o(i.USART1_IRQHandler) for USART1_IRQHandler
    startup_stm32f407xx.o(RESET) refers to stm32f4xx_it.o(i.USART2_IRQHandler) for USART2_IRQHandler
    startup_stm32f407xx.o(RESET) refers to stm32f4xx_it.o(i.USART3_IRQHandler) for USART3_IRQHandler
    startup_stm32f407xx.o(RESET) refers to stm32f4xx_it.o(i.DMA1_Stream7_IRQHandler) for DMA1_Stream7_IRQHandler
    startup_stm32f407xx.o(RESET) refers to stm32f4xx_it.o(i.UART4_IRQHandler) for UART4_IRQHandler
    startup_stm32f407xx.o(RESET) refers to stm32f4xx_it.o(i.UART5_IRQHandler) for UART5_IRQHandler
    startup_stm32f407xx.o(RESET) refers to stm32f4xx_it.o(i.DMA2_Stream2_IRQHandler) for DMA2_Stream2_IRQHandler
    startup_stm32f407xx.o(RESET) refers to stm32f4xx_it.o(i.CAN2_RX0_IRQHandler) for CAN2_RX0_IRQHandler
    startup_stm32f407xx.o(RESET) refers to stm32f4xx_it.o(i.DMA2_Stream7_IRQHandler) for DMA2_Stream7_IRQHandler
    startup_stm32f407xx.o(.text) refers (Special) to heapauxi.o(.text) for __use_two_region_memory
    startup_stm32f407xx.o(.text) refers to system_stm32f4xx.o(i.SystemInit) for SystemInit
    startup_stm32f407xx.o(.text) refers to __main.o(!!!main) for __main
    startup_stm32f407xx.o(.text) refers to startup_stm32f407xx.o(HEAP) for Heap_Mem
    startup_stm32f407xx.o(.text) refers to startup_stm32f407xx.o(STACK) for Stack_Mem
    main.o(i.Control_Task) refers to cmsis_os.o(i.osDelay) for osDelay
    main.o(i.HAL_TIM_PeriodElapsedCallback) refers to stm32f4xx_hal.o(i.HAL_IncTick) for HAL_IncTick
    main.o(i.Interaction_Task) refers to cmsis_os.o(i.osDelay) for osDelay
    main.o(i.MX_CAN1_Init) refers to stm32f4xx_hal_can.o(i.HAL_CAN_Init) for HAL_CAN_Init
    main.o(i.MX_CAN1_Init) refers to main.o(.bss) for .bss
    main.o(i.MX_CAN2_Init) refers to stm32f4xx_hal_can.o(i.HAL_CAN_Init) for HAL_CAN_Init
    main.o(i.MX_CAN2_Init) refers to main.o(.bss) for .bss
    main.o(i.MX_DMA_Init) refers to stm32f4xx_hal_cortex.o(i.HAL_NVIC_SetPriority) for HAL_NVIC_SetPriority
    main.o(i.MX_DMA_Init) refers to stm32f4xx_hal_cortex.o(i.HAL_NVIC_EnableIRQ) for HAL_NVIC_EnableIRQ
    main.o(i.MX_GPIO_Init) refers to rt_memclr_w.o(.text) for __aeabi_memclr4
    main.o(i.MX_GPIO_Init) refers to stm32f4xx_hal_gpio.o(i.HAL_GPIO_WritePin) for HAL_GPIO_WritePin
    main.o(i.MX_GPIO_Init) refers to stm32f4xx_hal_gpio.o(i.HAL_GPIO_Init) for HAL_GPIO_Init
    main.o(i.MX_IWDG_Init) refers to stm32f4xx_hal_iwdg.o(i.HAL_IWDG_Init) for HAL_IWDG_Init
    main.o(i.MX_IWDG_Init) refers to main.o(.bss) for .bss
    main.o(i.Realtime_Task) refers to cmsis_os.o(i.osDelay) for osDelay
    main.o(i.StartDefaultTask) refers to cmsis_os.o(i.osDelay) for osDelay
[...]
    usart4_dma_rxbuf                         0x2000507a   Data         200  drv_uart.o(.bss)
    usart5_dma_rxbuf                         0x20005142   Data         200  drv_uart.o(.bss)
    vision_rx_info                           0x2000520a   Data          19  vision_potocol.o(.bss)
    vision_txBuf                             0x2000521d   Data          30  vision_potocol.o(.bss)
    chassis_motor_base_info                  0x2000523c   Data          64  chassis_motor.o(.bss)
    chassis_motor_info                       0x2000527c   Data          32  chassis_motor.o(.bss)
    gimbal_motor_yaw_base_info               0x2000529c   Data          16  gimbal_motor.o(.bss)
    gimbal_motor_pitch_base_info             0x200052ac   Data          16  gimbal_motor.o(.bss)
    dial_motor_base_info                     0x200052bc   Data          16  launcher_motor.o(.bss)
    friction_left_motor_base_info            0x200052cc   Data          16  launcher_motor.o(.bss)
    friction_right_motor_base_info           0x200052dc   Data          16  launcher_motor.o(.bss)
    position_motor_base_info                 0x200052ec   Data          12  launcher_motor.o(.bss)
    rc_base_info                             0x20005320   Data         134  remote.o(.bss)
    rc_info                                  0x200053a8   Data          20  remote.o(.bss)
    imu_base_info                            0x200053bc   Data         100  imu.o(.bss)
    imu_pitch_dif_speed_ave_filter           0x20005420   Data         132  imu.o(.bss)
    imu_roll_dif_speed_ave_filter            0x200054a4   Data         132  imu.o(.bss)
    imu_yaw_dif_speed_ave_filter             0x20005528   Data         132  imu.o(.bss)
    led                                      0x200055ac   Data          40  led.o(.bss)
    chassis_info                             0x200055d4   Data          22  chassis.o(.bss)
    gimbal_info                              0x200055ec   Data          56  gimbal.o(.bss)
    vector_yaw_imu_angle                     0x20005624   Data         204  gimbal.o(.bss)
    vector_yaw_imu_speed                     0x200056f0   Data         204  gimbal.o(.bss)
    dial_work_info                           0x200057bc   Data          10  launcher.o(.bss)
    vision_base_info                         0x200057c8   Data          60  vision.o(.bss)
    vision_info                              0x20005804   Data          68  vision.o(.bss)
    vision_timer_info                        0x20005848   Data          24  vision.o(.bss)
    judge_base_info                          0x20005860   Data          24  judge.o(.bss)
    bmi2_dev                                 0x20005878   Data         104  bmi.o(.bss)
    __libspace_start                         0x200058e0   Data          96  libspace.o(.bss)
    __temporary_stack_top$libspace           0x20005940   Data           0  libspace.o(.bss)



==============================================================================

Memory Map of the image

  Image Entry point : 0x08000189

  Load Region LR_IROM1 (Base: 0x08000000, Size: 0x00012824, Max: 0x00080000, ABSOLUTE, COMPRESSED[0x00012190])

    Execution Region ER_IROM1 (Exec base: 0x08000000, Load base: 0x08000000, Size: 0x00011ee0, Max: 0x00080000, ABSOLUTE)

    Exec Addr    Load Addr    Size         Type   Attr      Idx    E Section Name        Object

    0x08000000   0x08000000   0x00000188   Data   RO            3    RESET               startup_stm32f407xx.o
    0x08000188   0x08000188   0x00000008   Code   RO         8511  * !!!main             c_w.l(__main.o)
    0x08000190   0x08000190   0x00000034   Code   RO         8913    !!!scatter          c_w.l(__scatter.o)
    0x080001c4   0x080001c4   0x0000005a   Code   RO         8911    !!dczerorl2         c_w.l(__dczerorl2.o)
    0x0800021e   0x0800021e   0x00000002   PAD
    0x08000220   0x08000220   0x0000001c   Code   RO         8915    !!handler_zi        c_w.l(__scatter_zi.o)
    0x0800023c   0x0800023c   0x00000002   Code   RO         8846    .ARM.Collect$$libinit$$00000000  c_w.l(libinit.o)
    0x0800023e   0x0800023e   0x00000004   Code   RO         8655    .ARM.Collect$$libinit$$00000001  c_w.l(libinit2.o)
    0x08000242   0x08000242   0x00000000   Code   RO         8658    .ARM.Collect$$libinit$$00000004  c_w.l(libinit2.o)
    0x08000242   0x08000242   0x00000008   Code   RO         8659    .ARM.Collect$$libinit$$00000005  c_w.l(libinit2.o)
    0x0800024a   0x0800024a   0x00000000   Code   RO         8661    .ARM.Collect$$libinit$$0000000A  c_w.l(libinit2.o)
    0x0800024a   0x0800024a   0x00000000   Code   RO         8663    .ARM.Collect$$libinit$$0000000C  c_w.l(libinit2.o)
    0x0800024a   0x0800024a   0x00000000   Code   RO         8665    .ARM.Collect$$libinit$$0000000E  c_w.l(libinit2.o)
    0x0800024a   0x0800024a   0x00000000   Code   RO         8668    .ARM.Collect$$libinit$$00000011  c_w.l(libinit2.o)
    0x0800024a   0x0800024a   0x00000000   Code   RO         8670    .ARM.Collect$$libinit$$00000013  c_w.l(libinit2.o)
    0x0800024a   0x0800024a   0x00000000   Code   RO         8672    .ARM.Collect$$libinit$$00000015  c_w.l(libinit2.o)
    0x0800024a   0x0800024a   0x00000000   Code   RO         8674    .ARM.Collect$$libinit$$00000017  c_w.l(libinit2.o)
    0x0800024a   0x0800024a   0x00000000   Code   RO         8676    .ARM.Collect$$libinit$$00000019  c_w.l(libinit2.o)
    0x0800024a   0x0800024a   0x00000000   Code   RO         8678    .ARM.Collect$$libinit$$0000001B  c_w.l(libinit2.o)
    0x0800024a   0x0800024a   0x00000000   Code   RO         8680    .ARM.Collect$$libinit$$0000001D  c_w.l(libinit2.o)
    0x0800024a   0x0800024a   0x00000000   Code   RO         8682    .ARM.Collect$$libinit$$0000001F  c_w.l(libinit2.o)
    0x0800024a   0x0800024a   0x00000000   Code   RO         8684    .ARM.Collect$$libinit$$00000021  c_w.l(libinit2.o)
    0x0800024a   0x0800024a   0x00000000   Code   RO         8686    .ARM.Collect$$libinit$$00000023  c_w.l(libinit2.o)
    0x0800024a   0x0800024a   0x00000000   Code   RO         8688    .ARM.Collect$$libinit$$00000025  c_w.l(libinit2.o)
    0x0800024a   0x0800024a   0x00000000   Code   RO         8692    .ARM.Collect$$libinit$$0000002C  c_w.l(libinit2.o)
    0x0800024a   0x0800024a   0x00000000   Code   RO         8694    .ARM.Collect$$libinit$$0000002E  c_w.l(libinit2.o)
    0x0800024a   0x0800024a   0x00000000   Code   RO         8696    .ARM.Collect$$libinit$$00000030  c_w.l(libinit2.o)
    0x0800024a   0x0800024a   0x00000000   Code   RO         8698    .ARM.Collect$$libinit$$00000032  c_w.l(libinit2.o)
    0x0800024a   0x0800024a   0x00000002   Code   RO         8699    .ARM.Collect$$libinit$$00000033  c_w.l(libinit2.o)
    0x0800024c   0x0800024c   0x00000002   Code   RO         8908    .ARM.Collect$$libshutdown$$00000000  c_w.l(libshutdown.o)
    0x0800024e   0x0800024e   0x00000000   Code   RO         8864    .ARM.Collect$$libshutdown$$00000002  c_w.l(libshutdown2.o)
    0x0800024e   0x0800024e   0x00000000   Code   RO         8866    .ARM.Collect$$libshutdown$$00000004  c_w.l(libshutdown2.o)
    0x0800024e   0x0800024e   0x00000000   Code   RO         8869    .ARM.Collect$$libshutdown$$00000007  c_w.l(libshutdown2.o)
    0x0800024e   0x0800024e   0x00000000   Code   RO         8872    .ARM.Collect$$libshutdown$$0000000A  c_w.l(libshutdown2.o)
    0x0800024e   0x0800024e   0x00000000   Code   RO         8874    .ARM.Collect$$libshutdown$$0000000C  c_w.l(libshutdown2.o)
    0x0800024e   0x0800024e   0x00000000   Code   RO         8877    .ARM.Collect$$libshutdown$$0000000F  c_w.l(libshutdown2.o)
    0x0800024e   0x0800024e   0x00000002   Code   RO         8878    .ARM.Collect$$libshutdown$$00000010  c_w.l(libshutdown2.o)
    0x08000250   0x08000250   0x00000000   Code   RO         8621    .ARM.Collect$$rtentry$$00000000  c_w.l(__rtentry.o)
    0x08000250   0x08000250   0x00000000   Code   RO         8776    .ARM.Collect$$rtentry$$00000002  c_w.l(__rtentry2.o)
    0x08000250   0x08000250   0x00000006   Code   RO         8788    .ARM.Collect$$rtentry$$00000004  c_w.l(__rtentry4.o)
    0x08000256   0x08000256   0x00000000   Code   RO         8778    .ARM.Collect$$rtentry$$00000009  c_w.l(__rtentry2.o)
    0x08000256   0x08000256   0x00000004   Code   RO         8779    .ARM.Collect$$rtentry$$0000000A  c_w.l(__rtentry2.o)
    0x0800025a   0x0800025a   0x00000000   Code   RO         8781    .ARM.Collect$$rtentry$$0000000C  c_w.l(__rtentry2.o)
    0x0800025a   0x0800025a   0x00000008   Code   RO         8782    .ARM.Collect$$rtentry$$0000000D  c_w.l(__rtentry2.o)
    0x08000262   0x08000262   0x00000002   Code   RO         8851    .ARM.Collect$$rtexit$$00000000  c_w.l(rtexit.o)
    0x08000264   0x08000264   0x00000000   Code   RO         8884    .ARM.Collect$$rtexit$$00000002  c_w.l(rtexit2.o)
    0x08000264   0x08000264   0x00000004   Code   RO         8885    .ARM.Collect$$rtexit$$00000003  c_w.l(rtexit2.o)
    0x08000268   0x08000268   0x00000006   Code   RO         8886    .ARM.Collect$$rtexit$$00000004  c_w.l(rtexit2.o)
    0x0800026e   0x0800026e   0x00000002   PAD
    0x08000270   0x08000270   0x000000be   Code   RO         4554    .emb_text           port.o
    0x0800032e   0x0800032e   0x00000002   PAD
    0x08000330   0x08000330   0x00000000   Code   RO         8799    .emb_text           c_w.l(maybetermalloc1.o)
    0x08000330   0x08000330   0x00000040   Code   RO            4    .text               startup_stm32f407xx.o
    0x08000370   0x08000370   0x0000005e   Code   RO         8439    .text               c_w.l(h1_alloc.o)
    0x080003ce   0x080003ce   0x0000004e   Code   RO         8441    .text               c_w.l(h1_free.o)
    0x0800041c   0x0800041c   0x000000ee   Code   RO         8497    .text               c_w.l(lludivv7m.o)
    0x0800050a   0x0800050a   0x0000008a   Code   RO         8499    .text               c_w.l(rt_memcpy_v6.o)
    0x08000594   0x08000594   0x00000064   Code   RO         8501    .text               c_w.l(rt_memcpy_w.o)
    0x080005f8   0x080005f8   0x00000044   Code   RO         8505    .text               c_w.l(rt_memclr.o)
    0x0800063c   0x0800063c   0x0000004e   Code   RO         8507    .text               c_w.l(rt_memclr_w.o)
    0x0800068a   0x0800068a   0x00000006   Code   RO         8509    .text               c_w.l(heapauxi.o)
    0x08000690   0x08000690   0x00000008   Code   RO         8629    .text               c_w.l(rt_heap_descriptor_intlibspace.o)
    0x08000698   0x08000698   0x00000004   Code   RO         8631    .text               c_w.l(hguard.o)
    0x0800069c   0x0800069c   0x0000008a   Code   RO         8633    .text               c_w.l(init_alloc.o)
    0x08000726   0x08000726   0x0000000e   Code   RO         8637    .text               c_w.l(h1_init.o)
    0x08000734   0x08000734   0x00000016   Code   RO         8651    .text               c_w.l(_rserrno.o)
    0x0800074a   0x0800074a   0x00000002   PAD
    0x0800074c   0x0800074c   0x00000008   Code   RO         8772    .text               c_w.l(libspace.o)
    0x08000754   0x08000754   0x00000008   Code   RO         8795    .text               c_w.l(rt_errno_addr_intlibspace.o)
    0x0800075c   0x0800075c   0x00000034   Code   RO         8801    .text               c_w.l(h1_extend.o)
    0x08000790   0x08000790   0x0000000e   Code   RO         8805    .text               c_w.l(defsig_rtmem_outer.o)
    0x0800079e   0x0800079e   0x00000002   Code   RO         8818    .text               c_w.l(use_no_semi.o)
    0x080007a0   0x080007a0   0x00000000   Code   RO         8820    .text               c_w.l(indicate_semi.o)
    0x080007a0   0x080007a0   0x0000004a   Code   RO         8821    .text               c_w.l(sys_stackheap_outer.o)
    0x080007ea   0x080007ea   0x00000012   Code   RO         8827    .text               c_w.l(exit.o)
    0x080007fc   0x080007fc   0x0000000a   Code   RO         8829    .text               c_w.l(defsig_exit.o)
    0x08000806   0x08000806   0x00000002   PAD
    0x08000808   0x08000808   0x00000050   Code   RO         8835    .text               c_w.l(defsig_rtmem_inner.o)
    0x08000858   0x08000858   0x0000000c   Code   RO         8849    .text               c_w.l(sys_exit.o)
    0x08000864   0x08000864   0x00000032   Code   RO         8859    .text               c_w.l(defsig_general.o)
    0x08000896   0x08000896   0x0000000e   Code   RO         8881    .text               c_w.l(sys_wrch.o)
    0x080008a4   0x080008a4   0x00000028   Code   RO         5023    i.Append_CRC16_Check_Sum  crc16.o
    0x080008cc   0x080008cc   0x00000020   Code   RO         4983    i.Append_CRC8_Check_Num  crc8.o
    0x080008ec   0x080008ec   0x00000628   Code   RO         6524    i.BMI_Get_EulerAngle  bmi.o
    0x08000f14   0x08000f14   0x00000048   Code   RO         6526    i.BMI_Get_RawData   bmi.o
    0x08000f5c   0x08000f5c   0x0000006c   Code   RO         6527    i.BMI_Init          bmi.o
    0x08000fc8   0x08000fc8   0x00000002   Code   RO          320    i.BusFault_Handler  stm32f4xx_it.o
    0x08000fca   0x08000fca   0x00000002   PAD
    0x08000fcc   0x08000fcc   0x00000118   Code   RO         5584    i.CAN1_Get_Data     config_can.o
    0x080010e4   0x080010e4   0x00000028   Code   RO         4746    i.CAN1_Init         drv_can.o
    0x0800110c   0x0800110c   0x0000000c   Code   RO          321    i.CAN1_RX0_IRQHandler  stm32f4xx_it.o
    0x08001118   0x08001118   0x00000048   Code   RO         5585    i.CAN2_Get_Data     config_can.o
    0x08001160   0x08001160   0x00000028   Code   RO         4747    i.CAN2_Init         drv_can.o
    0x08001188   0x08001188   0x0000000c   Code   RO          322    i.CAN2_RX0_IRQHandler  stm32f4xx_it.o
    0x08001194   0x08001194   0x0000001a   Code   RO         4748    i.CAN_Filter_ParamsInit  drv_can.o
    0x080011ae   0x080011ae   0x00000002   PAD
    0x080011b0   0x080011b0   0x00000038   Code   RO         4749    i.CAN_SendData      drv_can.o
    0x080011e8   0x080011e8   0x00000078   Code   RO         4750    i.CAN_send_all      drv_can.o
    0x08001260   0x08001260   0x0000004c   Code   RO         5742    i.Control_Task      task.o
    0x080012ac   0x080012ac   0x0000000c   Code   RO          323    i.DMA1_Stream0_IRQHandler  stm32f4xx_it.o
    0x080012b8   0x080012b8   0x0000000c   Code   RO          324    i.DMA1_Stream1_IRQHandler  stm32f4xx_it.o
    0x080012c4   0x080012c4   0x0000000c   Code   RO          325    i.DMA1_Stream2_IRQHandler  stm32f4xx_it.o
    0x080012d0   0x080012d0   0x0000000c   Code   RO          326    i.DMA1_Stream3_IRQHandler  stm32f4xx_it.o
    0x080012dc   0x080012dc   0x0000000c   Code   RO          327    i.DMA1_Stream4_IRQHandler  stm32f4xx_it.o
    0x080012e8   0x080012e8   0x0000000c   Code   RO          328    i.DMA1_Stream5_IRQHandler  stm32f4xx_it.o
    0x080012f4   0x080012f4   0x0000000c   Code   RO          329    i.DMA1_Stream7_IRQHandler  stm32f4xx_it.o
    0x08001300   0x08001300   0x0000000c   Code   RO          330    i.DMA2_Stream2_IRQHandler  stm32f4xx_it.o
    0x0800130c   0x0800130c   0x0000000c   Code   RO          331    i.DMA2_Stream7_IRQHandler  stm32f4xx_it.o
    0x08001318   0x08001318   0x00000244   Code   RO         4817    i.DMAEx_MultiBufferStart_NoIT  drv_uart.o
    0x0800155c   0x0800155c   0x00000028   Code   RO         1266    i.DMA_CalcBaseAndBitshift  stm32f4xx_hal_dma.o
    0x08001584   0x08001584   0x00000054   Code   RO         1267    i.DMA_CheckFifoParam  stm32f4xx_hal_dma.o
    0x080015d8   0x080015d8   0x00000028   Code   RO         1268    i.DMA_SetConfig     stm32f4xx_hal_dma.o
    0x08001600   0x08001600   0x00000062   Code   RO         4818    i.DMA_Start         drv_uart.o
    0x08001662   0x08001662   0x00000014   Code   RO         4819    i.DRV_UART_IRQHandler  drv_uart.o
    0x08001676   0x08001676   0x00000002   Code   RO          332    i.DebugMon_Handler  stm32f4xx_it.o
    0x08001678   0x08001678   0x00000004   Code   RO           14    i.Error_Handler     main.o
    0x0800167c   0x0800167c   0x0000002c   Code   RO         5024    i.Get_CRC16_Check_Sum  crc16.o
    0x080016a8   0x080016a8   0x00000020   Code   RO         4984    i.Get_CRC8_Check_Num  crc8.o
    0x080016c8   0x080016c8   0x00000024   Code   RO          574    i.HAL_CAN_ActivateNotification  stm32f4xx_hal_can.o
    0x080016ec   0x080016ec   0x000000c8   Code   RO          575    i.HAL_CAN_AddTxMessage  stm32f4xx_hal_can.o
    0x080017b4   0x080017b4   0x0000010c   Code   RO          576    i.HAL_CAN_ConfigFilter  stm32f4xx_hal_can.o
    0x080018c0   0x080018c0   0x00000002   Code   RO          579    i.HAL_CAN_ErrorCallback  stm32f4xx_hal_can.o
    0x080018c2   0x080018c2   0x000000e8   Code   RO          582    i.HAL_CAN_GetRxMessage  stm32f4xx_hal_can.o
    0x080019aa   0x080019aa   0x000001fc   Code   RO          586    i.HAL_CAN_IRQHandler  stm32f4xx_hal_can.o
    0x08001ba6   0x08001ba6   0x0000011a   Code   RO          587    i.HAL_CAN_Init      stm32f4xx_hal_can.o
    0x08001cc0   0x08001cc0   0x000000fc   Code   RO          484    i.HAL_CAN_MspInit   stm32f4xx_hal_msp.o
    0x08001dbc   0x08001dbc   0x00000002   Code   RO          594    i.HAL_CAN_RxFifo0FullCallback  stm32f4xx_hal_can.o
    0x08001dbe   0x08001dbe   0x00000002   PAD
    0x08001dc0   0x08001dc0   0x00000048   Code   RO         4751    i.HAL_CAN_RxFifo0MsgPendingCallback  drv_can.o
    0x08001e08   0x08001e08   0x00000002   Code   RO          596    i.HAL_CAN_RxFifo1FullCallback  stm32f4xx_hal_can.o
    0x08001e0a   0x08001e0a   0x00000002   Code   RO          597    i.HAL_CAN_RxFifo1MsgPendingCallback  stm32f4xx_hal_can.o
    0x08001e0c   0x08001e0c   0x00000002   Code   RO          598    i.HAL_CAN_SleepCallback  stm32f4xx_hal_can.o
    0x08001e0e   0x08001e0e   0x00000002   PAD
    0x08001e10   0x08001e10   0x00000058   Code   RO          599    i.HAL_CAN_Start     stm32f4xx_hal_can.o
    0x08001e68   0x08001e68   0x00000002   Code   RO          601    i.HAL_CAN_TxMailbox0AbortCallback  stm32f4xx_hal_can.o
    0x08001e6a   0x08001e6a   0x00000002   Code   RO          602    i.HAL_CAN_TxMailbox0CompleteCallback  stm32f4xx_hal_can.o
    0x08001e6c   0x08001e6c   0x00000002   Code   RO          603    i.HAL_CAN_TxMailbox1AbortCallback  stm32f4xx_hal_can.o
    0x08001e6e   0x08001e6e   0x00000002   Code   RO          604    i.HAL_CAN_TxMailbox1CompleteCallback  stm32f4xx_hal_can.o
    0x08001e70   0x08001e70   0x00000002   Code   RO          605    i.HAL_CAN_TxMailbox2AbortCallback  stm32f4xx_hal_can.o
    0x08001e72   0x08001e72   0x00000002   Code   RO          606    i.HAL_CAN_TxMailbox2CompleteCallback  stm32f4xx_hal_can.o
    0x08001e74   0x08001e74   0x00000002   Code   RO          608    i.HAL_CAN_WakeUpFromRxMsgCallback  stm32f4xx_hal_can.o
    0x08001e76   0x08001e76   0x00000092   Code   RO         1269    i.HAL_DMA_Abort     stm32f4xx_hal_dma.o
    0x08001f08   0x08001f08   0x00000024   Code   RO         1270    i.HAL_DMA_Abort_IT  stm32f4xx_hal_dma.o
    0x08001f2c   0x08001f2c   0x000001a0   Code   RO         1274    i.HAL_DMA_IRQHandler  stm32f4xx_hal_dma.o
    0x080020cc   0x080020cc   0x000000d4   Code   RO         1275    i.HAL_DMA_Init      stm32f4xx_hal_dma.o
    0x080021a0   0x080021a0   0x0000006e   Code   RO         1279    i.HAL_DMA_Start_IT  stm32f4xx_hal_dma.o
    0x0800220e   0x0800220e   0x00000002   PAD
    0x08002210   0x08002210   0x00000024   Code   RO         1688    i.HAL_Delay         stm32f4xx_hal.o
    0x08002234   0x08002234   0x000001f0   Code   RO         1162    i.HAL_GPIO_Init     stm32f4xx_hal_gpio.o
    0x08002424   0x08002424   0x0000000a   Code   RO         1166    i.HAL_GPIO_WritePin  stm32f4xx_hal_gpio.o
    0x0800242e   0x0800242e   0x00000002   PAD
    0x08002430   0x08002430   0x0000000c   Code   RO         1694    i.HAL_GetTick       stm32f4xx_hal.o
    0x0800243c   0x0800243c   0x0000005a   Code   RO         1939    i.HAL_IWDG_Init     stm32f4xx_hal_iwdg.o
    0x08002496   0x08002496   0x0000000c   Code   RO         1940    i.HAL_IWDG_Refresh  stm32f4xx_hal_iwdg.o
    0x080024a2   0x080024a2   0x00000002   PAD
    0x080024a4   0x080024a4   0x00000010   Code   RO         1700    i.HAL_IncTick       stm32f4xx_hal.o
    0x080024b4   0x080024b4   0x00000034   Code   RO         1701    i.HAL_Init          stm32f4xx_hal.o
    0x080024e8   0x080024e8   0x00000074   Code   RO          534    i.HAL_InitTick      stm32f4xx_hal_timebase_tim.o
    0x0800255c   0x0800255c   0x00000038   Code   RO          485    i.HAL_MspInit       stm32f4xx_hal_msp.o
    0x08002594   0x08002594   0x0000001a   Code   RO         1551    i.HAL_NVIC_EnableIRQ  stm32f4xx_hal_cortex.o
    0x080025ae   0x080025ae   0x00000002   PAD
    0x080025b0   0x080025b0   0x00000040   Code   RO         1557    i.HAL_NVIC_SetPriority  stm32f4xx_hal_cortex.o
    0x080025f0   0x080025f0   0x00000024   Code   RO         1558    i.HAL_NVIC_SetPriorityGrouping  stm32f4xx_hal_cortex.o
    0x08002614   0x08002614   0x00000024   Code   RO         1559    i.HAL_NVIC_SystemReset  stm32f4xx_hal_cortex.o
    0x08002638   0x08002638   0x00000134   Code   RO          808    i.HAL_RCC_ClockConfig  stm32f4xx_hal_rcc.o
    0x0800276c   0x0800276c   0x00000040   Code   RO          812    i.HAL_RCC_GetClockConfig  stm32f4xx_hal_rcc.o
    0x080027ac   0x080027ac   0x00000020   Code   RO          815    i.HAL_RCC_GetPCLK1Freq  stm32f4xx_hal_rcc.o
    0x080027cc   0x080027cc   0x00000020   Code   RO          816    i.HAL_RCC_GetPCLK2Freq  stm32f4xx_hal_rcc.o
    0x080027ec   0x080027ec   0x00000064   Code   RO          817    i.HAL_RCC_GetSysClockFreq  stm32f4xx_hal_rcc.o
    0x08002850   0x08002850   0x0000036c   Code   RO          820    i.HAL_RCC_OscConfig  stm32f4xx_hal_rcc.o
    0x08002bbc   0x08002bbc   0x00000002   Code   RO         2675    i.HAL_TIMEx_BreakCallback  stm32f4xx_hal_tim_ex.o
    0x08002bbe   0x08002bbe   0x00000002   Code   RO         2676    i.HAL_TIMEx_CommutCallback  stm32f4xx_hal_tim_ex.o
    0x08002bc0   0x08002bc0   0x0000005a   Code   RO         1971    i.HAL_TIM_Base_Init  stm32f4xx_hal_tim.o
    0x08002c1a   0x08002c1a   0x00000002   Code   RO         1973    i.HAL_TIM_Base_MspInit  stm32f4xx_hal_tim.o
    0x08002c1c   0x08002c1c   0x00000080   Code   RO         1976    i.HAL_TIM_Base_Start_IT  stm32f4xx_hal_tim.o
    0x08002c9c   0x08002c9c   0x00000002   Code   RO         2005    i.HAL_TIM_IC_CaptureCallback  stm32f4xx_hal_tim.o
    0x08002c9e   0x08002c9e   0x00000166   Code   RO         2019    i.HAL_TIM_IRQHandler  stm32f4xx_hal_tim.o
    0x08002e04   0x08002e04   0x00000002   Code   RO         2022    i.HAL_TIM_OC_DelayElapsedCallback  stm32f4xx_hal_tim.o
    0x08002e06   0x08002e06   0x00000002   Code   RO         2049    i.HAL_TIM_PWM_PulseFinishedCallback  stm32f4xx_hal_tim.o
    0x08002e08   0x08002e08   0x0000000e   Code   RO           15    i.HAL_TIM_PeriodElapsedCallback  main.o
    0x08002e16   0x08002e16   0x00000002   Code   RO         2062    i.HAL_TIM_TriggerCallback  stm32f4xx_hal_tim.o
    0x08002e18   0x08002e18   0x00000002   Code   RO         2953    i.HAL_UARTEx_RxEventCallback  stm32f4xx_hal_uart.o
    0x08002e1a   0x08002e1a   0x00000002   Code   RO         2967    i.HAL_UART_ErrorCallback  stm32f4xx_hal_uart.o
    0x08002e1c   0x08002e1c   0x00000268   Code   RO         2970    i.HAL_UART_IRQHandler  stm32f4xx_hal_uart.o
    0x08003084   0x08003084   0x00000062   Code   RO         2971    i.HAL_UART_Init     stm32f4xx_hal_uart.o
    0x080030e6   0x080030e6   0x00000002   PAD
    0x080030e8   0x080030e8   0x0000041c   Code   RO          487    i.HAL_UART_MspInit  stm32f4xx_hal_msp.o
    0x08003504   0x08003504   0x00000002   Code   RO         2977    i.HAL_UART_RxCpltCallback  stm32f4xx_hal_uart.o
    0x08003506   0x08003506   0x00000002   PAD
    0x08003508   0x08003508   0x0000008c   Code   RO         2980    i.HAL_UART_Transmit_DMA  stm32f4xx_hal_uart.o
    0x08003594   0x08003594   0x00000002   Code   RO         2982    i.HAL_UART_TxCpltCallback  stm32f4xx_hal_uart.o
    0x08003596   0x08003596   0x00000002   Code   RO         2983    i.HAL_UART_TxHalfCpltCallback  stm32f4xx_hal_uart.o
    0x08003598   0x08003598   0x00000002   Code   RO          333    i.HardFault_Handler  stm32f4xx_it.o
    0x0800359a   0x0800359a   0x00000002   PAD
    0x0800359c   0x0800359c   0x00000040   Code   RO         7911    i.IIC_Ack           soft_iic.o
    0x080035dc   0x080035dc   0x00000040   Code   RO         7912    i.IIC_NAck          soft_iic.o
    0x0800361c   0x0800361c   0x00000068   Code   RO         7913    i.IIC_Read_Byte     soft_iic.o
    0x08003684   0x08003684   0x00000060   Code   RO         7914    i.IIC_Send_Byte     soft_iic.o
    0x080036e4   0x080036e4   0x00000040   Code   RO         7915    i.IIC_Start         soft_iic.o
    0x08003724   0x08003724   0x00000044   Code   RO         7916    i.IIC_Stop          soft_iic.o
    0x08003768   0x08003768   0x00000054   Code   RO         7917    i.IIC_Wait_Ack      soft_iic.o
    0x080037bc   0x080037bc   0x0000000c   Code   RO         5743    i.Interaction_Task  task.o
    0x080037c8   0x080037c8   0x00000024   Code   RO         5793    i.KEY_A_status_check  car.o
    0x080037ec   0x080037ec   0x00000024   Code   RO         5794    i.KEY_B_status_check  car.o
    0x08003810   0x08003810   0x00000024   Code   RO         5795    i.KEY_C_status_check  car.o
    0x08003834   0x08003834   0x0000001c   Code   RO         5796    i.KEY_Ctrl_status_check  car.o
    0x08003850   0x08003850   0x00000024   Code   RO         5797    i.KEY_D_status_check  car.o
    0x08003874   0x08003874   0x0000002c   Code   RO         5798    i.KEY_E_status_check  car.o
    0x080038a0   0x080038a0   0x0000001c   Code   RO         5799    i.KEY_F_status_check  car.o
    0x080038bc   0x080038bc   0x00000024   Code   RO         5801    i.KEY_Q_status_check  car.o
    0x080038e0   0x080038e0   0x00000024   Code   RO         5803    i.KEY_S_status_check  car.o
    0x08003904   0x08003904   0x00000044   Code   RO         5804    i.KEY_Shift_status_check  car.o
    0x08003948   0x08003948   0x00000024   Code   RO         5805    i.KEY_V_status_check  car.o
    0x0800396c   0x0800396c   0x00000024   Code   RO         5806    i.KEY_W_status_check  car.o
    0x08003990   0x08003990   0x00000024   Code   RO         5808    i.KEY_Z_status_check  car.o
    0x080039b4   0x080039b4   0x00000030   Code   RO         5809    i.KEY_mouse_l_status_check  car.o
    0x080039e4   0x080039e4   0x0000002c   Code   RO         5810    i.KEY_mouse_r_status_check  car.o
    0x08003a10   0x08003a10   0x00000060   Code   RO         5811    i.KEY_status_scan   car.o
    0x08003a70   0x08003a70   0x0000004c   Code   RO         7724    i.MPU_Read_Byte     bmi2_common.o
    0x08003abc   0x08003abc   0x00000060   Code   RO         7725    i.MPU_Read_all      bmi2_common.o
    0x08003b1c   0x08003b1c   0x00000044   Code   RO           17    i.MX_CAN1_Init      main.o
    0x08003b60   0x08003b60   0x00000044   Code   RO           18    i.MX_CAN2_Init      main.o
    0x08003ba4   0x08003ba4   0x000000bc   Code   RO           19    i.MX_DMA_Init       main.o
    0x08003c60   0x08003c60   0x00000188   Code   RO           20    i.MX_GPIO_Init      main.o
    0x08003de8   0x08003de8   0x00000028   Code   RO           21    i.MX_IWDG_Init      main.o
    0x08003e10   0x08003e10   0x00000002   Code   RO          334    i.MemManage_Handler  stm32f4xx_it.o
    0x08003e12   0x08003e12   0x00000002   Code   RO          335    i.NMI_Handler       stm32f4xx_it.o
    0x08003e14   0x08003e14   0x00000034   Code   RO         5812    i.RC_s1_status_check  car.o
    0x08003e48   0x08003e48   0x00000034   Code   RO         5813    i.RC_s2_status_check  car.o
    0x08003e7c   0x08003e7c   0x00000012   Code   RO         5814    i.RC_status_scan    car.o
    0x08003e8e   0x08003e8e   0x00000002   PAD
    0x08003e90   0x08003e90   0x0000003c   Code   RO         5815    i.RC_thumbwheel_status_check  car.o
    0x08003ecc   0x08003ecc   0x00000080   Code   RO         5744    i.Realtime_Task     task.o
    0x08003f4c   0x08003f4c   0x00000054   Code   RO         6528    i.Set_accel         bmi.o
    0x08003fa0   0x08003fa0   0x00000058   Code   RO         6529    i.Set_gyro          bmi.o
    0x08003ff8   0x08003ff8   0x00000008   Code   RO           23    i.StartDefaultTask  main.o
    0x08004000   0x08004000   0x0000002c   Code   RO         4555    i.SysTick_Handler   port.o
    0x0800402c   0x0800402c   0x0000009c   Code   RO           24    i.SystemClock_Config  main.o
    0x080040c8   0x080040c8   0x00000010   Code   RO         3300    i.SystemInit        system_stm32f4xx.o
    0x080040d8   0x080040d8   0x0000000c   Code   RO          336    i.TIM2_IRQHandler   stm32f4xx_it.o
    0x080040e4   0x080040e4   0x000000c8   Code   RO         2064    i.TIM_Base_SetConfig  stm32f4xx_hal_tim.o
    0x080041ac   0x080041ac   0x00000018   Code   RO          337    i.UART4_IRQHandler  stm32f4xx_it.o
    0x080041c4   0x080041c4   0x00000018   Code   RO          338    i.UART5_IRQHandler  stm32f4xx_it.o
    0x080041dc   0x080041dc   0x00000010   Code   RO         2984    i.UART_DMAAbortOnError  stm32f4xx_hal_uart.o
    0x080041ec   0x080041ec   0x0000004a   Code   RO         2985    i.UART_DMAError     stm32f4xx_hal_uart.o
    0x08004236   0x08004236   0x00000042   Code   RO         2990    i.UART_DMATransmitCplt  stm32f4xx_hal_uart.o
    0x08004278   0x08004278   0x0000000a   Code   RO         2992    i.UART_DMATxHalfCplt  stm32f4xx_hal_uart.o
    0x08004282   0x08004282   0x0000004e   Code   RO         2994    i.UART_EndRxTransfer  stm32f4xx_hal_uart.o
    0x080042d0   0x080042d0   0x0000001c   Code   RO         2995    i.UART_EndTxTransfer  stm32f4xx_hal_uart.o
    0x080042ec   0x080042ec   0x000000c0   Code   RO         2996    i.UART_Receive_IT   stm32f4xx_hal_uart.o
    0x080043ac   0x080043ac   0x0000010c   Code   RO         2997    i.UART_SetConfig    stm32f4xx_hal_uart.o
    0x080044b8   0x080044b8   0x00000018   Code   RO          339    i.USART1_IRQHandler  stm32f4xx_it.o
    0x080044d0   0x080044d0   0x00000038   Code   RO         4820    i.USART1_Init       drv_uart.o
    0x08004508   0x08004508   0x00000002   Code   RO         5614    i.USART1_rxDataHandler  config_uart.o
    0x0800450a   0x0800450a   0x00000002   PAD
    0x0800450c   0x0800450c   0x00000018   Code   RO          340    i.USART2_IRQHandler  stm32f4xx_it.o
    0x08004524   0x08004524   0x0000003c   Code   RO         4821    i.USART2_Init       drv_uart.o
    0x08004560   0x08004560   0x00000020   Code   RO         5615    i.USART2_rxDataHandler  config_uart.o
    0x08004580   0x08004580   0x00000018   Code   RO          341    i.USART3_IRQHandler  stm32f4xx_it.o
    0x08004598   0x08004598   0x00000038   Code   RO         4822    i.USART3_Init       drv_uart.o
    0x080045d0   0x080045d0   0x00000004   Code   RO         5616    i.USART3_rxDataHandler  config_uart.o
    0x080045d4   0x080045d4   0x00000038   Code   RO         4823    i.USART4_Init       drv_uart.o
    0x0800460c   0x0800460c   0x00000002   Code   RO         5617    i.USART4_rxDataHandler  config_uart.o
    0x0800460e   0x0800460e   0x00000002   PAD
    0x08004610   0x08004610   0x00000038   Code   RO         4824    i.USART5_Init       drv_uart.o
    0x08004648   0x08004648   0x00000002   Code   RO         5618    i.USART5_rxDataHandler  config_uart.o
    0x0800464a   0x0800464a   0x00000002   Code   RO          342    i.UsageFault_Handler  stm32f4xx_it.o
    0x0800464c   0x0800464c   0x0000003c   Code   RO         5025    i.Verify_CRC16_Check_Sum  crc16.o
    0x08004688   0x08004688   0x0000002a   Code   RO         4985    i.Verify_CRC8_Check_Sum  crc8.o
    0x080046b2   0x080046b2   0x00000030   Code   RO         8754    i.__ARM_fpclassify  m_wm.l(fpclassify.o)
    0x080046e2   0x080046e2   0x00000020   Code   RO         1564    i.__NVIC_SetPriority  stm32f4xx_hal_cortex.o
    0x08004702   0x08004702   0x00000006   PAD
    0x08004708   0x08004708   0x00000360   Code   RO         8543    i.__hardfp_asin     m_wm.l(asin.o)
    0x08004a68   0x08004a68   0x000002d8   Code   RO         8717    i.__hardfp_atan     m_wm.l(atan.o)
    0x08004d40   0x08004d40   0x000001f0   Code   RO         8557    i.__hardfp_atan2    m_wm.l(atan2.o)
    0x08004f30   0x08004f30   0x000000c8   Code   RO         8569    i.__hardfp_cos      m_wm.l(cos.o)
    0x08004ff8   0x08004ff8   0x00000c50   Code   RO         8581    i.__hardfp_pow      m_wm.l(pow.o)
    0x08005c48   0x08005c48   0x000000c8   Code   RO         8595    i.__hardfp_sin      m_wm.l(sin.o)
    0x08005d10   0x08005d10   0x0000007a   Code   RO         8607    i.__hardfp_sqrt     m_wm.l(sqrt.o)
    0x08005d8a   0x08005d8a   0x00000006   PAD
    0x08005d90   0x08005d90   0x00000438   Code   RO         8759    i.__ieee754_rem_pio2  m_wm.l(rred.o)
    0x080061c8   0x080061c8   0x00000170   Code   RO         8731    i.__kernel_cos      m_wm.l(cos_i.o)
    0x08006338   0x08006338   0x000000f8   Code   RO         8756    i.__kernel_poly     m_wm.l(poly.o)
    0x08006430   0x08006430   0x00000130   Code   RO         8764    i.__kernel_sin      m_wm.l(sin_i.o)
    0x08006560   0x08006560   0x00000030   Code   RO         8734    i.__mathlib_dbl_divzero  m_wm.l(dunder.o)
    0x08006590   0x08006590   0x00000014   Code   RO         8735    i.__mathlib_dbl_infnan  m_wm.l(dunder.o)
    0x080065a4   0x080065a4   0x00000014   Code   RO         8736    i.__mathlib_dbl_infnan2  m_wm.l(dunder.o)
    0x080065b8   0x080065b8   0x00000020   Code   RO         8737    i.__mathlib_dbl_invalid  m_wm.l(dunder.o)
    0x080065d8   0x080065d8   0x00000020   Code   RO         8738    i.__mathlib_dbl_overflow  m_wm.l(dunder.o)
    0x080065f8   0x080065f8   0x00000020   Code   RO         8740    i.__mathlib_dbl_underflow  m_wm.l(dunder.o)
    0x08006618   0x08006618   0x00000096   Code   RO         5221    i.all_key_board_status_interrupt_update  remote.o
    0x080066ae   0x080066ae   0x00000096   Code   RO         5222    i.all_key_board_status_update  remote.o
    0x08006744   0x08006744   0x00000010   Code   RO         8719    i.atan              m_wm.l(atan.o)
    0x08006754   0x08006754   0x00000024   Code   RO         8087    i.ave_fil_init      ave_filter.o
    0x08006778   0x08006778   0x00000090   Code   RO         8088    i.ave_fil_update    ave_filter.o
    0x08006808   0x08006808   0x00000078   Code   RO         7882    i.bmi270_init       bmi270.o
    0x08006880   0x08006880   0x00000002   Code   RO         7727    i.bmi2_error_codes_print_result  bmi2_common.o
    0x08006882   0x08006882   0x00000036   Code   RO         6631    i.bmi2_extract_input_feat_config  bmi2.o
    0x080068b8   0x080068b8   0x000000a0   Code   RO         6636    i.bmi2_get_feat_config  bmi2.o
    0x08006958   0x08006958   0x0000003c   Code   RO         6643    i.bmi2_get_gyro_cross_sense  bmi2.o
    0x08006994   0x08006994   0x00000030   Code   RO         6646    i.bmi2_get_internal_status  bmi2.o
    0x080069c4   0x080069c4   0x00000092   Code   RO         6647    i.bmi2_get_regs     bmi2.o
    0x08006a56   0x08006a56   0x00000002   PAD
    0x08006a58   0x08006a58   0x0000023a   Code   RO         6649    i.bmi2_get_sensor_config  bmi2.o
    0x08006c92   0x08006c92   0x000002de   Code   RO         6650    i.bmi2_get_sensor_data  bmi2.o
    0x08006f70   0x08006f70   0x00000026   Code   RO         6651    i.bmi2_get_status   bmi2.o
    0x08006f96   0x08006f96   0x00000002   PAD
    0x08006f98   0x08006f98   0x00000040   Code   RO         7728    i.bmi2_interface_selection  bmi2_common.o
    0x08006fd8   0x08006fd8   0x00000076   Code   RO         6652    i.bmi2_map_data_int  bmi2.o
    0x0800704e   0x0800704e   0x00000002   PAD
    0x08007050   0x08007050   0x00000064   Code   RO         6662    i.bmi2_sec_init     bmi2.o
    0x080070b4   0x080070b4   0x00000038   Code   RO         6664    i.bmi2_sensor_enable  bmi2.o
    0x080070ec   0x080070ec   0x00000062   Code   RO         6666    i.bmi2_set_adv_power_save  bmi2.o
    0x0800714e   0x0800714e   0x00000002   PAD
    0x08007150   0x08007150   0x0000009c   Code   RO         6676    i.bmi2_set_regs     bmi2.o
    0x080071ec   0x080071ec   0x000001e6   Code   RO         6678    i.bmi2_set_sensor_config  bmi2.o
    0x080073d2   0x080073d2   0x00000060   Code   RO         6679    i.bmi2_soft_reset   bmi2.o
    0x08007432   0x08007432   0x00000056   Code   RO         6683    i.bmi2_write_config_file  bmi2.o
    0x08007488   0x08007488   0x00000018   Code   RO         5424    i.cap_send          cap.o
    0x080074a0   0x080074a0   0x00000048   Code   RO         5816    i.car_commond_init  car.o
    0x080074e8   0x080074e8   0x00000020   Code   RO         5817    i.car_ctrl          car.o
    0x08007508   0x08007508   0x00000014   Code   RO         5818    i.car_init          car.o
    0x0800751c   0x0800751c   0x00000020   Code   RO         5819    i.car_init_judge    car.o
    0x0800753c   0x0800753c   0x0000002c   Code   RO         5820    i.car_mode_commond_update  car.o
    0x08007568   0x08007568   0x00000050   Code   RO         5821    i.car_mode_status_update  car.o
    0x080075b8   0x080075b8   0x0000003e   Code   RO         6686    i.cfg_error_status  bmi2.o
    0x080075f6   0x080075f6   0x00000002   PAD
    0x080075f8   0x080075f8   0x0000001c   Code   RO         5982    i.chassis_commond_init  chassis.o
    0x08007614   0x08007614   0x00000068   Code   RO         5983    i.chassis_commond_respond  chassis.o
    0x0800767c   0x0800767c   0x0000002a   Code   RO         5984    i.chassis_ctrl_task  chassis.o
    0x080076a6   0x080076a6   0x00000002   PAD
    0x080076a8   0x080076a8   0x00000084   Code   RO         6474    i.chassis_cycle_debug  debug.o
    0x0800772c   0x0800772c   0x00000012   Code   RO         5985    i.chassis_info_init  chassis.o
    0x0800773e   0x0800773e   0x0000003e   Code   RO         5986    i.chassis_init      chassis.o
    0x0800777c   0x0800777c   0x00000388   Code   RO         5987    i.chassis_judge_limit  chassis.o
    0x08007b04   0x08007b04   0x00000070   Code   RO         5988    i.chassis_measure_speed_update  chassis.o
    0x08007b74   0x08007b74   0x000000a0   Code   RO         5989    i.chassis_mode_update  chassis.o
    0x08007c14   0x08007c14   0x0000000a   Code   RO         5990    i.chassis_speed_max_auto_set  chassis.o
    0x08007c1e   0x08007c1e   0x00000002   PAD
    0x08007c20   0x08007c20   0x00000834   Code   RO         5991    i.chassis_work      chassis.o
    0x08008454   0x08008454   0x00000030   Code   RO         6687    i.check_boundary_val  bmi2.o
    0x08008484   0x08008484   0x0000001a   Code   RO         6689    i.comp_gyro_cross_axis_sensitivity  bmi2.o
    0x0800849e   0x0800849e   0x000000dc   Code   RO         6690    i.config_aux_interface  bmi2.o
    0x0800857a   0x0800857a   0x00000002   PAD
    0x0800857c   0x0800857c   0x00000038   Code   RO         5822    i.debug_special_scan  car.o
    0x080085b4   0x080085b4   0x00000018   Code   RO         7972    i.delay_us          drv_haltick.o
    0x080085cc   0x080085cc   0x00000224   Code   RO         6249    i.dial_work         launcher.o
    0x080087f0   0x080087f0   0x00000008   Code   RO         6250    i.dial_work_init    launcher.o
    0x080087f8   0x080087f8   0x0000000e   Code   RO         6251    i.dial_work_to_keep  launcher.o
    0x08008806   0x08008806   0x00000002   PAD
    0x08008808   0x08008808   0x00000014   Code   RO         4825    i.dma_m0_rxcplt_callback  drv_uart.o
    0x0800881c   0x0800881c   0x00000014   Code   RO         4826    i.dma_m1_rxcplt_callback  drv_uart.o
    0x08008830   0x08008830   0x00000026   Code   RO         4634    i.drive_init        drive.o
    0x08008856   0x08008856   0x00000036   Code   RO         6697    i.extract_output_feat_config  bmi2.o
    0x0800888c   0x0800888c   0x00000018   Code   RO         8750    i.fabs              m_wm.l(fabs.o)
    0x080088a4   0x080088a4   0x00000124   Code   RO         8214    i.fhan              tracking_differentiator.o
    0x080089c8   0x080089c8   0x00000058   Code   RO         8215    i.fsg               tracking_differentiator.o
    0x08008a20   0x08008a20   0x00000020   Code   RO         6698    i.get_acc_gyr_data  bmi2.o
    0x08008a40   0x08008a40   0x0000004e   Code   RO         6699    i.get_accel_config  bmi2.o
    0x08008a8e   0x08008a8e   0x00000068   Code   RO         6700    i.get_accel_self_test_status  bmi2.o
    0x08008af6   0x08008af6   0x0000008a   Code   RO         6701    i.get_any_motion_config  bmi2.o
    0x08008b80   0x08008b80   0x000000aa   Code   RO         6702    i.get_aux_config    bmi2.o
    0x08008c2a   0x08008c2a   0x00000058   Code   RO         6704    i.get_ext_sens_sync_config  bmi2.o
    0x08008c82   0x08008c82   0x00000086   Code   RO         6705    i.get_flat_config   bmi2.o
    0x08008d08   0x08008d08   0x00000082   Code   RO         6706    i.get_free_fall_det_config  bmi2.o
    0x08008d8a   0x08008d8a   0x00000058   Code   RO         6707    i.get_glance_detect_config  bmi2.o
    0x08008de2   0x08008de2   0x0000005e   Code   RO         6708    i.get_gyro_config   bmi2.o
    0x08008e40   0x08008e40   0x00000072   Code   RO         6709    i.get_gyro_cross_sense  bmi2.o
    0x08008eb2   0x08008eb2   0x0000008a   Code   RO         6710    i.get_gyro_gain_update_config  bmi2.o
    0x08008f3c   0x08008f3c   0x00000068   Code   RO         6711    i.get_gyro_gain_update_status  bmi2.o
    0x08008fa4   0x08008fa4   0x000000a4   Code   RO         6712    i.get_high_g_config  bmi2.o
    0x08009048   0x08009048   0x00000092   Code   RO         6713    i.get_low_g_config  bmi2.o
    0x080090da   0x080090da   0x0000008a   Code   RO         6715    i.get_no_motion_config  bmi2.o
    0x08009164   0x08009164   0x00000076   Code   RO         6716    i.get_nvm_error_status  bmi2.o
    0x080091da   0x080091da   0x000000b4   Code   RO         6717    i.get_ois_output    bmi2.o
    0x0800928e   0x0800928e   0x0000008c   Code   RO         6718    i.get_orient_config  bmi2.o
    0x0800931a   0x0800931a   0x00000056   Code   RO         6721    i.get_remapped_data  bmi2.o
    0x08009370   0x08009370   0x000000be   Code   RO         6722    i.get_sig_motion_config  bmi2.o
    0x0800942e   0x0800942e   0x0000008a   Code   RO         6724    i.get_step_config   bmi2.o
    0x080094b8   0x080094b8   0x000000aa   Code   RO         6725    i.get_step_count_params_config  bmi2.o
    0x08009562   0x08009562   0x0000006e   Code   RO         6726    i.get_step_counter_output  bmi2.o
    0x080095d0   0x080095d0   0x00000058   Code   RO         6727    i.get_tilt_config   bmi2.o
    0x08009628   0x08009628   0x00000058   Code   RO         6728    i.get_up_hold_to_wake_config  bmi2.o
    0x08009680   0x08009680   0x0000007c   Code   RO         6730    i.get_wake_up_config  bmi2.o
    0x080096fc   0x080096fc   0x00000076   Code   RO         6731    i.get_wrist_gest_config  bmi2.o
    0x08009772   0x08009772   0x0000008a   Code   RO         6732    i.get_wrist_gest_w_config  bmi2.o
    0x080097fc   0x080097fc   0x0000008e   Code   RO         6733    i.get_wrist_wear_wake_up_config  bmi2.o
    0x0800988a   0x0800988a   0x0000009c   Code   RO         6734    i.get_wrist_wear_wake_up_wh_config  bmi2.o
    0x08009926   0x08009926   0x00000002   PAD
    0x08009928   0x08009928   0x00000068   Code   RO         6086    i.gimbal_commond_init  gimbal.o
    0x08009990   0x08009990   0x000001ec   Code   RO         6087    i.gimbal_commond_respond  gimbal.o
    0x08009b7c   0x08009b7c   0x0000001e   Code   RO         6088    i.gimbal_ctrl_task  gimbal.o
    0x08009b9a   0x08009b9a   0x00000002   PAD
    0x08009b9c   0x08009b9c   0x00000044   Code   RO         6089    i.gimbal_imu_update  gimbal.o
    0x08009be0   0x08009be0   0x0000000c   Code   RO         6090    i.gimbal_info_init  gimbal.o
    0x08009bec   0x08009bec   0x00000038   Code   RO         6091    i.gimbal_init       gimbal.o
    0x08009c24   0x08009c24   0x000000a0   Code   RO         6092    i.gimbal_mode_update  gimbal.o
    0x08009cc4   0x08009cc4   0x00000070   Code   RO         6093    i.gimbal_pitch_angle_check  gimbal.o
    0x08009d34   0x08009d34   0x0000002a   Code   RO         6094    i.gimbal_pitch_can_update  gimbal.o
    0x08009d5e   0x08009d5e   0x0000003a   Code   RO         6095    i.gimbal_pitch_imu_pid_angle_ctrl  gimbal.o
    0x08009d98   0x08009d98   0x00000078   Code   RO         6096    i.gimbal_pitch_imu_pid_speed_ctrl  gimbal.o
    0x08009e10   0x08009e10   0x00000054   Code   RO         6097    i.gimbal_pitch_motor_pid_angle_ctrl  gimbal.o
    0x08009e64   0x08009e64   0x000001d4   Code   RO         6099    i.gimbal_work       gimbal.o
    0x0800a038   0x0800a038   0x00000184   Code   RO         6100    i.gimbal_yaw_angle_check  gimbal.o
    0x0800a1bc   0x0800a1bc   0x0000001e   Code   RO         6101    i.gimbal_yaw_can_update  gimbal.o
    0x0800a1da   0x0800a1da   0x00000002   PAD
    0x0800a1dc   0x0800a1dc   0x00000090   Code   RO         6102    i.gimbal_yaw_imu_pid_angle_ctrl  gimbal.o
    0x0800a26c   0x0800a26c   0x00000078   Code   RO         6103    i.gimbal_yaw_imu_pid_speed_ctrl  gimbal.o
    0x0800a2e4   0x0800a2e4   0x000000c4   Code   RO         6104    i.gimbal_yaw_motor_pid_angle_ctrl  gimbal.o
    0x0800a3a8   0x0800a3a8   0x00000078   Code   RO         6105    i.gimbal_yaw_motor_pid_speed_ctrl  gimbal.o
    0x0800a420   0x0800a420   0x00000008   Code   RO         5336    i.imu_init          imu.o
    0x0800a428   0x0800a428   0x00000294   Code   RO         5337    i.imu_update        imu.o
    0x0800a6bc   0x0800a6bc   0x0000002c   Code   RO         6530    i.inVSqrt           bmi.o
    0x0800a6e8   0x0800a6e8   0x0000000e   Code   RO         6428    i.judge_init        judge.o
    0x0800a6f6   0x0800a6f6   0x00000002   PAD
    0x0800a6f8   0x0800a6f8   0x00000030   Code   RO         6252    i.judge_limit       launcher.o
    0x0800a728   0x0800a728   0x00000018   Code   RO         6429    i.judge_realtime_task  judge.o
    0x0800a740   0x0800a740   0x0000007c   Code   RO         6430    i.judge_send_task   judge.o
    0x0800a7bc   0x0800a7bc   0x0000003c   Code   RO         5223    i.key_board_cnt_max_set  remote.o
    0x0800a7f8   0x0800a7f8   0x00000044   Code   RO         5224    i.key_board_status_interrupt_update  remote.o
    0x0800a83c   0x0800a83c   0x00000036   Code   RO         5225    i.key_board_status_update  remote.o
    0x0800a872   0x0800a872   0x00000002   PAD
    0x0800a874   0x0800a874   0x00000044   Code   RO         6253    i.launcher_commond_init  launcher.o
    0x0800a8b8   0x0800a8b8   0x00000084   Code   RO         6254    i.launcher_commond_respond  launcher.o
    0x0800a93c   0x0800a93c   0x0000002c   Code   RO         6255    i.launcher_ctrl_task  launcher.o
    0x0800a968   0x0800a968   0x00000038   Code   RO         6256    i.launcher_init     launcher.o
    0x0800a9a0   0x0800a9a0   0x00000020   Code   RO         6257    i.launcher_mode_update  launcher.o
    0x0800a9c0   0x0800a9c0   0x00000020   Code   RO         6259    i.launcher_tick_task  launcher.o
    0x0800a9e0   0x0800a9e0   0x0000025c   Code   RO         6260    i.launcher_work     launcher.o
    0x0800ac3c   0x0800ac3c   0x00000018   Code   RO         6261    i.launcher_work_info_init  launcher.o
    0x0800ac54   0x0800ac54   0x000001f4   Code   RO         5389    i.led_work          led.o
    0x0800ae48   0x0800ae48   0x0000000a   Code   RO         8118    i.lowpass           math_support.o
    0x0800ae52   0x0800ae52   0x00000026   Code   RO         6531    i.lsb_to_dps        bmi.o
    0x0800ae78   0x0800ae78   0x00000034   Code   RO         6532    i.lsb_to_mps2       bmi.o
    0x0800aeac   0x0800aeac   0x0000016c   Code   RO           25    i.main              main.o
    0x0800b018   0x0800b018   0x0000000c   Code   RO         4120    i.makeFreeRtosPriority  cmsis_os.o
    0x0800b024   0x0800b024   0x00000024   Code   RO         7973    i.micros            drv_haltick.o
    0x0800b048   0x0800b048   0x00000058   Code   RO         4635    i.module_init       drive.o
    0x0800b0a0   0x0800b0a0   0x0000000e   Code   RO         5537    i.motor_2006_info_init  2006_motor.o
    0x0800b0ae   0x0800b0ae   0x0000002c   Code   RO         5538    i.motor_2006_init   2006_motor.o
    0x0800b0da   0x0800b0da   0x00000002   PAD
    0x0800b0dc   0x0800b0dc   0x00000080   Code   RO         5539    i.motor_2006_speed_ctrl  2006_motor.o
    0x0800b15c   0x0800b15c   0x0000009c   Code   RO         5540    i.motor_2006_update  2006_motor.o
    0x0800b1f8   0x0800b1f8   0x0000004a   Code   RO         5452    i.motor_3508_angle_ctrl  3508_motor.o
    0x0800b242   0x0800b242   0x0000000e   Code   RO         5453    i.motor_3508_info_init  3508_motor.o
    0x0800b250   0x0800b250   0x0000002e   Code   RO         5454    i.motor_3508_init   3508_motor.o
    0x0800b27e   0x0800b27e   0x00000002   PAD
    0x0800b280   0x0800b280   0x00000080   Code   RO         5455    i.motor_3508_speed_ctrl  3508_motor.o
    0x0800b300   0x0800b300   0x000000a0   Code   RO         5456    i.motor_3508_update  3508_motor.o
    0x0800b3a0   0x0800b3a0   0x0000000e   Code   RO         5500    i.motor_6020_info_init  6020_motor.o
    0x0800b3ae   0x0800b3ae   0x0000003e   Code   RO         5501    i.motor_6020_init   6020_motor.o
    0x0800b3ec   0x0800b3ec   0x000000a0   Code   RO         5502    i.motor_6020_update  6020_motor.o
    0x0800b48c   0x0800b48c   0x00000072   Code   RO         5992    i.motor_chassis_update  chassis.o
    0x0800b4fe   0x0800b4fe   0x000000f4   Code   RO         5993    i.motor_speed_limit  chassis.o
    0x0800b5f2   0x0800b5f2   0x00000018   Code   RO         6736    i.null_ptr_check    bmi2.o
    0x0800b60a   0x0800b60a   0x0000000e   Code   RO         4122    i.osDelay           cmsis_os.o
    0x0800b618   0x0800b618   0x0000000a   Code   RO         4125    i.osKernelStart     cmsis_os.o
    0x0800b622   0x0800b622   0x00000054   Code   RO         4159    i.osThreadCreate    cmsis_os.o
    0x0800b676   0x0800b676   0x00000002   PAD
    0x0800b678   0x0800b678   0x00000040   Code   RO         5065    i.pid_init          pid.o
    0x0800b6b8   0x0800b6b8   0x00000070   Code   RO         3802    i.prvAddCurrentTaskToDelayedList  tasks.o
    0x0800b728   0x0800b728   0x000000d0   Code   RO         3803    i.prvAddNewTaskToReadyList  tasks.o
    0x0800b7f8   0x0800b7f8   0x00000034   Code   RO         3804    i.prvDeleteTCB      tasks.o
    0x0800b82c   0x0800b82c   0x0000004c   Code   RO         4487    i.prvHeapInit       heap_4.o
    0x0800b878   0x0800b878   0x00000060   Code   RO         3805    i.prvIdleTask       tasks.o
    0x0800b8d8   0x0800b8d8   0x00000098   Code   RO         3806    i.prvInitialiseNewTask  tasks.o
    0x0800b970   0x0800b970   0x0000004c   Code   RO         4488    i.prvInsertBlockIntoFreeList  heap_4.o
    0x0800b9bc   0x0800b9bc   0x00000020   Code   RO         3807    i.prvResetNextTaskUnblockTime  tasks.o
    0x0800b9dc   0x0800b9dc   0x00000028   Code   RO         4556    i.prvTaskExitError  port.o
    0x0800ba04   0x0800ba04   0x000000dc   Code   RO         4489    i.pvPortMalloc      heap_4.o
    0x0800bae0   0x0800bae0   0x0000002c   Code   RO         4557    i.pxPortInitialiseStack  port.o
    0x0800bb0c   0x0800bb0c   0x000000a6   Code   RO         4903    i.rc_base_info_check  remote_potocol.o
    0x0800bbb2   0x0800bbb2   0x0000001c   Code   RO         5226    i.rc_base_info_init  remote.o
    0x0800bbce   0x0800bbce   0x00000124   Code   RO         4904    i.rc_base_info_update  remote_potocol.o
    0x0800bcf2   0x0800bcf2   0x00000002   PAD
    0x0800bcf4   0x0800bcf4   0x0000006c   Code   RO         5227    i.rc_ctrl           remote.o
    0x0800bd60   0x0800bd60   0x0000000a   Code   RO         5228    i.rc_info_init      remote.o
    0x0800bd6a   0x0800bd6a   0x00000002   PAD
    0x0800bd6c   0x0800bd6c   0x0000001c   Code   RO         5229    i.rc_init           remote.o
    0x0800bd88   0x0800bd88   0x000000c0   Code   RO         5231    i.rc_interrupt_update  remote.o
    0x0800be48   0x0800be48   0x00000058   Code   RO         5232    i.rc_switch_status_interrupt_update  remote.o
    0x0800bea0   0x0800bea0   0x00000016   Code   RO         5233    i.rc_tick_task      remote.o
    0x0800beb6   0x0800beb6   0x00000034   Code   RO         5234    i.rc_wheel_status_interrupt_update  remote.o
    0x0800beea   0x0800beea   0x00000020   Code   RO         5235    i.remote_soft_reset_check  remote.o
    0x0800bf0a   0x0800bf0a   0x0000014e   Code   RO         6750    i.select_sensor     bmi2.o
    0x0800c058   0x0800c058   0x000003c4   Code   RO         6753    i.sensor_enable     bmi2.o
    0x0800c41c   0x0800c41c   0x00000098   Code   RO         6754    i.set_accel_config  bmi2.o
    0x0800c4b4   0x0800c4b4   0x00000056   Code   RO         6756    i.set_act_recog     bmi2.o
    0x0800c50a   0x0800c50a   0x0000005a   Code   RO         6757    i.set_any_motion    bmi2.o
    0x0800c564   0x0800c564   0x000000c6   Code   RO         6758    i.set_any_motion_config  bmi2.o
    0x0800c62a   0x0800c62a   0x00000090   Code   RO         6759    i.set_aux_config    bmi2.o
    0x0800c6ba   0x0800c6ba   0x00000036   Code   RO         6760    i.set_config_load   bmi2.o
    0x0800c6f0   0x0800c6f0   0x00000056   Code   RO         6761    i.set_double_tap    bmi2.o
    0x0800c746   0x0800c746   0x00000056   Code   RO         6762    i.set_ext_sens_sync  bmi2.o
    0x0800c79c   0x0800c79c   0x0000008e   Code   RO         6763    i.set_ext_sens_sync_config  bmi2.o
    0x0800c82a   0x0800c82a   0x00000002   PAD
    0x0800c82c   0x0800c82c   0x00000068   Code   RO         6764    i.set_feat_accel_self_test  bmi2.o
    0x0800c894   0x0800c894   0x00000056   Code   RO         6765    i.set_flat          bmi2.o
    0x0800c8ea   0x0800c8ea   0x000000bc   Code   RO         6766    i.set_flat_config   bmi2.o
    0x0800c9a6   0x0800c9a6   0x00000056   Code   RO         6767    i.set_free_fall_det  bmi2.o
    0x0800c9fc   0x0800c9fc   0x000000a8   Code   RO         6768    i.set_free_fall_det_config  bmi2.o
    0x0800caa4   0x0800caa4   0x0000008e   Code   RO         6769    i.set_glance_detect_config  bmi2.o
    0x0800cb32   0x0800cb32   0x00000056   Code   RO         6770    i.set_glance_detector  bmi2.o
    0x0800cb88   0x0800cb88   0x000000ac   Code   RO         6771    i.set_gyro_config   bmi2.o
    0x0800cc34   0x0800cc34   0x00000056   Code   RO         6772    i.set_gyro_self_offset_corr  bmi2.o
    0x0800cc8a   0x0800cc8a   0x0000005a   Code   RO         6773    i.set_gyro_user_gain  bmi2.o
    0x0800cce4   0x0800cce4   0x000000a2   Code   RO         6774    i.set_gyro_user_gain_config  bmi2.o
    0x0800cd86   0x0800cd86   0x0000005a   Code   RO         6775    i.set_high_g        bmi2.o
    0x0800cde0   0x0800cde0   0x000000da   Code   RO         6776    i.set_high_g_config  bmi2.o
    0x0800ceba   0x0800ceba   0x0000005a   Code   RO         6778    i.set_low_g         bmi2.o
    0x0800cf14   0x0800cf14   0x000000ba   Code   RO         6779    i.set_low_g_config  bmi2.o
    0x0800cfce   0x0800cfce   0x0000005a   Code   RO         6781    i.set_no_motion     bmi2.o
    0x0800d028   0x0800d028   0x000000c6   Code   RO         6782    i.set_no_motion_config  bmi2.o
    0x0800d0ee   0x0800d0ee   0x000000c6   Code   RO         6784    i.set_orient_config  bmi2.o
    0x0800d1b4   0x0800d1b4   0x00000056   Code   RO         6785    i.set_orientation   bmi2.o
    0x0800d20a   0x0800d20a   0x0000009e   Code   RO         6786    i.set_primary_ois_config  bmi2.o
    0x0800d2a8   0x0800d2a8   0x0000005a   Code   RO         6788    i.set_sig_motion    bmi2.o
    0x0800d302   0x0800d302   0x000000be   Code   RO         6789    i.set_sig_motion_config  bmi2.o
    0x0800d3c0   0x0800d3c0   0x00000056   Code   RO         6790    i.set_single_tap    bmi2.o
    0x0800d416   0x0800d416   0x0000005a   Code   RO         6791    i.set_step_activity  bmi2.o
    0x0800d470   0x0800d470   0x000000c0   Code   RO         6792    i.set_step_config   bmi2.o
    0x0800d530   0x0800d530   0x000000d4   Code   RO         6793    i.set_step_count_params_config  bmi2.o
    0x0800d604   0x0800d604   0x0000005a   Code   RO         6794    i.set_step_counter  bmi2.o
    0x0800d65e   0x0800d65e   0x0000005a   Code   RO         6795    i.set_step_detector  bmi2.o
    0x0800d6b8   0x0800d6b8   0x00000056   Code   RO         6796    i.set_tilt          bmi2.o
    0x0800d70e   0x0800d70e   0x0000008e   Code   RO         6797    i.set_tilt_config   bmi2.o
    0x0800d79c   0x0800d79c   0x00000056   Code   RO         6798    i.set_triple_tap    bmi2.o
    0x0800d7f2   0x0800d7f2   0x00000056   Code   RO         6799    i.set_up_hold_to_wake  bmi2.o
    0x0800d848   0x0800d848   0x0000008e   Code   RO         6800    i.set_up_hold_to_wake_config  bmi2.o
    0x0800d8d6   0x0800d8d6   0x00000056   Code   RO         6801    i.set_wake_up       bmi2.o
    0x0800d92c   0x0800d92c   0x000000bc   Code   RO         6802    i.set_wake_up_config  bmi2.o
    0x0800d9e8   0x0800d9e8   0x000000b6   Code   RO         6803    i.set_wrist_gest_config  bmi2.o
    0x0800da9e   0x0800da9e   0x000000c8   Code   RO         6804    i.set_wrist_gest_w_config  bmi2.o
    0x0800db66   0x0800db66   0x00000056   Code   RO         6805    i.set_wrist_gesture  bmi2.o
    0x0800dbbc   0x0800dbbc   0x00000056   Code   RO         6806    i.set_wrist_gesture_wh  bmi2.o
    0x0800dc12   0x0800dc12   0x00000056   Code   RO         6807    i.set_wrist_wear_wake_up  bmi2.o
    0x0800dc68   0x0800dc68   0x000000c8   Code   RO         6808    i.set_wrist_wear_wake_up_config  bmi2.o
    0x0800dd30   0x0800dd30   0x00000056   Code   RO         6809    i.set_wrist_wear_wake_up_wh  bmi2.o
    0x0800dd86   0x0800dd86   0x000000fa   Code   RO         6810    i.set_wrist_wear_wake_up_wh_config  bmi2.o
    0x0800de80   0x0800de80   0x000000d4   Code   RO         5066    i.single_pid_cal    pid.o
    0x0800df54   0x0800df54   0x0000006e   Code   RO         8609    i.sqrt              m_wm.l(sqrt.o)
    0x0800dfc2   0x0800dfc2   0x00000012   Code   RO         8171    i.timer_cycle       timer.o
    0x0800dfd4   0x0800dfd4   0x00000030   Code   RO         8172    i.timer_end         timer.o
    0x0800e004   0x0800e004   0x00000008   Code   RO         8218    i.tracking_differentiator_reset  tracking_differentiator.o
    0x0800e00c   0x0800e00c   0x00000070   Code   RO         8219    i.tracking_differentiator_update  tracking_differentiator.o
    0x0800e07c   0x0800e07c   0x000000f0   Code   RO         4827    i.uart_rx_idle_callback  drv_uart.o
    0x0800e16c   0x0800e16c   0x00000040   Code   RO         6822    i.upload_file       bmi2.o
    0x0800e1ac   0x0800e1ac   0x00000004   Code   RO         7732    i.user_delay_us     bmi2_common.o
    0x0800e1b0   0x0800e1b0   0x00000024   Code   RO         7733    i.user_i2c_reg_read  bmi2_common.o
    0x0800e1d4   0x0800e1d4   0x0000004c   Code   RO         7734    i.user_i2c_reg_write  bmi2_common.o
    0x0800e220   0x0800e220   0x00000026   Code   RO         3438    i.uxListRemove      list.o
    0x0800e246   0x0800e246   0x00000002   PAD
    0x0800e248   0x0800e248   0x00000014   Code   RO          286    i.vApplicationGetIdleTaskMemory  freertos.o
    0x0800e25c   0x0800e25c   0x00000016   Code   RO         3439    i.vListInitialise   list.o
    0x0800e272   0x0800e272   0x00000006   Code   RO         3440    i.vListInitialiseItem  list.o
    0x0800e278   0x0800e278   0x00000030   Code   RO         3441    i.vListInsert       list.o
    0x0800e2a8   0x0800e2a8   0x00000018   Code   RO         3442    i.vListInsertEnd    list.o
    0x0800e2c0   0x0800e2c0   0x00000040   Code   RO         4559    i.vPortEnterCritical  port.o
    0x0800e300   0x0800e300   0x00000028   Code   RO         4560    i.vPortExitCritical  port.o
    0x0800e328   0x0800e328   0x00000064   Code   RO         4490    i.vPortFree         heap_4.o
    0x0800e38c   0x0800e38c   0x00000024   Code   RO         4561    i.vPortSetupTimerInterrupt  port.o
    0x0800e3b0   0x0800e3b0   0x0000004c   Code   RO         3816    i.vTaskDelay        tasks.o
    0x0800e3fc   0x0800e3fc   0x0000006c   Code   RO         3829    i.vTaskStartScheduler  tasks.o
    0x0800e468   0x0800e468   0x00000010   Code   RO         3831    i.vTaskSuspendAll   tasks.o
    0x0800e478   0x0800e478   0x0000005c   Code   RO         3832    i.vTaskSwitchContext  tasks.o
    0x0800e4d4   0x0800e4d4   0x00000014   Code   RO         8401    i.vector_init       vector.o
    0x0800e4e8   0x0800e4e8   0x00000022   Code   RO         8402    i.vector_update     vector.o
    0x0800e50a   0x0800e50a   0x00000008   Code   RO         6359    i.vision_base_info_init  vision.o
    0x0800e512   0x0800e512   0x00000008   Code   RO         6360    i.vision_info_init  vision.o
    0x0800e51a   0x0800e51a   0x00000018   Code   RO         6361    i.vision_init       vision.o
    0x0800e532   0x0800e532   0x00000002   PAD
    0x0800e534   0x0800e534   0x0000006c   Code   RO         6363    i.vision_recieve    vision.o
    0x0800e5a0   0x0800e5a0   0x00000038   Code   RO         4939    i.vision_recieve_data  vision_potocol.o
    0x0800e5d8   0x0800e5d8   0x00000028   Code   RO         6364    i.vision_send       vision.o
    0x0800e600   0x0800e600   0x0000003c   Code   RO         4940    i.vision_send_data  vision_potocol.o
    0x0800e63c   0x0800e63c   0x0000001c   Code   RO         6365    i.vision_tick_task  vision.o
    0x0800e658   0x0800e658   0x000000e4   Code   RO         6828    i.write_config_file  bmi2.o
    0x0800e73c   0x0800e73c   0x000000f4   Code   RO         4563    i.xPortStartScheduler  port.o
    0x0800e830   0x0800e830   0x0000005a   Code   RO         3835    i.xTaskCreate       tasks.o
    0x0800e88a   0x0800e88a   0x00000056   Code   RO         3836    i.xTaskCreateStatic  tasks.o
    0x0800e8e0   0x0800e8e0   0x000000cc   Code   RO         3843    i.xTaskIncrementTick  tasks.o
    0x0800e9ac   0x0800e9ac   0x000000c4   Code   RO         3849    i.xTaskResumeAll    tasks.o
    0x0800ea70   0x0800ea70   0x00000018   Code   RO         8700    x$fpl$basic         fz_wm.l(basic.o)
    0x0800ea88   0x0800ea88   0x00000062   Code   RO         8513    x$fpl$d2f           fz_wm.l(d2f.o)
    0x0800eaea   0x0800eaea   0x00000002   PAD
    0x0800eaec   0x0800eaec   0x00000150   Code   RO         8515    x$fpl$dadd          fz_wm.l(daddsub_clz.o)
    0x0800ec3c   0x0800ec3c   0x00000010   Code   RO         8814    x$fpl$dcheck1       fz_wm.l(dcheck1.o)
    0x0800ec4c   0x0800ec4c   0x00000018   Code   RO         8702    x$fpl$dcmpinf       fz_wm.l(dcmpi.o)
    0x0800ec64   0x0800ec64   0x000002b0   Code   RO         8522    x$fpl$ddiv          fz_wm.l(ddiv.o)
    0x0800ef14   0x0800ef14   0x0000005e   Code   RO         8525    x$fpl$dfix          fz_wm.l(dfix.o)
    0x0800ef72   0x0800ef72   0x0000002e   Code   RO         8530    x$fpl$dflt          fz_wm.l(dflt_clz.o)
    0x0800efa0   0x0800efa0   0x00000026   Code   RO         8529    x$fpl$dfltu         fz_wm.l(dflt_clz.o)
    0x0800efc6   0x0800efc6   0x00000002   PAD
    0x0800efc8   0x0800efc8   0x00000078   Code   RO         8535    x$fpl$dleqf         fz_wm.l(dleqf.o)
    0x0800f040   0x0800f040   0x00000154   Code   RO         8537    x$fpl$dmul          fz_wm.l(dmul.o)
    0x0800f194   0x0800f194   0x0000009c   Code   RO         8704    x$fpl$dnaninf       fz_wm.l(dnaninf.o)
    0x0800f230   0x0800f230   0x0000000c   Code   RO         8706    x$fpl$dretinf       fz_wm.l(dretinf.o)
    0x0800f23c   0x0800f23c   0x0000006c   Code   RO         8539    x$fpl$drleqf        fz_wm.l(drleqf.o)
    0x0800f2a8   0x0800f2a8   0x00000016   Code   RO         8516    x$fpl$drsb          fz_wm.l(daddsub_clz.o)
    0x0800f2be   0x0800f2be   0x00000002   PAD
    0x0800f2c0   0x0800f2c0   0x00000198   Code   RO         8708    x$fpl$dsqrt         fz_wm.l(dsqrt_umaal.o)
    0x0800f458   0x0800f458   0x000001d4   Code   RO         8517    x$fpl$dsub          fz_wm.l(daddsub_clz.o)
    0x0800f62c   0x0800f62c   0x00000056   Code   RO         8541    x$fpl$f2d           fz_wm.l(f2d.o)
    0x0800f682   0x0800f682   0x0000008c   Code   RO         8710    x$fpl$fnaninf       fz_wm.l(fnaninf.o)
    0x0800f70e   0x0800f70e   0x0000000a   Code   RO         8816    x$fpl$fpinit        fz_wm.l(fpinit.o)
    0x0800f718   0x0800f718   0x0000000a   Code   RO         8712    x$fpl$fretinf       fz_wm.l(fretinf.o)
    0x0800f722   0x0800f722   0x00000064   Code   RO         8847    x$fpl$retnan        fz_wm.l(retnan.o)
    0x0800f786   0x0800f786   0x0000005c   Code   RO         8714    x$fpl$scalbn        fz_wm.l(scalbn.o)
    0x0800f7e2   0x0800f7e2   0x00000030   Code   RO         8879    x$fpl$trapveneer    fz_wm.l(trapv.o)
    0x0800f812   0x0800f812   0x00000000   Code   RO         8716    x$fpl$usenofp       fz_wm.l(usenofp.o)
    0x0800f812   0x0800f812   0x00000002   PAD
    0x0800f814   0x0800f814   0x00000070   Data   RO           36    .constdata          main.o
    0x0800f884   0x0800f884   0x00000008   Data   RO         1281    .constdata          stm32f4xx_hal_dma.o
    0x0800f88c   0x0800f88c   0x00000010   Data   RO         3301    .constdata          system_stm32f4xx.o
    0x0800f89c   0x0800f89c   0x00000008   Data   RO         3302    .constdata          system_stm32f4xx.o
    0x0800f8a4   0x0800f8a4   0x00000100   Data   RO         4987    .constdata          crc8.o
    0x0800f9a4   0x0800f9a4   0x00000200   Data   RO         5026    .constdata          crc16.o
    0x0800fba4   0x0800fba4   0x00000006   Data   RO         6830    .constdata          bmi2.o
    0x0800fbaa   0x0800fbaa   0x00002045   Data   RO         7883    .constdata          bmi270.o
    0x08011bef   0x08011bef   0x00000001   PAD
    0x08011bf0   0x08011bf0   0x00000050   Data   RO         8546    .constdata          m_wm.l(asin.o)
    0x08011c40   0x08011c40   0x00000088   Data   RO         8584    .constdata          m_wm.l(pow.o)
    0x08011cc8   0x08011cc8   0x00000098   Data   RO         8720    .constdata          m_wm.l(atan.o)
    0x08011d60   0x08011d60   0x00000030   Data   RO         8732    .constdata          m_wm.l(cos_i.o)
    0x08011d90   0x08011d90   0x00000008   Data   RO         8758    .constdata          m_wm.l(qnan.o)
    0x08011d98   0x08011d98   0x000000c8   Data   RO         8761    .constdata          m_wm.l(rred.o)
    0x08011e60   0x08011e60   0x00000028   Data   RO         8765    .constdata          m_wm.l(sin_i.o)
    0x08011e88   0x08011e88   0x00000038   Data   RO           37    .conststring        main.o
    0x08011ec0   0x08011ec0   0x00000020   Data   RO         8909    Region$$Table       anon$$obj.o


    Execution Region RW_IRAM2 (Exec base: 0x10000000, Load base: 0x08012190, Size: 0x00000000, Max: 0x00010000, ABSOLUTE)

    **** No section assigned to this execution region ****


    Execution Region RW_IRAM1 (Exec base: 0x20000000, Load base: 0x08011ee0, Size: 0x00005f40, Max: 0x00020000, ABSOLUTE, COMPRESSED[0x000002b0])

    Exec Addr    Load Addr    Size         Type   Attr      Idx    E Section Name        Object

    0x20000000   COMPRESSED   0x00000010   Data   RW           38    .data               main.o
    0x20000010   COMPRESSED   0x00000004   Data   RW          488    .data               stm32f4xx_hal_msp.o
    0x20000014   COMPRESSED   0x0000000c   Data   RW         1708    .data               stm32f4xx_hal.o
    0x20000020   COMPRESSED   0x00000004   Data   RW         3303    .data               system_stm32f4xx.o
    0x20000024   COMPRESSED   0x0000003c   Data   RW         3852    .data               tasks.o
    0x20000060   COMPRESSED   0x00000020   Data   RW         4496    .data               heap_4.o
    0x20000080   COMPRESSED   0x0000000c   Data   RW         4564    .data               port.o
    0x2000008c   COMPRESSED   0x00000020   Data   RW         4753    .data               drv_can.o
    0x200000ac   COMPRESSED   0x00000008   Data   RW         4754    .data               drv_can.o
    0x200000b4   COMPRESSED   0x00000008   Data   RW         4755    .data               drv_can.o
    0x200000bc   COMPRESSED   0x00000008   Data   RW         4756    .data               drv_can.o
    0x200000c4   COMPRESSED   0x00000008   Data   RW         4757    .data               drv_can.o
    0x200000cc   COMPRESSED   0x00000008   Data   RW         4758    .data               drv_can.o
    0x200000d4   COMPRESSED   0x00000008   Data   RW         4759    .data               drv_can.o
    0x200000dc   COMPRESSED   0x0000000e   Data   RW         4942    .data               vision_potocol.o
    0x200000ea   COMPRESSED   0x00000002   Data   RW         5027    .data               crc16.o
    0x200000ec   COMPRESSED   0x00000010   Data   RW         5067    .data               pid.o
    0x200000fc   COMPRESSED   0x00000004   Data   RW         5068    .data               pid.o
    0x20000100   COMPRESSED   0x00000004   Data   RW         5069    .data               pid.o
    0x20000104   COMPRESSED   0x00000004   Data   RW         5070    .data               pid.o
    0x20000108   COMPRESSED   0x00000004   Data   RW         5071    .data               pid.o
    0x2000010c   COMPRESSED   0x00000004   Data   RW         5072    .data               pid.o
    0x20000110   COMPRESSED   0x00000004   Data   RW         5073    .data               pid.o
    0x20000114   COMPRESSED   0x00000004   Data   RW         5074    .data               pid.o
    0x20000118   COMPRESSED   0x00000004   Data   RW         5075    .data               pid.o
    0x2000011c   COMPRESSED   0x00000004   Data   RW         5076    .data               pid.o
    0x20000120   COMPRESSED   0x00000004   Data   RW         5077    .data               pid.o
    0x20000124   COMPRESSED   0x00000004   Data   RW         5078    .data               pid.o
    0x20000128   COMPRESSED   0x00000004   Data   RW         5079    .data               pid.o
    0x2000012c   COMPRESSED   0x00000004   Data   RW         5080    .data               pid.o
    0x20000130   COMPRESSED   0x00000080   Data   RW         5130    .data               chassis_motor.o
    0x200001b0   COMPRESSED   0x00000024   Data   RW         5157    .data               gimbal_motor.o
    0x200001d4   COMPRESSED   0x00000024   Data   RW         5158    .data               gimbal_motor.o
    0x200001f8   COMPRESSED   0x00000008   Data   RW         5159    .data               gimbal_motor.o
    0x20000200   COMPRESSED   0x00000008   Data   RW         5160    .data               gimbal_motor.o
    0x20000208   COMPRESSED   0x00000020   Data   RW         5189    .data               launcher_motor.o
    0x20000228   COMPRESSED   0x00000020   Data   RW         5190    .data               launcher_motor.o
    0x20000248   COMPRESSED   0x00000020   Data   RW         5191    .data               launcher_motor.o
    0x20000268   COMPRESSED   0x00000020   Data   RW         5192    .data               launcher_motor.o
    0x20000288   COMPRESSED   0x00000008   Data   RW         5193    .data               launcher_motor.o
    0x20000290   COMPRESSED   0x00000008   Data   RW         5194    .data               launcher_motor.o
    0x20000298   COMPRESSED   0x00000008   Data   RW         5195    .data               launcher_motor.o
    0x200002a0   COMPRESSED   0x00000008   Data   RW         5196    .data               launcher_motor.o
    0x200002a8   COMPRESSED   0x00000004   Data   RW         5239    .data               remote.o
    0x200002ac   COMPRESSED   0x00000008   Data   RW         5240    .data               remote.o
    0x200002b4   COMPRESSED   0x00000001   Data   RW         5340    .data               imu.o
    0x200002b5   COMPRESSED   0x00000003   PAD
    0x200002b8   COMPRESSED   0x00000014   Data   RW         5341    .data               imu.o
    0x200002cc   COMPRESSED   0x0000000c   Data   RW         5342    .data               imu.o
    0x200002d8   COMPRESSED   0x00000002   Data   RW         5343    .data               imu.o
    0x200002da   COMPRESSED   0x00000008   Data   RW         5425    .data               cap.o
    0x200002e2   COMPRESSED   0x00000002   PAD
    0x200002e4   COMPRESSED   0x00000100   Data   RW         5666    .data               config_pid.o
    0x200003e4   COMPRESSED   0x00000040   Data   RW         5667    .data               config_pid.o
    0x20000424   COMPRESSED   0x00000040   Data   RW         5668    .data               config_pid.o
    0x20000464   COMPRESSED   0x00000040   Data   RW         5669    .data               config_pid.o
    0x200004a4   COMPRESSED   0x00000040   Data   RW         5670    .data               config_pid.o
    0x200004e4   COMPRESSED   0x00000040   Data   RW         5671    .data               config_pid.o
    0x20000524   COMPRESSED   0x00000040   Data   RW         5672    .data               config_pid.o
    0x20000564   COMPRESSED   0x00000040   Data   RW         5673    .data               config_pid.o
    0x200005a4   COMPRESSED   0x00000040   Data   RW         5674    .data               config_pid.o
    0x200005e4   COMPRESSED   0x00000040   Data   RW         5675    .data               config_pid.o
    0x20000624   COMPRESSED   0x00000040   Data   RW         5676    .data               config_pid.o
    0x20000664   COMPRESSED   0x00000040   Data   RW         5677    .data               config_pid.o
    0x200006a4   COMPRESSED   0x00000040   Data   RW         5678    .data               config_pid.o
    0x200006e4   COMPRESSED   0x00000040   Data   RW         5679    .data               config_pid.o
    0x20000724   COMPRESSED   0x00000014   Data   RW         5697    .data               config_tracking_differentiator.o
    0x20000738   COMPRESSED   0x00000014   Data   RW         5698    .data               config_tracking_differentiator.o
    0x2000074c   COMPRESSED   0x00000002   Data   RW         5753    .data               task.o
    0x2000074e   COMPRESSED   0x00000001   Data   RW         5823    .data               car.o
    0x2000074f   COMPRESSED   0x00000001   PAD
    0x20000750   COMPRESSED   0x00000008   Data   RW         5824    .data               car.o
    0x20000758   COMPRESSED   0x0000001c   Data   RW         5825    .data               car.o
    0x20000774   COMPRESSED   0x00000010   Data   RW         5995    .data               chassis.o
    0x20000784   COMPRESSED   0x0000000c   Data   RW         5996    .data               chassis.o
    0x20000790   COMPRESSED   0x00000008   Data   RW         5997    .data               chassis.o
    0x20000798   COMPRESSED   0x00000008   Data   RW         6108    .data               gimbal.o
    0x200007a0   COMPRESSED   0x00000008   Data   RW         6109    .data               gimbal.o
    0x200007a8   COMPRESSED   0x00000010   Data   RW         6110    .data               gimbal.o
    0x200007b8   COMPRESSED   0x0000003c   Data   RW         6263    .data               launcher.o
    0x200007f4   COMPRESSED   0x0000000c   Data   RW         6264    .data               launcher.o
    0x20000800   COMPRESSED   0x0000001c   Data   RW         6265    .data               launcher.o
    0x2000081c   COMPRESSED   0x00000002   Data   RW         6266    .data               launcher.o
    0x2000081e   COMPRESSED   0x00000002   PAD
    0x20000820   COMPRESSED   0x00000038   Data   RW         6369    .data               vision.o
    0x20000858   COMPRESSED   0x0000001c   Data   RW         6370    .data               vision.o
    0x20000874   COMPRESSED   0x00000008   Data   RW         6371    .data               vision.o
    0x2000087c   COMPRESSED   0x00000002   Data   RW         6432    .data               judge.o
    0x2000087e   COMPRESSED   0x00000006   Data   RW         6433    .data               judge.o
    0x20000884   COMPRESSED   0x0000000c   Data   RW         6434    .data               judge.o
    0x20000890   COMPRESSED   0x00000010   Data   RW         6435    .data               judge.o
    0x200008a0   COMPRESSED   0x00000004   Data   RW         6480    .data               debug.o
    0x200008a4   COMPRESSED   0x00000098   Data   RW         6535    .data               bmi.o
    0x2000093c   COMPRESSED   0x00000002   Data   RW         7737    .data               bmi2_common.o
    0x2000093e   COMPRESSED   0x00000002   PAD
    0x20000940   COMPRESSED   0x00000004   Data   RW         7974    .data               drv_haltick.o
    0x20000944        -       0x000001b0   Zero   RW           26    .bss                main.o
    0x20000af4        -       0x00000060   Zero   RW           27    .bss                main.o
    0x20000b54        -       0x00000060   Zero   RW           28    .bss                main.o
    0x20000bb4        -       0x00000060   Zero   RW           29    .bss                main.o
    0x20000c14        -       0x00000060   Zero   RW           30    .bss                main.o
    0x20000c74        -       0x00000060   Zero   RW           31    .bss                main.o
    0x20000cd4        -       0x00000060   Zero   RW           32    .bss                main.o
    0x20000d34        -       0x00000060   Zero   RW           33    .bss                main.o
    0x20000d94        -       0x00000060   Zero   RW           34    .bss                main.o
    0x20000df4        -       0x00000060   Zero   RW           35    .bss                main.o
    0x20000e54        -       0x00000254   Zero   RW          287    .bss                freertos.o
    0x200010a8        -       0x00000048   Zero   RW          537    .bss                stm32f4xx_hal_timebase_tim.o
    0x200010f0        -       0x000000f0   Zero   RW         3851    .bss                tasks.o
    0x200011e0        -       0x00003c00   Zero   RW         4495    .bss                heap_4.o
    0x20004de0        -       0x00000044   Zero   RW         4752    .bss                drv_can.o
    0x20004e24        -       0x000003e6   Zero   RW         4828    .bss                drv_uart.o
    0x2000520a        -       0x00000031   Zero   RW         4941    .bss                vision_potocol.o
    0x2000523b   COMPRESSED   0x00000001   PAD
    0x2000523c        -       0x00000040   Zero   RW         5128    .bss                chassis_motor.o
    0x2000527c        -       0x00000020   Zero   RW         5129    .bss                chassis_motor.o
    0x2000529c        -       0x00000010   Zero   RW         5155    .bss                gimbal_motor.o
    0x200052ac        -       0x00000010   Zero   RW         5156    .bss                gimbal_motor.o
    0x200052bc        -       0x00000010   Zero   RW         5185    .bss                launcher_motor.o
    0x200052cc        -       0x00000010   Zero   RW         5186    .bss                launcher_motor.o
    0x200052dc        -       0x00000010   Zero   RW         5187    .bss                launcher_motor.o
    0x200052ec        -       0x0000000c   Zero   RW         5188    .bss                launcher_motor.o
    0x200052f8        -       0x00000028   Zero   RW         5236    .bss                remote.o
    0x20005320        -       0x00000086   Zero   RW         5237    .bss                remote.o
    0x200053a6   COMPRESSED   0x00000002   PAD
    0x200053a8        -       0x00000014   Zero   RW         5238    .bss                remote.o
    0x200053bc        -       0x00000064   Zero   RW         5338    .bss                imu.o
    0x20005420        -       0x0000018c   Zero   RW         5339    .bss                imu.o
    0x200055ac        -       0x00000028   Zero   RW         5390    .bss                led.o
    0x200055d4        -       0x00000016   Zero   RW         5994    .bss                chassis.o
    0x200055ea   COMPRESSED   0x00000002   PAD
    0x200055ec        -       0x00000038   Zero   RW         6106    .bss                gimbal.o
    0x20005624        -       0x00000198   Zero   RW         6107    .bss                gimbal.o
    0x200057bc        -       0x0000000a   Zero   RW         6262    .bss                launcher.o
    0x200057c6   COMPRESSED   0x00000002   PAD
    0x200057c8        -       0x0000003c   Zero   RW         6366    .bss                vision.o
    0x20005804        -       0x00000044   Zero   RW         6367    .bss                vision.o
    0x20005848        -       0x00000018   Zero   RW         6368    .bss                vision.o
    0x20005860        -       0x00000018   Zero   RW         6431    .bss                judge.o
    0x20005878        -       0x00000068   Zero   RW         6534    .bss                bmi.o
    0x200058e0        -       0x00000060   Zero   RW         8773    .bss                c_w.l(libspace.o)
    0x20005940        -       0x00000200   Zero   RW            2    HEAP                startup_stm32f407xx.o
    0x20005b40        -       0x00000400   Zero   RW            1    STACK               startup_stm32f407xx.o


==============================================================================

Image component sizes


      Code (inc. data)   RO Data    RW Data    ZI Data      Debug   Object Name

       342         16          0          0          0       3361   2006_motor.o
       422         16          0          0          0       3969   3508_motor.o
       236          0          0          0          0       2661   6020_motor.o
       180          6          0          0          0       1812   ave_filter.o
      2062         56          0        152        104       7888   bmi.o
     15630        116          6          0          0     115794   bmi2.o
       120         10       8261          0          0       1642   bmi270.o
       354         30          0          2          0       5586   bmi2_common.o
        24          8          0          8          0       1099   cap.o
      1198        234          0         37          0      18865   car.o
      3898        156          0         36         22      12520   chassis.o
         0          0          0        128         96        957   chassis_motor.o
       120          0          0          0          0      23473   cmsis_os.o
       352         26          0          0          0       2112   config_can.o
         0          0          0       1088          0       1658   config_pid.o
         0          0          0         40          0        471   config_tracking_differentiator.o
        42          4          0          0          0       3219   config_uart.o
       144         16        512          2          0       2902   crc16.o
       106          6        256          0          0       2762   crc8.o
       132         14          0          4          0       2031   debug.o
       126         34          0          0          0       9262   drive.o
       354         44          0         80         68       5090   drv_can.o
        60          6          0          4          0       1792   drv_haltick.o
      1262        104          0          0        998       8176   drv_uart.o
         0          0          0          0          0      16964   event_groups.o
        20          4          0          0        596       1300   freertos.o
      2804        322          0         32        464      16928   gimbal.o
         0          0          0         88         32        588   gimbal_motor.o
       472         24          0         32      15360       7551   heap_4.o
       668         30          0         35        496       4359   imu.o
       162         26          0         36         24       3629   judge.o
      1610        112          0        102         10      11126   launcher.o
         0          0          0        160         60        935   launcher_motor.o
       500         10          0          0         40       2773   led.o
       138          0          0          0          0       3662   list.o
      1302        104        168         16       1296     782322   main.o
        10          0          0          0          0        638   math_support.o
       276         10          0         68          0       3914   pid.o
       702         72          0         12          0      11208   port.o
      1042         22          0         12        194      10940   remote.o
       458          0          0          0          0       1739   remote_potocol.o
       544         62          0          0          0       4351   soft_iic.o
        64         26        392          0       1536        860   startup_stm32f407xx.o
       116         18          0         12          0       8858   stm32f4xx_hal.o
      1638          6          0          0          0      14659   stm32f4xx_hal_can.o
       194         24          0          0          0      33893   stm32f4xx_hal_cortex.o
      1084         16          8          0          0       7526   stm32f4xx_hal_dma.o
       506         46          0          0          0       2252   stm32f4xx_hal_gpio.o
       102          0          0          0          0       1947   stm32f4xx_hal_iwdg.o
      1360        116          0          4          0       4180   stm32f4xx_hal_msp.o
      1412         86          0          0          0       6037   stm32f4xx_hal_rcc.o
       786         72          0          0          0       7548   stm32f4xx_hal_tim.o
         4          0          0          0          0       1657   stm32f4xx_hal_tim_ex.o
       116         14          0          0         72       1479   stm32f4xx_hal_timebase_tim.o
      1596         30          0          0          0      12550   stm32f4xx_hal_uart.o
       276        102          0          0          0      11535   stm32f4xx_it.o
         0          0          0          0          0        384   stream_buffer.o
        16          4         24          4          0       1187   system_stm32f4xx.o
       216         58          0          2          0       1638   task.o
      1520        112          0         60        240      19814   tasks.o
        66          4          0          0          0       1534   timer.o
       500          0          0          0          0       3766   tracking_differentiator.o
        54          0          0          0          0       1538   vector.o
       216         12          0         92        152       7124   vision.o
       116         16          0         14         49       2879   vision_potocol.o

    ----------------------------------------------------------------------
     49910       2462       9660       2372      21916    1278874   Object Totals
         0          0         32          0          0          0   (incl. Generated)
        80          0          1         10          7          0   (incl. Padding)

    ----------------------------------------------------------------------

      Code (inc. data)   RO Data    RW Data    ZI Data      Debug   Library Member Name

        90          0          0          0          0          0   __dczerorl2.o
         8          0          0          0          0         68   __main.o
         0          0          0          0          0          0   __rtentry.o
        12          0          0          0          0          0   __rtentry2.o
         6          0          0          0          0          0   __rtentry4.o
        52          8          0          0          0          0   __scatter.o
        28          0          0          0          0          0   __scatter_zi.o
        22          0          0          0          0        100   _rserrno.o
        10          0          0          0          0         68   defsig_exit.o
        50          0          0          0          0         88   defsig_general.o
        80         58          0          0          0         76   defsig_rtmem_inner.o
        14          0          0          0          0         80   defsig_rtmem_outer.o
        18          0          0          0          0         80   exit.o
        94          0          0          0          0         80   h1_alloc.o
        52          0          0          0          0         68   h1_extend.o
        78          0          0          0          0         80   h1_free.o
        14          0          0          0          0         84   h1_init.o
         6          0          0          0          0        152   heapauxi.o
         4          0          0          0          0        136   hguard.o
         0          0          0          0          0          0   indicate_semi.o
       138          0          0          0          0        168   init_alloc.o
         2          0          0          0          0          0   libinit.o
        14          0          0          0          0          0   libinit2.o
         2          0          0          0          0          0   libshutdown.o
         2          0          0          0          0          0   libshutdown2.o
         8          4          0          0         96         68   libspace.o
       238          0          0          0          0        100   lludivv7m.o
         0          0          0          0          0          0   maybetermalloc1.o
         8          4          0          0          0         68   rt_errno_addr_intlibspace.o
         8          4          0          0          0         68   rt_heap_descriptor_intlibspace.o
        68          0          0          0          0         68   rt_memclr.o
        78          0          0          0          0         80   rt_memclr_w.o
       138          0          0          0          0         68   rt_memcpy_v6.o
       100          0          0          0          0         80   rt_memcpy_w.o
         2          0          0          0          0          0   rtexit.o
        10          0          0          0          0          0   rtexit2.o
        12          4          0          0          0         68   sys_exit.o
        74          0          0          0          0         80   sys_stackheap_outer.o
        14          0          0          0          0         76   sys_wrch.o
         2          0          0          0          0         68   use_no_semi.o
        24          0          0          0          0        164   basic.o
        98          4          0          0          0        140   d2f.o
       826         16          0          0          0        492   daddsub_clz.o
        16          4          0          0          0        116   dcheck1.o
        24          0          0          0          0        116   dcmpi.o
       688        140          0          0          0        256   ddiv.o
        94          4          0          0          0        140   dfix.o
        84          0          0          0          0        232   dflt_clz.o
       120          4          0          0          0        140   dleqf.o
       340         12          0          0          0        152   dmul.o
       156          4          0          0          0        140   dnaninf.o
        12          0          0          0          0        116   dretinf.o
       108          0          0          0          0        128   drleqf.o
       408         56          0          0          0        168   dsqrt_umaal.o
        86          4          0          0          0        132   f2d.o
       140          4          0          0          0        132   fnaninf.o
        10          0          0          0          0        116   fpinit.o
        10          0          0          0          0        116   fretinf.o
       100          0          0          0          0        116   retnan.o
        92          0          0          0          0        116   scalbn.o
        48          0          0          0          0        116   trapv.o
         0          0          0          0          0          0   usenofp.o
       864         94         80          0          0        280   asin.o
       744        106        152          0          0        352   atan.o
       496         64          0          0          0        192   atan2.o
       200         20          0          0          0        164   cos.o
       368         46         48          0          0        200   cos_i.o
       184         44          0          0          0        744   dunder.o
        24          0          0          0          0        124   fabs.o
        48          0          0          0          0        124   fpclassify.o
       248          0          0          0          0        152   poly.o
      3152        296        136          0          0        352   pow.o
         0          0          8          0          0          0   qnan.o
      1080        142        200          0          0        188   rred.o
       200         20          0          0          0        164   sin.o
       304         24         40          0          0        208   sin_i.o
       232          0          0          0          0        296   sqrt.o

    ----------------------------------------------------------------------
     13206       1190        664          0         96       9104   Library Totals
        22          0          0          0          0          0   (incl. Padding)

    ----------------------------------------------------------------------

      Code (inc. data)   RO Data    RW Data    ZI Data      Debug   Library Name

      1556         82          0          0         96       2220   c_w.l
      3484        252          0          0          0       3344   fz_wm.l
      8144        856        664          0          0       3540   m_wm.l

    ----------------------------------------------------------------------
     13206       1190        664          0         96       9104   Library Totals

    ----------------------------------------------------------------------

==============================================================================


      Code (inc. data)   RO Data    RW Data    ZI Data      Debug   

     63116       3652      10324       2372      22012    1239782   Grand Totals
     63116       3652      10324        688      22012    1239782   ELF Image Totals (compressed)
     63116       3652      10324        688          0          0   ROM Totals

==============================================================================

    Total RO  Size (Code + RO Data)                73440 (  71.72kB)
    Total RW  Size (RW Data + ZI Data)             24384 (  23.81kB)
    Total ROM Size (Code + RO Data + RW Data)      74128 (  72.39kB)

==============================================================================

