Component: ARM Compiler 5.06 update 6 (build 750) Tool: armlink [4d35ed]

==============================================================================

Section Cross References

    startup_stm32f407xx.o(STACK) refers (Special) to heapauxi.o(.text) for __use_two_region_memory
    startup_stm32f407xx.o(HEAP) refers (Special) to heapauxi.o(.text) for __use_two_region_memory
    startup_stm32f407xx.o(RESET) refers (Special) to heapauxi.o(.text) for __use_two_region_memory
    startup_stm32f407xx.o(RESET) refers to startup_stm32f407xx.o(STACK) for __initial_sp
    startup_stm32f407xx.o(RESET) refers to startup_stm32f407xx.o(.text) for Reset_Handler
    startup_stm32f407xx.o(RESET) refers to stm32f4xx_it.o(i.NMI_Handler) for NMI_Handler
    startup_stm32f407xx.o(RESET) refers to stm32f4xx_it.o(i.HardFault_Handler) for HardFault_Handler
    startup_stm32f407xx.o(RESET) refers to stm32f4xx_it.o(i.MemManage_Handler) for MemManage_Handler
    startup_stm32f407xx.o(RESET) refers to stm32f4xx_it.o(i.BusFault_Handler) for BusFault_Handler
    startup_stm32f407xx.o(RESET) refers to stm32f4xx_it.o(i.UsageFault_Handler) for UsageFault_Handler
    startup_stm32f407xx.o(RESET) refers to port.o(.emb_text) for SVC_Handler
    startup_stm32f407xx.o(RESET) refers to stm32f4xx_it.o(i.DebugMon_Handler) for DebugMon_Handler
    startup_stm32f407xx.o(RESET) refers to port.o(i.SysTick_Handler) for SysTick_Handler
    startup_stm32f407xx.o(RESET) refers to stm32f4xx_it.o(i.DMA1_Stream0_IRQHandler) for DMA1_Stream0_IRQHandler
    startup_stm32f407xx.o(RESET) refers to stm32f4xx_it.o(i.DMA1_Stream1_IRQHandler) for DMA1_Stream1_IRQHandler
    startup_stm32f407xx.o(RESET) refers to stm32f4xx_it.o(i.DMA1_Stream2_IRQHandler) for DMA1_Stream2_IRQHandler
    startup_stm32f407xx.o(RESET) refers to stm32f4xx_it.o(i.DMA1_Stream3_IRQHandler) for DMA1_Stream3_IRQHandler
    startup_stm32f407xx.o(RESET) refers to stm32f4xx_it.o(i.DMA1_Stream4_IRQHandler) for DMA1_Stream4_IRQHandler
    startup_stm32f407xx.o(RESET) refers to stm32f4xx_it.o(i.DMA1_Stream5_IRQHandler) for DMA1_Stream5_IRQHandler
    startup_stm32f407xx.o(RESET) refers to stm32f4xx_it.o(i.CAN1_RX0_IRQHandler) for CAN1_RX0_IRQHandler
    startup_stm32f407xx.o(RESET) refers to stm32f4xx_it.o(i.TIM2_IRQHandler) for TIM2_IRQHandler
    startup_stm32f407xx.o(RESET) refers to stm32f4xx_it.o(i.USART1_IRQHandler) for USART1_IRQHandler
    startup_stm32f407xx.o(RESET) refers to stm32f4xx_it.o(i.USART2_IRQHandler) for USART2_IRQHandler
    startup_stm32f407xx.o(RESET) refers to stm32f4xx_it.o(i.USART3_IRQHandler) for USART3_IRQHandler
    startup_stm32f407xx.o(RESET) refers to stm32f4xx_it.o(i.DMA1_Stream7_IRQHandler) for DMA1_Stream7_IRQHandler
    startup_stm32f407xx.o(RESET) refers to stm32f4xx_it.o(i.UART4_IRQHandler) for UART4_IRQHandler
    startup_stm32f407xx.o(RESET) refers to stm32f4xx_it.o(i.UART5_IRQHandler) for UART5_IRQHandler
    startup_stm32f407xx.o(RESET) refers to stm32f4xx_it.o(i.DMA2_Stream2_IRQHandler) for DMA2_Stream2_IRQHandler
    startup_stm32f407xx.o(RESET) refers to stm32f4xx_it.o(i.CAN2_RX0_IRQHandler) for CAN2_RX0_IRQHandler
    startup_stm32f407xx.o(RESET) refers to stm32f4xx_it.o(i.DMA2_Stream7_IRQHandler) for DMA2_Stream7_IRQHandler
    startup_stm32f407xx.o(.text) refers (Special) to heapauxi.o(.text) for __use_two_region_memory
    startup_stm32f407xx.o(.text) refers to system_stm32f4xx.o(i.SystemInit) for SystemInit
    startup_stm32f407xx.o(.text) refers to __main.o(!!!main) for __main
    startup_stm32f407xx.o(.text) refers to startup_stm32f407xx.o(HEAP) for Heap_Mem
    startup_stm32f407xx.o(.text) refers to startup_stm32f407xx.o(STACK) for Stack_Mem
    freertos.o(i.vApplicationGetIdleTaskMemory) refers to freertos.o(.bss) for .bss
    main.o(i.Control_Task) refers to cmsis_os.o(i.osDelay) for osDelay
    main.o(i.HAL_TIM_PeriodElapsedCallback) refers to stm32f4xx_hal.o(i.HAL_IncTick) for HAL_IncTick
    main.o(i.Interaction_Task) refers to cmsis_os.o(i.osDelay) for osDelay
    main.o(i.MX_CAN1_Init) refers to stm32f4xx_hal_can.o(i.HAL_CAN_Init) for HAL_CAN_Init
    main.o(i.MX_CAN1_Init) refers to main.o(.bss) for .bss
    main.o(i.MX_CAN2_Init) refers to stm32f4xx_hal_can.o(i.HAL_CAN_Init) for HAL_CAN_Init
    main.o(i.MX_CAN2_Init) refers to main.o(.bss) for .bss
    main.o(i.MX_DMA_Init) refers to stm32f4xx_hal_cortex.o(i.HAL_NVIC_SetPriority) for HAL_NVIC_SetPriority
    main.o(i.MX_DMA_Init) refers to stm32f4xx_hal_cortex.o(i.HAL_NVIC_EnableIRQ) for HAL_NVIC_EnableIRQ
    main.o(i.MX_GPIO_Init) refers to rt_memclr_w.o(.text) for __aeabi_memclr4
    main.o(i.MX_GPIO_Init) refers to stm32f4xx_hal_gpio.o(i.HAL_GPIO_WritePin) for HAL_GPIO_WritePin
    main.o(i.MX_GPIO_Init) refers to stm32f4xx_hal_gpio.o(i.HAL_GPIO_Init) for HAL_GPIO_Init
    main.o(i.MX_TIM1_Init) refers to rt_memclr_w.o(.text) for __aeabi_memclr4
    main.o(i.MX_TIM1_Init) refers to stm32f4xx_hal_tim.o(i.HAL_TIM_PWM_Init) for HAL_TIM_PWM_Init
[...]
    pitch_can                                0x2000028c   Data           8  launcher_motor.o(.data)
    pitch                                    0x20000294   Data          36  launcher_motor.o(.data)
    push_config                              0x200002b8   Data           1  launcher_motor.o(.data)
    push_pid_speed                           0x200002bc   Data           4  launcher_motor.o(.data)
    push_pid_angle                           0x200002c0   Data           4  launcher_motor.o(.data)
    push_can                                 0x200002c4   Data           8  launcher_motor.o(.data)
    push                                     0x200002cc   Data          36  launcher_motor.o(.data)
    dial_config                              0x200002f0   Data           1  launcher_motor.o(.data)
    dial_pid_speed                           0x200002f4   Data           4  launcher_motor.o(.data)
    dial_pid_angle                           0x200002f8   Data           4  launcher_motor.o(.data)
    dial_can                                 0x200002fc   Data           8  launcher_motor.o(.data)
    dial                                     0x20000304   Data          36  launcher_motor.o(.data)
    yaw_info                                 0x20000328   Data           8  launcher_motor.o(.data)
    pitch_info                               0x20000330   Data           8  launcher_motor.o(.data)
    push_info                                0x20000338   Data           8  launcher_motor.o(.data)
    dial_info                                0x20000340   Data           8  launcher_motor.o(.data)
    rc_interrupt                             0x20000348   Data           1  remote.o(.data)
    rc                                       0x2000034c   Data           8  remote.o(.data)
    client_info                              0x20000358   Data           4  my_judge.o(.data)
    chassis_LF_pid_speed_info                0x2000036c   Data          64  config_pid.o(.data)
    chassis_RF_pid_speed_info                0x200003ac   Data          64  config_pid.o(.data)
    chassis_LB_pid_speed_info                0x200003ec   Data          64  config_pid.o(.data)
    chassis_RB_pid_speed_info                0x2000042c   Data          64  config_pid.o(.data)
    pitch_pid_speed_info                     0x2000046c   Data          64  config_pid.o(.data)
    pitch_pid_angle_info                     0x200004ac   Data          64  config_pid.o(.data)
    yaw_pid_speed_info                       0x200004ec   Data          64  config_pid.o(.data)
    yaw_pid_angle_info                       0x2000052c   Data          64  config_pid.o(.data)
    push_pid_speed_info                      0x2000056c   Data          64  config_pid.o(.data)
    push_pid_angle_info                      0x200005ac   Data          64  config_pid.o(.data)
    dial_pid_speed_info                      0x200005ec   Data          64  config_pid.o(.data)
    dial_pid_angle_info                      0x2000062c   Data          64  config_pid.o(.data)
    s_yaw_pid_speed_info                     0x2000066c   Data          64  config_pid.o(.data)
    s_yaw_pid_angle_info                     0x200006ac   Data          64  config_pid.o(.data)
    s_pitch_pid_speed_info                   0x200006ec   Data          64  config_pid.o(.data)
    s_pitch_pid_angle_info                   0x2000072c   Data          64  config_pid.o(.data)
    watch_pid_speed_info                     0x2000076c   Data          64  config_pid.o(.data)
    watch_pid_angle_info                     0x200007ac   Data          64  config_pid.o(.data)
    chassis_front_speed_track_tor_info       0x200007ec   Data          20  config_tracking_differentiator.o(.data)
    chassis_right_speed_track_tor_info       0x20000800   Data          20  config_tracking_differentiator.o(.data)
    control_task_normal_timer                0x20000814   Data           4  task.o(.data)
    realtime_task_normal_timer               0x20000818   Data           4  task.o(.data)
    control_task_cycle_timer                 0x2000081c   Data           4  task.o(.data)
    realtime_task_cycle_timer                0x20000820   Data           4  task.o(.data)
    car                                      0x20000824   Data           8  car.o(.data)
    car_init_Y_O_N                           0x2000082c   Data           1  car.o(.data)
    car_mode_change                          0x2000082d   Data           1  car.o(.data)
    chassis_cycle_off                        0x2000082e   Data           1  car.o(.data)
    chassis_cycle_on                         0x2000082f   Data           1  car.o(.data)
    chassis_cycle_change                     0x20000830   Data           1  car.o(.data)
    gimbal_to_check                          0x20000831   Data           1  car.o(.data)
    gimbal_out_check                         0x20000832   Data           1  car.o(.data)
    gimbal_l_90                              0x20000833   Data           1  car.o(.data)
    gimbal_l_shoot                           0x20000834   Data           1  car.o(.data)
    gimbal_r_90                              0x20000835   Data           1  car.o(.data)
    gimbal_r_shoot                           0x20000836   Data           1  car.o(.data)
    gimbal_r_180                             0x20000837   Data           1  car.o(.data)
    gimbal_u_shoot                           0x20000838   Data           1  car.o(.data)
    gimbal_d_shoot                           0x20000839   Data           1  car.o(.data)
    launcher_auto                            0x2000083a   Data           1  car.o(.data)
    Launcher_Shoot                           0x2000083b   Data           1  car.o(.data)
    Launcher_Relax                           0x2000083c   Data           1  car.o(.data)
    Launcher_Ready                           0x2000083d   Data           1  car.o(.data)
    Launcher_Return                          0x2000083e   Data           1  car.o(.data)
    Launcher_Init                            0x2000083f   Data           1  car.o(.data)
    dial_reload                              0x20000840   Data           1  car.o(.data)
    dial_unload                              0x20000841   Data           1  car.o(.data)
    launcher_u                               0x20000842   Data           1  car.o(.data)
    launcher_d                               0x20000843   Data           1  car.o(.data)
    launcher_l                               0x20000844   Data           1  car.o(.data)
    launcher_r                               0x20000845   Data           1  car.o(.data)
    launcher_u_s                             0x20000846   Data           1  car.o(.data)
    launcher_d_s                             0x20000847   Data           1  car.o(.data)
    launcher_l_s                             0x20000848   Data           1  car.o(.data)
    launcher_r_s                             0x20000849   Data           1  car.o(.data)
    auto_on                                  0x2000084a   Data           1  car.o(.data)
    auto_off                                 0x2000084b   Data           1  car.o(.data)
    judge_close                              0x2000084c   Data           1  car.o(.data)
    car_config                               0x2000084e   Data           1  car.o(.data)
    chassis_config                           0x20000850   Data          12  chassis.o(.data)
    chassis                                  0x2000085c   Data          24  chassis.o(.data)
    front_err                                0x20000874   Data           2  chassis.o(.data)
    right_err                                0x20000876   Data           2  chassis.o(.data)
    cycle_err                                0x20000878   Data           2  chassis.o(.data)
    chassis_front_speed_track_tor            0x2000087c   Data           4  chassis.o(.data)
    chassis_right_speed_track_tor            0x20000880   Data           4  chassis.o(.data)
    out_LF                                   0x20000884   Data           4  chassis.o(.data)
    out_RF                                   0x20000888   Data           4  chassis.o(.data)
    out_LB                                   0x2000088c   Data           4  chassis.o(.data)
    out_RB                                   0x20000890   Data           4  chassis.o(.data)
    gimbal_init_Y_O_N                        0x20000894   Data           1  gimbal.o(.data)
    gimbal_machine_debug_on                  0x20000897   Data           1  gimbal.o(.data)
    gimbal_machine_debug_off                 0x20000898   Data           1  gimbal.o(.data)
    gimbal_config                            0x2000089c   Data          28  gimbal.o(.data)
    gimbal                                   0x200008b8   Data          36  gimbal.o(.data)
    gimbal_work_info                         0x200008dc   Data           4  gimbal.o(.data)
    s_pitch_work_info                        0x200008e0   Data           4  gimbal.o(.data)
    s_yaw_work_info                          0x200008e4   Data           4  gimbal.o(.data)
    watch_work_info                          0x200008e8   Data           4  gimbal.o(.data)
    launcher_config                          0x200008ec   Data          88  launcher.o(.data)
    launcher                                 0x20000944   Data          52  launcher.o(.data)
    launcher_work_info                       0x20000978   Data           5  launcher.o(.data)
    pitch_work_info                          0x2000097e   Data           6  launcher.o(.data)
    yaw_work_info                            0x20000984   Data           6  launcher.o(.data)
    push_work_info                           0x2000098a   Data           4  launcher.o(.data)
    dial_work_info                           0x2000098e   Data           4  launcher.o(.data)
    servo_work_info                          0x20000992   Data           4  launcher.o(.data)
    light_work_info                          0x20000996   Data           4  launcher.o(.data)
    time                                     0x2000099a   Data           2  launcher.o(.data)
    judge_info                               0x2000099c   Data           6  judge.o(.data)
    judge                                    0x200009a4   Data           8  judge.o(.data)
    cap_tx_buf_1                             0x200009ac   Data           8  judge.o(.data)
    cap_tx_buf_2                             0x200009b4   Data           8  judge.o(.data)
    hcan1                                    0x20000c10   Data          40  main.o(.bss)
    hcan2                                    0x20000c38   Data          40  main.o(.bss)
    htim1                                    0x20000c60   Data          72  main.o(.bss)
    huart4                                   0x20000ca8   Data          68  main.o(.bss)
    huart5                                   0x20000cec   Data          68  main.o(.bss)
    huart1                                   0x20000d30   Data          68  main.o(.bss)
    huart2                                   0x20000d74   Data          68  main.o(.bss)
    huart3                                   0x20000db8   Data          68  main.o(.bss)
    hdma_uart4_rx                            0x20000dfc   Data          96  main.o(.bss)
    hdma_uart4_tx                            0x20000e5c   Data          96  main.o(.bss)
    hdma_uart5_rx                            0x20000ebc   Data          96  main.o(.bss)
    hdma_uart5_tx                            0x20000f1c   Data          96  main.o(.bss)
    hdma_usart1_rx                           0x20000f7c   Data          96  main.o(.bss)
    hdma_usart1_tx                           0x20000fdc   Data          96  main.o(.bss)
    hdma_usart2_rx                           0x2000103c   Data          96  main.o(.bss)
    hdma_usart3_rx                           0x2000109c   Data          96  main.o(.bss)
    hdma_usart3_tx                           0x200010fc   Data          96  main.o(.bss)
    htim2                                    0x2000115c   Data          72  stm32f4xx_hal_timebase_tim.o(.bss)
    can1_tx_buf                              0x20004e94   Data          16  drv_can.o(.bss)
    can2_tx_buf                              0x20004ea4   Data          16  drv_can.o(.bss)
    CAN_RxInfo                               0x20004eb4   Data          36  drv_can.o(.bss)
    usart1_dma_rxbuf                         0x20004ed8   Data         350  drv_uart.o(.bss)
    usart2_dma_rxbuf                         0x20005036   Data          48  drv_uart.o(.bss)
    usart3_dma_rxbuf                         0x20005066   Data         200  drv_uart.o(.bss)
    usart4_dma_rxbuf                         0x2000512e   Data         200  drv_uart.o(.bss)
    usart5_dma_rxbuf                         0x200051f6   Data         200  drv_uart.o(.bss)
    cap_receive_data                         0x200052c0   Data          12  cap_protocol.o(.bss)
    chassis_LF_base_info                     0x200052cc   Data          16  chassis_motor.o(.bss)
    chassis_RF_base_info                     0x200052dc   Data          16  chassis_motor.o(.bss)
    chassis_LB_base_info                     0x200052ec   Data          16  chassis_motor.o(.bss)
    chassis_RB_base_info                     0x200052fc   Data          16  chassis_motor.o(.bss)
    s_yaw_base_info                          0x2000530c   Data          16  gimbal_motor.o(.bss)
    s_pitch_base_info                        0x2000531c   Data          12  gimbal_motor.o(.bss)
    watch_base_info                          0x20005328   Data          12  gimbal_motor.o(.bss)
    yaw_base_info                            0x20005334   Data          12  launcher_motor.o(.bss)
    pitch_base_info                          0x20005340   Data          16  launcher_motor.o(.bss)
    push_base_info                           0x20005350   Data          16  launcher_motor.o(.bss)
    dial_base_info                           0x20005360   Data          16  launcher_motor.o(.bss)
    rc_base_info                             0x20005398   Data         134  remote.o(.bss)
    rc_info                                  0x20005420   Data          20  remote.o(.bss)
    client_tx_buf                            0x20005434   Data         128  my_judge.o(.bss)
    g0                                       0x200054b4   Data         105  my_judge.o(.bss)
    g1                                       0x2000551d   Data         105  my_judge.o(.bss)
    control_task_normal_timer_info           0x20005588   Data          24  task.o(.bss)
    realtime_task_normal_timer_info          0x200055a0   Data          24  task.o(.bss)
    control_task_cycle_timer_info            0x200055b8   Data          24  task.o(.bss)
    realtime_task_cycle_timer_info           0x200055d0   Data          24  task.o(.bss)
    chassis_info                             0x200055e8   Data          22  chassis.o(.bss)
    gimbal_info                              0x20005600   Data          44  gimbal.o(.bss)
    launcher_info                            0x2000562c   Data          72  launcher.o(.bss)
    judge_base_info                          0x20005678   Data          96  judge.o(.bss)
    __libspace_start                         0x200056d8   Data          96  libspace.o(.bss)
    __temporary_stack_top$libspace           0x20005738   Data           0  libspace.o(.bss)



==============================================================================

Memory Map of the image

  Image Entry point : 0x08000189

  Load Region LR_IROM1 (Base: 0x08000000, Size: 0x0000af1c, Max: 0x00080000, ABSOLUTE, COMPRESSED[0x0000a864])

    Execution Region ER_IROM1 (Exec base: 0x08000000, Load base: 0x08000000, Size: 0x0000a560, Max: 0x00080000, ABSOLUTE)

    Exec Addr    Load Addr    Size         Type   Attr      Idx    E Section Name        Object

    0x08000000   0x08000000   0x00000188   Data   RO            3    RESET               startup_stm32f407xx.o
    0x08000188   0x08000188   0x00000008   Code   RO         8715  * !!!main             c_w.l(__main.o)
    0x08000190   0x08000190   0x00000034   Code   RO         9079    !!!scatter          c_w.l(__scatter.o)
    0x080001c4   0x080001c4   0x0000005a   Code   RO         9077    !!dczerorl2         c_w.l(__dczerorl2.o)
    0x0800021e   0x0800021e   0x00000002   PAD
    0x08000220   0x08000220   0x0000001c   Code   RO         9081    !!handler_zi        c_w.l(__scatter_zi.o)
    0x0800023c   0x0800023c   0x00000002   Code   RO         9012    .ARM.Collect$$libinit$$00000000  c_w.l(libinit.o)
    0x0800023e   0x0800023e   0x00000004   Code   RO         8835    .ARM.Collect$$libinit$$00000001  c_w.l(libinit2.o)
    0x08000242   0x08000242   0x00000000   Code   RO         8838    .ARM.Collect$$libinit$$00000004  c_w.l(libinit2.o)
    0x08000242   0x08000242   0x00000000   Code   RO         8841    .ARM.Collect$$libinit$$0000000A  c_w.l(libinit2.o)
    0x08000242   0x08000242   0x00000000   Code   RO         8843    .ARM.Collect$$libinit$$0000000C  c_w.l(libinit2.o)
    0x08000242   0x08000242   0x00000000   Code   RO         8845    .ARM.Collect$$libinit$$0000000E  c_w.l(libinit2.o)
    0x08000242   0x08000242   0x00000000   Code   RO         8848    .ARM.Collect$$libinit$$00000011  c_w.l(libinit2.o)
    0x08000242   0x08000242   0x00000000   Code   RO         8850    .ARM.Collect$$libinit$$00000013  c_w.l(libinit2.o)
    0x08000242   0x08000242   0x00000000   Code   RO         8852    .ARM.Collect$$libinit$$00000015  c_w.l(libinit2.o)
    0x08000242   0x08000242   0x00000000   Code   RO         8854    .ARM.Collect$$libinit$$00000017  c_w.l(libinit2.o)
    0x08000242   0x08000242   0x00000000   Code   RO         8856    .ARM.Collect$$libinit$$00000019  c_w.l(libinit2.o)
    0x08000242   0x08000242   0x00000000   Code   RO         8858    .ARM.Collect$$libinit$$0000001B  c_w.l(libinit2.o)
    0x08000242   0x08000242   0x00000000   Code   RO         8860    .ARM.Collect$$libinit$$0000001D  c_w.l(libinit2.o)
    0x08000242   0x08000242   0x00000000   Code   RO         8862    .ARM.Collect$$libinit$$0000001F  c_w.l(libinit2.o)
    0x08000242   0x08000242   0x00000000   Code   RO         8864    .ARM.Collect$$libinit$$00000021  c_w.l(libinit2.o)
    0x08000242   0x08000242   0x00000000   Code   RO         8866    .ARM.Collect$$libinit$$00000023  c_w.l(libinit2.o)
    0x08000242   0x08000242   0x00000000   Code   RO         8868    .ARM.Collect$$libinit$$00000025  c_w.l(libinit2.o)
    0x08000242   0x08000242   0x00000000   Code   RO         8872    .ARM.Collect$$libinit$$0000002C  c_w.l(libinit2.o)
    0x08000242   0x08000242   0x00000000   Code   RO         8874    .ARM.Collect$$libinit$$0000002E  c_w.l(libinit2.o)
    0x08000242   0x08000242   0x00000000   Code   RO         8876    .ARM.Collect$$libinit$$00000030  c_w.l(libinit2.o)
    0x08000242   0x08000242   0x00000000   Code   RO         8878    .ARM.Collect$$libinit$$00000032  c_w.l(libinit2.o)
    0x08000242   0x08000242   0x00000002   Code   RO         8879    .ARM.Collect$$libinit$$00000033  c_w.l(libinit2.o)
    0x08000244   0x08000244   0x00000002   Code   RO         9074    .ARM.Collect$$libshutdown$$00000000  c_w.l(libshutdown.o)
    0x08000246   0x08000246   0x00000000   Code   RO         9030    .ARM.Collect$$libshutdown$$00000002  c_w.l(libshutdown2.o)
    0x08000246   0x08000246   0x00000000   Code   RO         9032    .ARM.Collect$$libshutdown$$00000004  c_w.l(libshutdown2.o)
    0x08000246   0x08000246   0x00000000   Code   RO         9035    .ARM.Collect$$libshutdown$$00000007  c_w.l(libshutdown2.o)
    0x08000246   0x08000246   0x00000000   Code   RO         9038    .ARM.Collect$$libshutdown$$0000000A  c_w.l(libshutdown2.o)
    0x08000246   0x08000246   0x00000000   Code   RO         9040    .ARM.Collect$$libshutdown$$0000000C  c_w.l(libshutdown2.o)
    0x08000246   0x08000246   0x00000000   Code   RO         9043    .ARM.Collect$$libshutdown$$0000000F  c_w.l(libshutdown2.o)
    0x08000246   0x08000246   0x00000002   Code   RO         9044    .ARM.Collect$$libshutdown$$00000010  c_w.l(libshutdown2.o)
    0x08000248   0x08000248   0x00000000   Code   RO         8801    .ARM.Collect$$rtentry$$00000000  c_w.l(__rtentry.o)
    0x08000248   0x08000248   0x00000000   Code   RO         8942    .ARM.Collect$$rtentry$$00000002  c_w.l(__rtentry2.o)
    0x08000248   0x08000248   0x00000006   Code   RO         8954    .ARM.Collect$$rtentry$$00000004  c_w.l(__rtentry4.o)
    0x0800024e   0x0800024e   0x00000000   Code   RO         8944    .ARM.Collect$$rtentry$$00000009  c_w.l(__rtentry2.o)
    0x0800024e   0x0800024e   0x00000004   Code   RO         8945    .ARM.Collect$$rtentry$$0000000A  c_w.l(__rtentry2.o)
    0x08000252   0x08000252   0x00000000   Code   RO         8947    .ARM.Collect$$rtentry$$0000000C  c_w.l(__rtentry2.o)
    0x08000252   0x08000252   0x00000008   Code   RO         8948    .ARM.Collect$$rtentry$$0000000D  c_w.l(__rtentry2.o)
    0x0800025a   0x0800025a   0x00000002   Code   RO         9017    .ARM.Collect$$rtexit$$00000000  c_w.l(rtexit.o)
    0x0800025c   0x0800025c   0x00000000   Code   RO         9050    .ARM.Collect$$rtexit$$00000002  c_w.l(rtexit2.o)
    0x0800025c   0x0800025c   0x00000004   Code   RO         9051    .ARM.Collect$$rtexit$$00000003  c_w.l(rtexit2.o)
    0x08000260   0x08000260   0x00000006   Code   RO         9052    .ARM.Collect$$rtexit$$00000004  c_w.l(rtexit2.o)
    0x08000266   0x08000266   0x00000002   PAD
    0x08000268   0x08000268   0x000000be   Code   RO         4539    .emb_text           port.o
    0x08000326   0x08000326   0x00000002   PAD
    0x08000328   0x08000328   0x00000040   Code   RO            4    .text               startup_stm32f407xx.o
    0x08000368   0x08000368   0x000000ee   Code   RO         8701    .text               c_w.l(lludivv7m.o)
    0x08000456   0x08000456   0x0000008a   Code   RO         8703    .text               c_w.l(rt_memcpy_v6.o)
    0x080004e0   0x080004e0   0x00000064   Code   RO         8705    .text               c_w.l(rt_memcpy_w.o)
    0x08000544   0x08000544   0x00000044   Code   RO         8709    .text               c_w.l(rt_memclr.o)
    0x08000588   0x08000588   0x0000004e   Code   RO         8711    .text               c_w.l(rt_memclr_w.o)
    0x080005d6   0x080005d6   0x00000006   Code   RO         8713    .text               c_w.l(heapauxi.o)
    0x080005dc   0x080005dc   0x00000016   Code   RO         8831    .text               c_w.l(_rserrno.o)
    0x080005f2   0x080005f2   0x00000002   PAD
    0x080005f4   0x080005f4   0x00000008   Code   RO         8938    .text               c_w.l(libspace.o)
    0x080005fc   0x080005fc   0x00000008   Code   RO         8961    .text               c_w.l(rt_errno_addr_intlibspace.o)
    0x08000604   0x08000604   0x00000002   Code   RO         8984    .text               c_w.l(use_no_semi.o)
    0x08000606   0x08000606   0x00000000   Code   RO         8986    .text               c_w.l(indicate_semi.o)
    0x08000606   0x08000606   0x0000004a   Code   RO         8987    .text               c_w.l(sys_stackheap_outer.o)
    0x08000650   0x08000650   0x00000012   Code   RO         8993    .text               c_w.l(exit.o)
    0x08000662   0x08000662   0x00000002   PAD
    0x08000664   0x08000664   0x0000000c   Code   RO         9015    .text               c_w.l(sys_exit.o)
    0x08000670   0x08000670   0x00000028   Code   RO         5006    i.Append_CRC16_Check_Sum  crc16.o
    0x08000698   0x08000698   0x00000020   Code   RO         4966    i.Append_CRC8_Check_Num  crc8.o
    0x080006b8   0x080006b8   0x00000002   Code   RO          317    i.BusFault_Handler  stm32f4xx_it.o
    0x080006ba   0x080006ba   0x00000002   PAD
    0x080006bc   0x080006bc   0x00000068   Code   RO         5826    i.CAN1_Get_Data     config_can.o
    0x08000724   0x08000724   0x00000028   Code   RO         4733    i.CAN1_Init         drv_can.o
    0x0800074c   0x0800074c   0x0000000c   Code   RO          318    i.CAN1_RX0_IRQHandler  stm32f4xx_it.o
    0x08000758   0x08000758   0x00000084   Code   RO         5827    i.CAN2_Get_Data     config_can.o
    0x080007dc   0x080007dc   0x00000028   Code   RO         4734    i.CAN2_Init         drv_can.o
    0x08000804   0x08000804   0x0000000c   Code   RO          319    i.CAN2_RX0_IRQHandler  stm32f4xx_it.o
    0x08000810   0x08000810   0x0000001a   Code   RO         4735    i.CAN_Filter_ParamsInit  drv_can.o
    0x0800082a   0x0800082a   0x00000002   PAD
    0x0800082c   0x0800082c   0x00000038   Code   RO         4736    i.CAN_SendData      drv_can.o
    0x08000864   0x08000864   0x00000078   Code   RO         4737    i.CAN_send_all      drv_can.o
    0x080008dc   0x080008dc   0x00000064   Code   RO         5984    i.Control_Task      task.o
    0x08000940   0x08000940   0x0000000c   Code   RO          320    i.DMA1_Stream0_IRQHandler  stm32f4xx_it.o
    0x0800094c   0x0800094c   0x0000000c   Code   RO          321    i.DMA1_Stream1_IRQHandler  stm32f4xx_it.o
    0x08000958   0x08000958   0x0000000c   Code   RO          322    i.DMA1_Stream2_IRQHandler  stm32f4xx_it.o
    0x08000964   0x08000964   0x0000000c   Code   RO          323    i.DMA1_Stream3_IRQHandler  stm32f4xx_it.o
    0x08000970   0x08000970   0x0000000c   Code   RO          324    i.DMA1_Stream4_IRQHandler  stm32f4xx_it.o
    0x0800097c   0x0800097c   0x0000000c   Code   RO          325    i.DMA1_Stream5_IRQHandler  stm32f4xx_it.o
    0x08000988   0x08000988   0x0000000c   Code   RO          326    i.DMA1_Stream7_IRQHandler  stm32f4xx_it.o
    0x08000994   0x08000994   0x0000000c   Code   RO          327    i.DMA2_Stream2_IRQHandler  stm32f4xx_it.o
    0x080009a0   0x080009a0   0x0000000c   Code   RO          328    i.DMA2_Stream7_IRQHandler  stm32f4xx_it.o
    0x080009ac   0x080009ac   0x00000244   Code   RO         4800    i.DMAEx_MultiBufferStart_NoIT  drv_uart.o
    0x08000bf0   0x08000bf0   0x00000028   Code   RO         1281    i.DMA_CalcBaseAndBitshift  stm32f4xx_hal_dma.o
    0x08000c18   0x08000c18   0x00000054   Code   RO         1282    i.DMA_CheckFifoParam  stm32f4xx_hal_dma.o
    0x08000c6c   0x08000c6c   0x00000028   Code   RO         1283    i.DMA_SetConfig     stm32f4xx_hal_dma.o
    0x08000c94   0x08000c94   0x00000062   Code   RO         4801    i.DMA_Start         drv_uart.o
    0x08000cf6   0x08000cf6   0x00000014   Code   RO         4802    i.DRV_UART_IRQHandler  drv_uart.o
    0x08000d0a   0x08000d0a   0x00000002   Code   RO          329    i.DebugMon_Handler  stm32f4xx_it.o
    0x08000d0c   0x08000d0c   0x00000004   Code   RO          168    i.Error_Handler     main.o
    0x08000d10   0x08000d10   0x0000002c   Code   RO         5007    i.Get_CRC16_Check_Sum  crc16.o
    0x08000d3c   0x08000d3c   0x00000020   Code   RO         4967    i.Get_CRC8_Check_Num  crc8.o
    0x08000d5c   0x08000d5c   0x00000024   Code   RO          589    i.HAL_CAN_ActivateNotification  stm32f4xx_hal_can.o
    0x08000d80   0x08000d80   0x000000c8   Code   RO          590    i.HAL_CAN_AddTxMessage  stm32f4xx_hal_can.o
    0x08000e48   0x08000e48   0x0000010c   Code   RO          591    i.HAL_CAN_ConfigFilter  stm32f4xx_hal_can.o
    0x08000f54   0x08000f54   0x00000002   Code   RO          594    i.HAL_CAN_ErrorCallback  stm32f4xx_hal_can.o
    0x08000f56   0x08000f56   0x000000e8   Code   RO          597    i.HAL_CAN_GetRxMessage  stm32f4xx_hal_can.o
    0x0800103e   0x0800103e   0x000001fc   Code   RO          601    i.HAL_CAN_IRQHandler  stm32f4xx_hal_can.o
    0x0800123a   0x0800123a   0x0000011a   Code   RO          602    i.HAL_CAN_Init      stm32f4xx_hal_can.o
    0x08001354   0x08001354   0x000000fc   Code   RO          481    i.HAL_CAN_MspInit   stm32f4xx_hal_msp.o
    0x08001450   0x08001450   0x00000002   Code   RO          609    i.HAL_CAN_RxFifo0FullCallback  stm32f4xx_hal_can.o
    0x08001452   0x08001452   0x00000002   PAD
    0x08001454   0x08001454   0x00000048   Code   RO         4738    i.HAL_CAN_RxFifo0MsgPendingCallback  drv_can.o
    0x0800149c   0x0800149c   0x00000002   Code   RO          611    i.HAL_CAN_RxFifo1FullCallback  stm32f4xx_hal_can.o
    0x0800149e   0x0800149e   0x00000002   Code   RO          612    i.HAL_CAN_RxFifo1MsgPendingCallback  stm32f4xx_hal_can.o
    0x080014a0   0x080014a0   0x00000002   Code   RO          613    i.HAL_CAN_SleepCallback  stm32f4xx_hal_can.o
    0x080014a2   0x080014a2   0x00000002   PAD
    0x080014a4   0x080014a4   0x00000058   Code   RO          614    i.HAL_CAN_Start     stm32f4xx_hal_can.o
    0x080014fc   0x080014fc   0x00000002   Code   RO          616    i.HAL_CAN_TxMailbox0AbortCallback  stm32f4xx_hal_can.o
    0x080014fe   0x080014fe   0x00000002   Code   RO          617    i.HAL_CAN_TxMailbox0CompleteCallback  stm32f4xx_hal_can.o
    0x08001500   0x08001500   0x00000002   Code   RO          618    i.HAL_CAN_TxMailbox1AbortCallback  stm32f4xx_hal_can.o
    0x08001502   0x08001502   0x00000002   Code   RO          619    i.HAL_CAN_TxMailbox1CompleteCallback  stm32f4xx_hal_can.o
    0x08001504   0x08001504   0x00000002   Code   RO          620    i.HAL_CAN_TxMailbox2AbortCallback  stm32f4xx_hal_can.o
    0x08001506   0x08001506   0x00000002   Code   RO          621    i.HAL_CAN_TxMailbox2CompleteCallback  stm32f4xx_hal_can.o
    0x08001508   0x08001508   0x00000002   Code   RO          623    i.HAL_CAN_WakeUpFromRxMsgCallback  stm32f4xx_hal_can.o
    0x0800150a   0x0800150a   0x00000092   Code   RO         1284    i.HAL_DMA_Abort     stm32f4xx_hal_dma.o
    0x0800159c   0x0800159c   0x00000024   Code   RO         1285    i.HAL_DMA_Abort_IT  stm32f4xx_hal_dma.o
    0x080015c0   0x080015c0   0x000001a0   Code   RO         1289    i.HAL_DMA_IRQHandler  stm32f4xx_hal_dma.o
    0x08001760   0x08001760   0x000000d4   Code   RO         1290    i.HAL_DMA_Init      stm32f4xx_hal_dma.o
    0x08001834   0x08001834   0x0000006e   Code   RO         1294    i.HAL_DMA_Start_IT  stm32f4xx_hal_dma.o
    0x080018a2   0x080018a2   0x00000002   PAD
    0x080018a4   0x080018a4   0x000001f0   Code   RO         1177    i.HAL_GPIO_Init     stm32f4xx_hal_gpio.o
    0x08001a94   0x08001a94   0x0000000a   Code   RO         1179    i.HAL_GPIO_ReadPin  stm32f4xx_hal_gpio.o
    0x08001a9e   0x08001a9e   0x0000000a   Code   RO         1181    i.HAL_GPIO_WritePin  stm32f4xx_hal_gpio.o
    0x08001aa8   0x08001aa8   0x0000000c   Code   RO         1709    i.HAL_GetTick       stm32f4xx_hal.o
    0x08001ab4   0x08001ab4   0x00000010   Code   RO         1715    i.HAL_IncTick       stm32f4xx_hal.o
    0x08001ac4   0x08001ac4   0x00000034   Code   RO         1716    i.HAL_Init          stm32f4xx_hal.o
    0x08001af8   0x08001af8   0x00000074   Code   RO          549    i.HAL_InitTick      stm32f4xx_hal_timebase_tim.o
    0x08001b6c   0x08001b6c   0x00000038   Code   RO          482    i.HAL_MspInit       stm32f4xx_hal_msp.o
    0x08001ba4   0x08001ba4   0x0000001a   Code   RO         1566    i.HAL_NVIC_EnableIRQ  stm32f4xx_hal_cortex.o
    0x08001bbe   0x08001bbe   0x00000002   PAD
    0x08001bc0   0x08001bc0   0x00000040   Code   RO         1572    i.HAL_NVIC_SetPriority  stm32f4xx_hal_cortex.o
    0x08001c00   0x08001c00   0x00000024   Code   RO         1573    i.HAL_NVIC_SetPriorityGrouping  stm32f4xx_hal_cortex.o
    0x08001c24   0x08001c24   0x00000024   Code   RO         1574    i.HAL_NVIC_SystemReset  stm32f4xx_hal_cortex.o
    0x08001c48   0x08001c48   0x00000134   Code   RO          823    i.HAL_RCC_ClockConfig  stm32f4xx_hal_rcc.o
    0x08001d7c   0x08001d7c   0x00000040   Code   RO          827    i.HAL_RCC_GetClockConfig  stm32f4xx_hal_rcc.o
    0x08001dbc   0x08001dbc   0x00000020   Code   RO          830    i.HAL_RCC_GetPCLK1Freq  stm32f4xx_hal_rcc.o
    0x08001ddc   0x08001ddc   0x00000020   Code   RO          831    i.HAL_RCC_GetPCLK2Freq  stm32f4xx_hal_rcc.o
    0x08001dfc   0x08001dfc   0x00000064   Code   RO          832    i.HAL_RCC_GetSysClockFreq  stm32f4xx_hal_rcc.o
    0x08001e60   0x08001e60   0x0000036c   Code   RO          835    i.HAL_RCC_OscConfig  stm32f4xx_hal_rcc.o
    0x080021cc   0x080021cc   0x00000002   Code   RO         2660    i.HAL_TIMEx_BreakCallback  stm32f4xx_hal_tim_ex.o
    0x080021ce   0x080021ce   0x00000002   Code   RO         2661    i.HAL_TIMEx_CommutCallback  stm32f4xx_hal_tim_ex.o
    0x080021d0   0x080021d0   0x00000054   Code   RO         2663    i.HAL_TIMEx_ConfigBreakDeadTime  stm32f4xx_hal_tim_ex.o
    0x08002224   0x08002224   0x00000090   Code   RO         2679    i.HAL_TIMEx_MasterConfigSynchronization  stm32f4xx_hal_tim_ex.o
    0x080022b4   0x080022b4   0x0000005a   Code   RO         1956    i.HAL_TIM_Base_Init  stm32f4xx_hal_tim.o
    0x0800230e   0x0800230e   0x00000002   Code   RO         1958    i.HAL_TIM_Base_MspInit  stm32f4xx_hal_tim.o
    0x08002310   0x08002310   0x00000080   Code   RO         1961    i.HAL_TIM_Base_Start_IT  stm32f4xx_hal_tim.o
    0x08002390   0x08002390   0x00000002   Code   RO         1990    i.HAL_TIM_IC_CaptureCallback  stm32f4xx_hal_tim.o
    0x08002392   0x08002392   0x00000166   Code   RO         2004    i.HAL_TIM_IRQHandler  stm32f4xx_hal_tim.o
    0x080024f8   0x080024f8   0x00000054   Code   RO          483    i.HAL_TIM_MspPostInit  stm32f4xx_hal_msp.o
    0x0800254c   0x0800254c   0x00000002   Code   RO         2007    i.HAL_TIM_OC_DelayElapsedCallback  stm32f4xx_hal_tim.o
    0x0800254e   0x0800254e   0x000000cc   Code   RO         2028    i.HAL_TIM_PWM_ConfigChannel  stm32f4xx_hal_tim.o
    0x0800261a   0x0800261a   0x0000005a   Code   RO         2031    i.HAL_TIM_PWM_Init  stm32f4xx_hal_tim.o
    0x08002674   0x08002674   0x00000068   Code   RO          485    i.HAL_TIM_PWM_MspInit  stm32f4xx_hal_msp.o
    0x080026dc   0x080026dc   0x00000002   Code   RO         2034    i.HAL_TIM_PWM_PulseFinishedCallback  stm32f4xx_hal_tim.o
    0x080026de   0x080026de   0x00000002   PAD
    0x080026e0   0x080026e0   0x000000c8   Code   RO         2036    i.HAL_TIM_PWM_Start  stm32f4xx_hal_tim.o
    0x080027a8   0x080027a8   0x0000000e   Code   RO          169    i.HAL_TIM_PeriodElapsedCallback  main.o
    0x080027b6   0x080027b6   0x00000002   Code   RO         2047    i.HAL_TIM_TriggerCallback  stm32f4xx_hal_tim.o
    0x080027b8   0x080027b8   0x00000002   Code   RO         2938    i.HAL_UARTEx_RxEventCallback  stm32f4xx_hal_uart.o
    0x080027ba   0x080027ba   0x00000002   Code   RO         2952    i.HAL_UART_ErrorCallback  stm32f4xx_hal_uart.o
    0x080027bc   0x080027bc   0x00000268   Code   RO         2955    i.HAL_UART_IRQHandler  stm32f4xx_hal_uart.o
    0x08002a24   0x08002a24   0x00000062   Code   RO         2956    i.HAL_UART_Init     stm32f4xx_hal_uart.o
    0x08002a86   0x08002a86   0x00000002   PAD
    0x08002a88   0x08002a88   0x0000041c   Code   RO          487    i.HAL_UART_MspInit  stm32f4xx_hal_msp.o
    0x08002ea4   0x08002ea4   0x00000002   Code   RO         2962    i.HAL_UART_RxCpltCallback  stm32f4xx_hal_uart.o
    0x08002ea6   0x08002ea6   0x00000002   PAD
    0x08002ea8   0x08002ea8   0x0000008c   Code   RO         2965    i.HAL_UART_Transmit_DMA  stm32f4xx_hal_uart.o
    0x08002f34   0x08002f34   0x00000002   Code   RO         2967    i.HAL_UART_TxCpltCallback  stm32f4xx_hal_uart.o
    0x08002f36   0x08002f36   0x00000002   Code   RO         2968    i.HAL_UART_TxHalfCpltCallback  stm32f4xx_hal_uart.o
    0x08002f38   0x08002f38   0x00000002   Code   RO          330    i.HardFault_Handler  stm32f4xx_it.o
    0x08002f3a   0x08002f3a   0x0000000c   Code   RO         5985    i.Interaction_Task  task.o
    0x08002f46   0x08002f46   0x00000002   PAD
    0x08002f48   0x08002f48   0x00000038   Code   RO         6037    i.KEY_A_status_check  car.o
    0x08002f80   0x08002f80   0x00000028   Code   RO         6038    i.KEY_B_status_check  car.o
    0x08002fa8   0x08002fa8   0x00000024   Code   RO         6040    i.KEY_Ctrl_status_check  car.o
    0x08002fcc   0x08002fcc   0x00000038   Code   RO         6041    i.KEY_D_status_check  car.o
    0x08003004   0x08003004   0x00000024   Code   RO         6042    i.KEY_E_status_check  car.o
    0x08003028   0x08003028   0x0000001c   Code   RO         6043    i.KEY_F_status_check  car.o
    0x08003044   0x08003044   0x00000018   Code   RO         6044    i.KEY_G_status_check  car.o
    0x0800305c   0x0800305c   0x00000024   Code   RO         6045    i.KEY_Q_status_check  car.o
    0x08003080   0x08003080   0x00000024   Code   RO         6046    i.KEY_R_status_check  car.o
    0x080030a4   0x080030a4   0x00000038   Code   RO         6047    i.KEY_S_status_check  car.o
    0x080030dc   0x080030dc   0x00000038   Code   RO         6050    i.KEY_W_status_check  car.o
    0x08003114   0x08003114   0x00000024   Code   RO         6053    i.KEY_mouse_l_status_check  car.o
    0x08003138   0x08003138   0x00000034   Code   RO         6054    i.KEY_mouse_r_status_check  car.o
    0x0800316c   0x0800316c   0x00000054   Code   RO         6055    i.KEY_status_scan   car.o
    0x080031c0   0x080031c0   0x00000044   Code   RO          171    i.MX_CAN1_Init      main.o
    0x08003204   0x08003204   0x00000044   Code   RO          172    i.MX_CAN2_Init      main.o
    0x08003248   0x08003248   0x000000bc   Code   RO          173    i.MX_DMA_Init       main.o
    0x08003304   0x08003304   0x00000170   Code   RO          174    i.MX_GPIO_Init      main.o
    0x08003474   0x08003474   0x000000a4   Code   RO          175    i.MX_TIM1_Init      main.o
    0x08003518   0x08003518   0x00000002   Code   RO          331    i.MemManage_Handler  stm32f4xx_it.o
    0x0800351a   0x0800351a   0x00000002   Code   RO          332    i.NMI_Handler       stm32f4xx_it.o
    0x0800351c   0x0800351c   0x0000003c   Code   RO         6056    i.RC_s1_status_check  car.o
    0x08003558   0x08003558   0x0000002c   Code   RO         6057    i.RC_s2_status_check  car.o
    0x08003584   0x08003584   0x00000012   Code   RO         6058    i.RC_status_scan    car.o
    0x08003596   0x08003596   0x00000002   PAD
    0x08003598   0x08003598   0x00000050   Code   RO         6059    i.RC_thumbwheel_status_check  car.o
    0x080035e8   0x080035e8   0x0000004c   Code   RO         5986    i.Realtime_Task     task.o
    0x08003634   0x08003634   0x00000008   Code   RO          177    i.StartDefaultTask  main.o
    0x0800363c   0x0800363c   0x0000002c   Code   RO         4540    i.SysTick_Handler   port.o
    0x08003668   0x08003668   0x00000098   Code   RO          178    i.SystemClock_Config  main.o
    0x08003700   0x08003700   0x00000010   Code   RO         3285    i.SystemInit        system_stm32f4xx.o
    0x08003710   0x08003710   0x0000000c   Code   RO          333    i.TIM2_IRQHandler   stm32f4xx_it.o
    0x0800371c   0x0800371c   0x000000c8   Code   RO         2049    i.TIM_Base_SetConfig  stm32f4xx_hal_tim.o
    0x080037e4   0x080037e4   0x0000001a   Code   RO         2050    i.TIM_CCxChannelCmd  stm32f4xx_hal_tim.o
    0x080037fe   0x080037fe   0x00000002   PAD
    0x08003800   0x08003800   0x00000060   Code   RO         2062    i.TIM_OC1_SetConfig  stm32f4xx_hal_tim.o
    0x08003860   0x08003860   0x0000006c   Code   RO         2063    i.TIM_OC2_SetConfig  stm32f4xx_hal_tim.o
    0x080038cc   0x080038cc   0x00000068   Code   RO         2064    i.TIM_OC3_SetConfig  stm32f4xx_hal_tim.o
    0x08003934   0x08003934   0x00000050   Code   RO         2065    i.TIM_OC4_SetConfig  stm32f4xx_hal_tim.o
    0x08003984   0x08003984   0x00000018   Code   RO          334    i.UART4_IRQHandler  stm32f4xx_it.o
    0x0800399c   0x0800399c   0x00000018   Code   RO          335    i.UART5_IRQHandler  stm32f4xx_it.o
    0x080039b4   0x080039b4   0x00000010   Code   RO         2969    i.UART_DMAAbortOnError  stm32f4xx_hal_uart.o
    0x080039c4   0x080039c4   0x0000004a   Code   RO         2970    i.UART_DMAError     stm32f4xx_hal_uart.o
    0x08003a0e   0x08003a0e   0x00000042   Code   RO         2975    i.UART_DMATransmitCplt  stm32f4xx_hal_uart.o
    0x08003a50   0x08003a50   0x0000000a   Code   RO         2977    i.UART_DMATxHalfCplt  stm32f4xx_hal_uart.o
    0x08003a5a   0x08003a5a   0x0000004e   Code   RO         2979    i.UART_EndRxTransfer  stm32f4xx_hal_uart.o
    0x08003aa8   0x08003aa8   0x0000001c   Code   RO         2980    i.UART_EndTxTransfer  stm32f4xx_hal_uart.o
    0x08003ac4   0x08003ac4   0x000000c0   Code   RO         2981    i.UART_Receive_IT   stm32f4xx_hal_uart.o
    0x08003b84   0x08003b84   0x0000010c   Code   RO         2982    i.UART_SetConfig    stm32f4xx_hal_uart.o
    0x08003c90   0x08003c90   0x00000018   Code   RO          336    i.USART1_IRQHandler  stm32f4xx_it.o
    0x08003ca8   0x08003ca8   0x00000038   Code   RO         4803    i.USART1_Init       drv_uart.o
    0x08003ce0   0x08003ce0   0x00000002   Code   RO         5856    i.USART1_rxDataHandler  config_uart.o
    0x08003ce2   0x08003ce2   0x00000002   PAD
    0x08003ce4   0x08003ce4   0x00000018   Code   RO          337    i.USART2_IRQHandler  stm32f4xx_it.o
    0x08003cfc   0x08003cfc   0x0000003c   Code   RO         4804    i.USART2_Init       drv_uart.o
    0x08003d38   0x08003d38   0x00000020   Code   RO         5857    i.USART2_rxDataHandler  config_uart.o
    0x08003d58   0x08003d58   0x00000018   Code   RO          338    i.USART3_IRQHandler  stm32f4xx_it.o
    0x08003d70   0x08003d70   0x00000038   Code   RO         4805    i.USART3_Init       drv_uart.o
    0x08003da8   0x08003da8   0x00000002   Code   RO         5858    i.USART3_rxDataHandler  config_uart.o
    0x08003daa   0x08003daa   0x00000002   PAD
    0x08003dac   0x08003dac   0x00000038   Code   RO         4806    i.USART4_Init       drv_uart.o
    0x08003de4   0x08003de4   0x00000004   Code   RO         5859    i.USART4_rxDataHandler  config_uart.o
    0x08003de8   0x08003de8   0x00000038   Code   RO         4807    i.USART5_Init       drv_uart.o
    0x08003e20   0x08003e20   0x00000002   Code   RO         5860    i.USART5_rxDataHandler  config_uart.o
    0x08003e22   0x08003e22   0x00000002   Code   RO          339    i.UsageFault_Handler  stm32f4xx_it.o
    0x08003e24   0x08003e24   0x0000003c   Code   RO         5008    i.Verify_CRC16_Check_Sum  crc16.o
    0x08003e60   0x08003e60   0x0000002a   Code   RO         4968    i.Verify_CRC8_Check_Sum  crc8.o
    0x08003e8a   0x08003e8a   0x00000030   Code   RO         8931    i.__ARM_fpclassify  m_wm.l(fpclassify.o)
    0x08003eba   0x08003eba   0x00000020   Code   RO         1579    i.__NVIC_SetPriority  stm32f4xx_hal_cortex.o
    0x08003eda   0x08003eda   0x00000006   PAD
    0x08003ee0   0x08003ee0   0x00000c50   Code   RO         8773    i.__hardfp_pow      m_wm.l(pow.o)
    0x08004b30   0x08004b30   0x0000007a   Code   RO         8787    i.__hardfp_sqrt     m_wm.l(sqrt.o)
    0x08004baa   0x08004baa   0x000000f8   Code   RO         8933    i.__kernel_poly     m_wm.l(poly.o)
    0x08004ca2   0x08004ca2   0x00000006   PAD
    0x08004ca8   0x08004ca8   0x00000030   Code   RO         8911    i.__mathlib_dbl_divzero  m_wm.l(dunder.o)
    0x08004cd8   0x08004cd8   0x00000014   Code   RO         8913    i.__mathlib_dbl_infnan2  m_wm.l(dunder.o)
    0x08004cec   0x08004cec   0x00000004   PAD
    0x08004cf0   0x08004cf0   0x00000020   Code   RO         8914    i.__mathlib_dbl_invalid  m_wm.l(dunder.o)
    0x08004d10   0x08004d10   0x00000020   Code   RO         8915    i.__mathlib_dbl_overflow  m_wm.l(dunder.o)
    0x08004d30   0x08004d30   0x00000020   Code   RO         8917    i.__mathlib_dbl_underflow  m_wm.l(dunder.o)
    0x08004d50   0x08004d50   0x00000096   Code   RO         5322    i.all_key_board_status_interrupt_update  remote.o
    0x08004de6   0x08004de6   0x00000096   Code   RO         5323    i.all_key_board_status_update  remote.o
    0x08004e7c   0x08004e7c   0x00000034   Code   RO         6784    i.cap_send_2E       judge.o
    0x08004eb0   0x08004eb0   0x0000004c   Code   RO         6785    i.cap_send_2F       judge.o
    0x08004efc   0x08004efc   0x00000054   Code   RO         5087    i.cap_update        cap_protocol.o
    0x08004f50   0x08004f50   0x00000058   Code   RO         6060    i.car_commond_init  car.o
    0x08004fa8   0x08004fa8   0x00000012   Code   RO         6061    i.car_ctrl          car.o
    0x08004fba   0x08004fba   0x00000002   PAD
    0x08004fbc   0x08004fbc   0x00000018   Code   RO         6063    i.car_init_judge    car.o
    0x08004fd4   0x08004fd4   0x0000002c   Code   RO         6064    i.car_mode_commond_update  car.o
    0x08005000   0x08005000   0x00000044   Code   RO         6065    i.car_mode_status_update  car.o
    0x08005044   0x08005044   0x0000001c   Code   RO         6231    i.chassis_commond_init  chassis.o
    0x08005060   0x08005060   0x00000024   Code   RO         6233    i.chassis_ctrl_task  chassis.o
    0x08005084   0x08005084   0x00000012   Code   RO         6234    i.chassis_info_init  chassis.o
    0x08005096   0x08005096   0x0000002c   Code   RO         6235    i.chassis_init      chassis.o
    0x080050c2   0x080050c2   0x00000002   PAD
    0x080050c4   0x080050c4   0x00000428   Code   RO         6236    i.chassis_judge_limit  chassis.o
    0x080054ec   0x080054ec   0x00000076   Code   RO         6237    i.chassis_measure_speed_update  chassis.o
    0x08005562   0x08005562   0x00000002   PAD
    0x08005564   0x08005564   0x00000038   Code   RO         6238    i.chassis_mode_update  chassis.o
    0x0800559c   0x0800559c   0x000002f0   Code   RO         6239    i.chassis_work      chassis.o
    0x0800588c   0x0800588c   0x00000078   Code   RO         5557    i.client_send_seven_graphic  my_judge.o
    0x08005904   0x08005904   0x00000034   Code   RO         6066    i.debug_special_scan  car.o
    0x08005938   0x08005938   0x00000014   Code   RO         4808    i.dma_m0_rxcplt_callback  drv_uart.o
    0x0800594c   0x0800594c   0x00000014   Code   RO         4809    i.dma_m1_rxcplt_callback  drv_uart.o
    0x08005960   0x08005960   0x000000b4   Code   RO         5561    i.draw_circle       my_judge.o
    0x08005a14   0x08005a14   0x000000c2   Code   RO         5564    i.draw_int          my_judge.o
    0x08005ad6   0x08005ad6   0x000000b0   Code   RO         5565    i.draw_line         my_judge.o
    0x08005b86   0x08005b86   0x00000002   PAD
    0x08005b88   0x08005b88   0x00000120   Code   RO         5567    i.draw_task_0       my_judge.o
    0x08005ca8   0x08005ca8   0x00000150   Code   RO         5568    i.draw_task_1       my_judge.o
    0x08005df8   0x08005df8   0x00000022   Code   RO         4619    i.drive_init        drive.o
    0x08005e1a   0x08005e1a   0x00000018   Code   RO         8927    i.fabs              m_wm.l(fabs.o)
    0x08005e32   0x08005e32   0x00000124   Code   RO         8531    i.fhan              tracking_differentiator.o
    0x08005f56   0x08005f56   0x00000058   Code   RO         8532    i.fsg               tracking_differentiator.o
    0x08005fae   0x08005fae   0x00000002   PAD
    0x08005fb0   0x08005fb0   0x00000014   Code   RO         6337    i.gimbal_commond_init  gimbal.o
    0x08005fc4   0x08005fc4   0x00000034   Code   RO         6338    i.gimbal_commond_respond  gimbal.o
    0x08005ff8   0x08005ff8   0x0000001e   Code   RO         6339    i.gimbal_ctrl_task  gimbal.o
    0x08006016   0x08006016   0x00000006   Code   RO         6340    i.gimbal_info_init  gimbal.o
    0x0800601c   0x0800601c   0x00000026   Code   RO         6341    i.gimbal_init       gimbal.o
    0x08006042   0x08006042   0x00000002   PAD
    0x08006044   0x08006044   0x00000054   Code   RO         6342    i.gimbal_mode_update  gimbal.o
    0x08006098   0x08006098   0x00000020   Code   RO         6343    i.gimbal_pitch_angle_check  gimbal.o
    0x080060b8   0x080060b8   0x00000046   Code   RO         6344    i.gimbal_pitch_angle_ctrl  gimbal.o
    0x080060fe   0x080060fe   0x00000018   Code   RO         6345    i.gimbal_pitch_can_update  gimbal.o
    0x08006116   0x08006116   0x00000002   PAD
    0x08006118   0x08006118   0x00000090   Code   RO         6346    i.gimbal_pitch_speed_ctrl  gimbal.o
    0x080061a8   0x080061a8   0x00000108   Code   RO         6347    i.gimbal_pitch_work  gimbal.o
    0x080062b0   0x080062b0   0x00000046   Code   RO         6348    i.gimbal_watch_angle_ctrl  gimbal.o
    0x080062f6   0x080062f6   0x00000018   Code   RO         6349    i.gimbal_watch_can_update  gimbal.o
    0x0800630e   0x0800630e   0x00000002   PAD
    0x08006310   0x08006310   0x00000090   Code   RO         6350    i.gimbal_watch_speed_ctrl  gimbal.o
    0x080063a0   0x080063a0   0x000000c0   Code   RO         6351    i.gimbal_watch_work  gimbal.o
    0x08006460   0x08006460   0x000002a0   Code   RO         6352    i.gimbal_work       gimbal.o
    0x08006700   0x08006700   0x00000044   Code   RO         6353    i.gimbal_yaw_angle_check  gimbal.o
    0x08006744   0x08006744   0x00000084   Code   RO         6354    i.gimbal_yaw_angle_ctrl  gimbal.o
    0x080067c8   0x080067c8   0x0000001e   Code   RO         6355    i.gimbal_yaw_can_update  gimbal.o
    0x080067e6   0x080067e6   0x00000002   PAD
    0x080067e8   0x080067e8   0x00000090   Code   RO         6356    i.gimbal_yaw_speed_ctrl  gimbal.o
    0x08006878   0x08006878   0x000000e8   Code   RO         6357    i.gimbal_yaw_work   gimbal.o
    0x08006960   0x08006960   0x00000026   Code   RO         5089    i.int16_to_float    cap_protocol.o
    0x08006986   0x08006986   0x0000000e   Code   RO         6786    i.judge_init        judge.o
    0x08006994   0x08006994   0x00000018   Code   RO         6787    i.judge_realtime_task  judge.o
    0x080069ac   0x080069ac   0x00000068   Code   RO         5046    i.judge_recive      judge_potocol.o
    0x08006a14   0x08006a14   0x00000048   Code   RO         6788    i.judge_update      judge.o
    0x08006a5c   0x08006a5c   0x0000003a   Code   RO         5324    i.key_board_cnt_max_set  remote.o
    0x08006a96   0x08006a96   0x00000044   Code   RO         5325    i.key_board_status_interrupt_update  remote.o
    0x08006ada   0x08006ada   0x00000036   Code   RO         5326    i.key_board_status_update  remote.o
    0x08006b10   0x08006b10   0x00000084   Code   RO         6505    i.launcher_commond_init  launcher.o
    0x08006b94   0x08006b94   0x00000180   Code   RO         6506    i.launcher_commond_respond  launcher.o
    0x08006d14   0x08006d14   0x0000001e   Code   RO         6507    i.launcher_ctrl_task  launcher.o
    0x08006d32   0x08006d32   0x00000044   Code   RO         6508    i.launcher_dial_angle_ctrl  launcher.o
    0x08006d76   0x08006d76   0x0000001e   Code   RO         6509    i.launcher_dial_can_update  launcher.o
    0x08006d94   0x08006d94   0x00000088   Code   RO         6510    i.launcher_dial_speed_ctrl  launcher.o
    0x08006e1c   0x08006e1c   0x0000004e   Code   RO         6511    i.launcher_dial_work  launcher.o
    0x08006e6a   0x08006e6a   0x00000006   Code   RO         6513    i.launcher_info_init  launcher.o
    0x08006e70   0x08006e70   0x00000060   Code   RO         6514    i.launcher_init     launcher.o
    0x08006ed0   0x08006ed0   0x000000ac   Code   RO         6515    i.launcher_light_check  launcher.o
    0x08006f7c   0x08006f7c   0x00000014   Code   RO         6516    i.launcher_mode_update  launcher.o
    0x08006f90   0x08006f90   0x00000018   Code   RO         6517    i.launcher_pitch_angle_check  launcher.o
    0x08006fa8   0x08006fa8   0x00000044   Code   RO         6518    i.launcher_pitch_angle_ctrl  launcher.o
    0x08006fec   0x08006fec   0x0000001e   Code   RO         6519    i.launcher_pitch_can_update  launcher.o
    0x0800700a   0x0800700a   0x00000002   PAD
    0x0800700c   0x0800700c   0x00000088   Code   RO         6520    i.launcher_pitch_speed_ctrl  launcher.o
    0x08007094   0x08007094   0x000000d4   Code   RO         6521    i.launcher_pitch_work  launcher.o
    0x08007168   0x08007168   0x0000000c   Code   RO         6522    i.launcher_pitch_work_init  launcher.o
    0x08007174   0x08007174   0x00000044   Code   RO         6523    i.launcher_push_angle_ctrl  launcher.o
    0x080071b8   0x080071b8   0x0000001e   Code   RO         6524    i.launcher_push_can_update  launcher.o
    0x080071d6   0x080071d6   0x00000002   PAD
    0x080071d8   0x080071d8   0x00000088   Code   RO         6525    i.launcher_push_speed_ctrl  launcher.o
    0x08007260   0x08007260   0x0000007a   Code   RO         6526    i.launcher_push_work  launcher.o
    0x080072da   0x080072da   0x00000008   Code   RO         6527    i.launcher_push_work_init  launcher.o
    0x080072e2   0x080072e2   0x00000028   Code   RO         6528    i.launcher_servo_work  launcher.o
    0x0800730a   0x0800730a   0x0000000a   Code   RO         6529    i.launcher_servo_work_init  launcher.o
    0x08007314   0x08007314   0x0000032c   Code   RO         6530    i.launcher_work     launcher.o
    0x08007640   0x08007640   0x0000000c   Code   RO         6531    i.launcher_work_info_init  launcher.o
    0x0800764c   0x0800764c   0x00000022   Code   RO         6532    i.launcher_yaw_angle_check  launcher.o
    0x0800766e   0x0800766e   0x00000044   Code   RO         6533    i.launcher_yaw_angle_ctrl  launcher.o
    0x080076b2   0x080076b2   0x0000001e   Code   RO         6534    i.launcher_yaw_can_update  launcher.o
    0x080076d0   0x080076d0   0x00000088   Code   RO         6535    i.launcher_yaw_speed_ctrl  launcher.o
    0x08007758   0x08007758   0x000000e0   Code   RO         6536    i.launcher_yaw_work  launcher.o
    0x08007838   0x08007838   0x0000000c   Code   RO         6537    i.launcher_yaw_work_init  launcher.o
    0x08007844   0x08007844   0x0000000a   Code   RO         8440    i.lowpass           math_support.o
    0x0800784e   0x0800784e   0x00000002   PAD
    0x08007850   0x08007850   0x00000158   Code   RO          179    i.main              main.o
    0x080079a8   0x080079a8   0x0000000c   Code   RO         4105    i.makeFreeRtosPriority  cmsis_os.o
    0x080079b4   0x080079b4   0x0000003c   Code   RO         4620    i.module_init       drive.o
    0x080079f0   0x080079f0   0x0000004a   Code   RO         5778    i.motor_2006_angle_ctrl  2006_motor.o
    0x08007a3a   0x08007a3a   0x00000012   Code   RO         5779    i.motor_2006_info_init  2006_motor.o
    0x08007a4c   0x08007a4c   0x0000002c   Code   RO         5780    i.motor_2006_init   2006_motor.o
    0x08007a78   0x08007a78   0x00000080   Code   RO         5781    i.motor_2006_speed_ctrl  2006_motor.o
    0x08007af8   0x08007af8   0x0000009c   Code   RO         5782    i.motor_2006_update  2006_motor.o
    0x08007b94   0x08007b94   0x0000004a   Code   RO         5694    i.motor_3508_angle_ctrl  3508_motor.o
    0x08007bde   0x08007bde   0x00000012   Code   RO         5695    i.motor_3508_info_init  3508_motor.o
    0x08007bf0   0x08007bf0   0x0000002e   Code   RO         5696    i.motor_3508_init   3508_motor.o
    0x08007c1e   0x08007c1e   0x00000002   PAD
    0x08007c20   0x08007c20   0x00000080   Code   RO         5697    i.motor_3508_speed_ctrl  3508_motor.o
    0x08007ca0   0x08007ca0   0x000000a0   Code   RO         5698    i.motor_3508_update  3508_motor.o
    0x08007d40   0x08007d40   0x00000012   Code   RO         5742    i.motor_6020_info_init  6020_motor.o
    0x08007d52   0x08007d52   0x0000002e   Code   RO         5743    i.motor_6020_init   6020_motor.o
    0x08007d80   0x08007d80   0x000000a0   Code   RO         5744    i.motor_6020_update  6020_motor.o
    0x08007e20   0x08007e20   0x00000072   Code   RO         6240    i.motor_chassis_update  chassis.o
    0x08007e92   0x08007e92   0x000000f2   Code   RO         6241    i.motor_speed_limit  chassis.o
    0x08007f84   0x08007f84   0x00000190   Code   RO         5987    i.motor_tick_task   task.o
    0x08008114   0x08008114   0x0000000e   Code   RO         4107    i.osDelay           cmsis_os.o
    0x08008122   0x08008122   0x0000000a   Code   RO         4110    i.osKernelStart     cmsis_os.o
    0x0800812c   0x0800812c   0x00000054   Code   RO         4144    i.osThreadCreate    cmsis_os.o
    0x08008180   0x08008180   0x00000040   Code   RO         5131    i.pid_init          pid.o
    0x080081c0   0x080081c0   0x00000070   Code   RO         3787    i.prvAddCurrentTaskToDelayedList  tasks.o
    0x08008230   0x08008230   0x000000d0   Code   RO         3788    i.prvAddNewTaskToReadyList  tasks.o
    0x08008300   0x08008300   0x00000034   Code   RO         3789    i.prvDeleteTCB      tasks.o
    0x08008334   0x08008334   0x0000004c   Code   RO         4472    i.prvHeapInit       heap_4.o
    0x08008380   0x08008380   0x00000060   Code   RO         3790    i.prvIdleTask       tasks.o
    0x080083e0   0x080083e0   0x00000098   Code   RO         3791    i.prvInitialiseNewTask  tasks.o
    0x08008478   0x08008478   0x0000004c   Code   RO         4473    i.prvInsertBlockIntoFreeList  heap_4.o
    0x080084c4   0x080084c4   0x00000020   Code   RO         3792    i.prvResetNextTaskUnblockTime  tasks.o
    0x080084e4   0x080084e4   0x00000028   Code   RO         4541    i.prvTaskExitError  port.o
    0x0800850c   0x0800850c   0x000000dc   Code   RO         4474    i.pvPortMalloc      heap_4.o
    0x080085e8   0x080085e8   0x0000002c   Code   RO         4542    i.pxPortInitialiseStack  port.o
    0x08008614   0x08008614   0x000000a6   Code   RO         4886    i.rc_base_info_check  remote_potocol.o
    0x080086ba   0x080086ba   0x0000001c   Code   RO         5327    i.rc_base_info_init  remote.o
    0x080086d6   0x080086d6   0x00000124   Code   RO         4887    i.rc_base_info_update  remote_potocol.o
    0x080087fa   0x080087fa   0x00000002   PAD
    0x080087fc   0x080087fc   0x0000006c   Code   RO         5328    i.rc_ctrl           remote.o
    0x08008868   0x08008868   0x0000000a   Code   RO         5329    i.rc_info_init      remote.o
    0x08008872   0x08008872   0x00000002   PAD
    0x08008874   0x08008874   0x0000001c   Code   RO         5330    i.rc_init           remote.o
    0x08008890   0x08008890   0x000000c0   Code   RO         5332    i.rc_interrupt_update  remote.o
    0x08008950   0x08008950   0x00000058   Code   RO         5333    i.rc_switch_status_interrupt_update  remote.o
    0x080089a8   0x080089a8   0x00000016   Code   RO         5334    i.rc_tick_task      remote.o
    0x080089be   0x080089be   0x00000034   Code   RO         5335    i.rc_wheel_status_interrupt_update  remote.o
    0x080089f2   0x080089f2   0x00000020   Code   RO         5336    i.remote_soft_reset_check  remote.o
    0x08008a12   0x08008a12   0x00000002   PAD
    0x08008a14   0x08008a14   0x000000d4   Code   RO         5132    i.single_pid_cal    pid.o
    0x08008ae8   0x08008ae8   0x0000006e   Code   RO         8789    i.sqrt              m_wm.l(sqrt.o)
    0x08008b56   0x08008b56   0x00000002   PAD
    0x08008b58   0x08008b58   0x00000050   Code   RO         5569    i.tick_task         my_judge.o
    0x08008ba8   0x08008ba8   0x00000012   Code   RO         8488    i.timer_cycle       timer.o
    0x08008bba   0x08008bba   0x00000002   PAD
    0x08008bbc   0x08008bbc   0x00000030   Code   RO         8489    i.timer_end         timer.o
    0x08008bec   0x08008bec   0x00000008   Code   RO         8490    i.timer_init        timer.o
    0x08008bf4   0x08008bf4   0x00000018   Code   RO         8491    i.timer_start       timer.o
    0x08008c0c   0x08008c0c   0x00000008   Code   RO         8535    i.tracking_differentiator_reset  tracking_differentiator.o
    0x08008c14   0x08008c14   0x00000070   Code   RO         8536    i.tracking_differentiator_update  tracking_differentiator.o
    0x08008c84   0x08008c84   0x000000f0   Code   RO         4810    i.uart_rx_idle_callback  drv_uart.o
    0x08008d74   0x08008d74   0x00000010   Code   RO         5570    i.uart_send_data    my_judge.o
    0x08008d84   0x08008d84   0x00000026   Code   RO         3423    i.uxListRemove      list.o
    0x08008daa   0x08008daa   0x00000002   PAD
    0x08008dac   0x08008dac   0x00000014   Code   RO           13    i.vApplicationGetIdleTaskMemory  freertos.o
    0x08008dc0   0x08008dc0   0x00000016   Code   RO         3424    i.vListInitialise   list.o
    0x08008dd6   0x08008dd6   0x00000006   Code   RO         3425    i.vListInitialiseItem  list.o
    0x08008ddc   0x08008ddc   0x00000030   Code   RO         3426    i.vListInsert       list.o
    0x08008e0c   0x08008e0c   0x00000018   Code   RO         3427    i.vListInsertEnd    list.o
    0x08008e24   0x08008e24   0x00000040   Code   RO         4544    i.vPortEnterCritical  port.o
    0x08008e64   0x08008e64   0x00000028   Code   RO         4545    i.vPortExitCritical  port.o
    0x08008e8c   0x08008e8c   0x00000064   Code   RO         4475    i.vPortFree         heap_4.o
    0x08008ef0   0x08008ef0   0x00000024   Code   RO         4546    i.vPortSetupTimerInterrupt  port.o
    0x08008f14   0x08008f14   0x0000004c   Code   RO         3801    i.vTaskDelay        tasks.o
    0x08008f60   0x08008f60   0x0000006c   Code   RO         3814    i.vTaskStartScheduler  tasks.o
    0x08008fcc   0x08008fcc   0x00000010   Code   RO         3816    i.vTaskSuspendAll   tasks.o
    0x08008fdc   0x08008fdc   0x0000005c   Code   RO         3817    i.vTaskSwitchContext  tasks.o
    0x08009038   0x08009038   0x000000f4   Code   RO         4548    i.xPortStartScheduler  port.o
    0x0800912c   0x0800912c   0x0000005a   Code   RO         3820    i.xTaskCreate       tasks.o
    0x08009186   0x08009186   0x00000056   Code   RO         3821    i.xTaskCreateStatic  tasks.o
    0x080091dc   0x080091dc   0x000000cc   Code   RO         3828    i.xTaskIncrementTick  tasks.o
    0x080092a8   0x080092a8   0x000000c4   Code   RO         3834    i.xTaskResumeAll    tasks.o
    0x0800936c   0x0800936c   0x00000018   Code   RO         8880    x$fpl$basic         fz_wm.l(basic.o)
    0x08009384   0x08009384   0x00000062   Code   RO         8717    x$fpl$d2f           fz_wm.l(d2f.o)
    0x080093e6   0x080093e6   0x00000002   PAD
    0x080093e8   0x080093e8   0x00000150   Code   RO         8719    x$fpl$dadd          fz_wm.l(daddsub_clz.o)
    0x08009538   0x08009538   0x00000010   Code   RO         8980    x$fpl$dcheck1       fz_wm.l(dcheck1.o)
    0x08009548   0x08009548   0x00000018   Code   RO         8882    x$fpl$dcmpinf       fz_wm.l(dcmpi.o)
    0x08009560   0x08009560   0x000002b0   Code   RO         8726    x$fpl$ddiv          fz_wm.l(ddiv.o)
    0x08009810   0x08009810   0x0000005e   Code   RO         8729    x$fpl$dfix          fz_wm.l(dfix.o)
    0x0800986e   0x0800986e   0x0000002e   Code   RO         8734    x$fpl$dflt          fz_wm.l(dflt_clz.o)
    0x0800989c   0x0800989c   0x00000078   Code   RO         8739    x$fpl$dleqf         fz_wm.l(dleqf.o)
    0x08009914   0x08009914   0x00000154   Code   RO         8741    x$fpl$dmul          fz_wm.l(dmul.o)
    0x08009a68   0x08009a68   0x0000009c   Code   RO         8884    x$fpl$dnaninf       fz_wm.l(dnaninf.o)
    0x08009b04   0x08009b04   0x0000000c   Code   RO         8886    x$fpl$dretinf       fz_wm.l(dretinf.o)
    0x08009b10   0x08009b10   0x0000006c   Code   RO         8743    x$fpl$drleqf        fz_wm.l(drleqf.o)
    0x08009b7c   0x08009b7c   0x00000016   Code   RO         8720    x$fpl$drsb          fz_wm.l(daddsub_clz.o)
    0x08009b92   0x08009b92   0x00000002   PAD
    0x08009b94   0x08009b94   0x00000198   Code   RO         8888    x$fpl$dsqrt         fz_wm.l(dsqrt_umaal.o)
    0x08009d2c   0x08009d2c   0x000001d4   Code   RO         8721    x$fpl$dsub          fz_wm.l(daddsub_clz.o)
    0x08009f00   0x08009f00   0x00000056   Code   RO         8745    x$fpl$f2d           fz_wm.l(f2d.o)
    0x08009f56   0x08009f56   0x0000008c   Code   RO         8890    x$fpl$fnaninf       fz_wm.l(fnaninf.o)
    0x08009fe2   0x08009fe2   0x0000000a   Code   RO         8982    x$fpl$fpinit        fz_wm.l(fpinit.o)
    0x08009fec   0x08009fec   0x0000000a   Code   RO         8892    x$fpl$fretinf       fz_wm.l(fretinf.o)
    0x08009ff6   0x08009ff6   0x00000064   Code   RO         9013    x$fpl$retnan        fz_wm.l(retnan.o)
    0x0800a05a   0x0800a05a   0x0000005c   Code   RO         8894    x$fpl$scalbn        fz_wm.l(scalbn.o)
    0x0800a0b6   0x0800a0b6   0x00000030   Code   RO         9045    x$fpl$trapveneer    fz_wm.l(trapv.o)
    0x0800a0e6   0x0800a0e6   0x00000000   Code   RO         8896    x$fpl$usenofp       fz_wm.l(usenofp.o)
    0x0800a0e6   0x0800a0e6   0x00000002   PAD
    0x0800a0e8   0x0800a0e8   0x00000070   Data   RO          190    .constdata          main.o
    0x0800a158   0x0800a158   0x00000008   Data   RO         1296    .constdata          stm32f4xx_hal_dma.o
    0x0800a160   0x0800a160   0x00000010   Data   RO         3286    .constdata          system_stm32f4xx.o
    0x0800a170   0x0800a170   0x00000008   Data   RO         3287    .constdata          system_stm32f4xx.o
    0x0800a178   0x0800a178   0x00000100   Data   RO         4970    .constdata          crc8.o
    0x0800a278   0x0800a278   0x00000200   Data   RO         5009    .constdata          crc16.o
    0x0800a478   0x0800a478   0x00000088   Data   RO         8776    .constdata          m_wm.l(pow.o)
    0x0800a500   0x0800a500   0x00000008   Data   RO         8935    .constdata          m_wm.l(qnan.o)
    0x0800a508   0x0800a508   0x00000038   Data   RO          191    .conststring        main.o
    0x0800a540   0x0800a540   0x00000020   Data   RO         9075    Region$$Table       anon$$obj.o


    Execution Region RW_IRAM2 (Exec base: 0x10000000, Load base: 0x0800a864, Size: 0x00000000, Max: 0x00010000, ABSOLUTE)

    **** No section assigned to this execution region ****


    Execution Region RW_IRAM1 (Exec base: 0x20000000, Load base: 0x0800a560, Size: 0x00005d38, Max: 0x00020000, ABSOLUTE, COMPRESSED[0x00000304])

    Exec Addr    Load Addr    Size         Type   Attr      Idx    E Section Name        Object

    0x20000000   COMPRESSED   0x00000010   Data   RW          192    .data               main.o
    0x20000010   COMPRESSED   0x00000004   Data   RW          488    .data               stm32f4xx_hal_msp.o
    0x20000014   COMPRESSED   0x0000000c   Data   RW         1723    .data               stm32f4xx_hal.o
    0x20000020   COMPRESSED   0x00000004   Data   RW         3288    .data               system_stm32f4xx.o
    0x20000024   COMPRESSED   0x0000003c   Data   RW         3837    .data               tasks.o
    0x20000060   COMPRESSED   0x00000020   Data   RW         4481    .data               heap_4.o
    0x20000080   COMPRESSED   0x0000000c   Data   RW         4549    .data               port.o
    0x2000008c   COMPRESSED   0x00000002   Data   RW         5010    .data               crc16.o
    0x2000008e   COMPRESSED   0x00000002   PAD
    0x20000090   COMPRESSED   0x00000008   Data   RW         5047    .data               judge_potocol.o
    0x20000098   COMPRESSED   0x00000006   Data   RW         5048    .data               judge_potocol.o
    0x2000009e   COMPRESSED   0x00000001   Data   RW         5181    .data               chassis_motor.o
    0x2000009f   COMPRESSED   0x00000001   PAD
    0x200000a0   COMPRESSED   0x00000004   Data   RW         5182    .data               chassis_motor.o
    0x200000a4   COMPRESSED   0x00000008   Data   RW         5183    .data               chassis_motor.o
    0x200000ac   COMPRESSED   0x00000024   Data   RW         5184    .data               chassis_motor.o
    0x200000d0   COMPRESSED   0x00000001   Data   RW         5185    .data               chassis_motor.o
    0x200000d1   COMPRESSED   0x00000003   PAD
    0x200000d4   COMPRESSED   0x00000004   Data   RW         5186    .data               chassis_motor.o
    0x200000d8   COMPRESSED   0x00000008   Data   RW         5187    .data               chassis_motor.o
    0x200000e0   COMPRESSED   0x00000024   Data   RW         5188    .data               chassis_motor.o
    0x20000104   COMPRESSED   0x00000001   Data   RW         5189    .data               chassis_motor.o
    0x20000105   COMPRESSED   0x00000003   PAD
    0x20000108   COMPRESSED   0x00000004   Data   RW         5190    .data               chassis_motor.o
    0x2000010c   COMPRESSED   0x00000008   Data   RW         5191    .data               chassis_motor.o
    0x20000114   COMPRESSED   0x00000024   Data   RW         5192    .data               chassis_motor.o
    0x20000138   COMPRESSED   0x00000001   Data   RW         5193    .data               chassis_motor.o
    0x20000139   COMPRESSED   0x00000003   PAD
    0x2000013c   COMPRESSED   0x00000004   Data   RW         5194    .data               chassis_motor.o
    0x20000140   COMPRESSED   0x00000008   Data   RW         5195    .data               chassis_motor.o
    0x20000148   COMPRESSED   0x00000024   Data   RW         5196    .data               chassis_motor.o
    0x2000016c   COMPRESSED   0x00000008   Data   RW         5197    .data               chassis_motor.o
    0x20000174   COMPRESSED   0x00000008   Data   RW         5198    .data               chassis_motor.o
    0x2000017c   COMPRESSED   0x00000008   Data   RW         5199    .data               chassis_motor.o
    0x20000184   COMPRESSED   0x00000008   Data   RW         5200    .data               chassis_motor.o
    0x2000018c   COMPRESSED   0x00000001   Data   RW         5228    .data               gimbal_motor.o
    0x2000018d   COMPRESSED   0x00000003   PAD
    0x20000190   COMPRESSED   0x00000004   Data   RW         5229    .data               gimbal_motor.o
    0x20000194   COMPRESSED   0x00000004   Data   RW         5230    .data               gimbal_motor.o
    0x20000198   COMPRESSED   0x00000008   Data   RW         5231    .data               gimbal_motor.o
    0x200001a0   COMPRESSED   0x00000020   Data   RW         5232    .data               gimbal_motor.o
    0x200001c0   COMPRESSED   0x00000001   Data   RW         5233    .data               gimbal_motor.o
    0x200001c1   COMPRESSED   0x00000003   PAD
    0x200001c4   COMPRESSED   0x00000004   Data   RW         5234    .data               gimbal_motor.o
    0x200001c8   COMPRESSED   0x00000004   Data   RW         5235    .data               gimbal_motor.o
    0x200001cc   COMPRESSED   0x00000008   Data   RW         5236    .data               gimbal_motor.o
    0x200001d4   COMPRESSED   0x00000024   Data   RW         5237    .data               gimbal_motor.o
    0x200001f8   COMPRESSED   0x00000001   Data   RW         5238    .data               gimbal_motor.o
    0x200001f9   COMPRESSED   0x00000003   PAD
    0x200001fc   COMPRESSED   0x00000004   Data   RW         5239    .data               gimbal_motor.o
    0x20000200   COMPRESSED   0x00000004   Data   RW         5240    .data               gimbal_motor.o
    0x20000204   COMPRESSED   0x00000008   Data   RW         5241    .data               gimbal_motor.o
    0x2000020c   COMPRESSED   0x00000024   Data   RW         5242    .data               gimbal_motor.o
    0x20000230   COMPRESSED   0x00000008   Data   RW         5243    .data               gimbal_motor.o
    0x20000238   COMPRESSED   0x00000008   Data   RW         5244    .data               gimbal_motor.o
    0x20000240   COMPRESSED   0x00000008   Data   RW         5245    .data               gimbal_motor.o
    0x20000248   COMPRESSED   0x00000001   Data   RW         5274    .data               launcher_motor.o
    0x20000249   COMPRESSED   0x00000003   PAD
    0x2000024c   COMPRESSED   0x00000004   Data   RW         5275    .data               launcher_motor.o
    0x20000250   COMPRESSED   0x00000004   Data   RW         5276    .data               launcher_motor.o
    0x20000254   COMPRESSED   0x00000008   Data   RW         5277    .data               launcher_motor.o
    0x2000025c   COMPRESSED   0x00000024   Data   RW         5278    .data               launcher_motor.o
    0x20000280   COMPRESSED   0x00000001   Data   RW         5279    .data               launcher_motor.o
    0x20000281   COMPRESSED   0x00000003   PAD
    0x20000284   COMPRESSED   0x00000004   Data   RW         5280    .data               launcher_motor.o
    0x20000288   COMPRESSED   0x00000004   Data   RW         5281    .data               launcher_motor.o
    0x2000028c   COMPRESSED   0x00000008   Data   RW         5282    .data               launcher_motor.o
    0x20000294   COMPRESSED   0x00000024   Data   RW         5283    .data               launcher_motor.o
    0x200002b8   COMPRESSED   0x00000001   Data   RW         5284    .data               launcher_motor.o
    0x200002b9   COMPRESSED   0x00000003   PAD
    0x200002bc   COMPRESSED   0x00000004   Data   RW         5285    .data               launcher_motor.o
    0x200002c0   COMPRESSED   0x00000004   Data   RW         5286    .data               launcher_motor.o
    0x200002c4   COMPRESSED   0x00000008   Data   RW         5287    .data               launcher_motor.o
    0x200002cc   COMPRESSED   0x00000024   Data   RW         5288    .data               launcher_motor.o
    0x200002f0   COMPRESSED   0x00000001   Data   RW         5289    .data               launcher_motor.o
    0x200002f1   COMPRESSED   0x00000003   PAD
    0x200002f4   COMPRESSED   0x00000004   Data   RW         5290    .data               launcher_motor.o
    0x200002f8   COMPRESSED   0x00000004   Data   RW         5291    .data               launcher_motor.o
    0x200002fc   COMPRESSED   0x00000008   Data   RW         5292    .data               launcher_motor.o
    0x20000304   COMPRESSED   0x00000024   Data   RW         5293    .data               launcher_motor.o
    0x20000328   COMPRESSED   0x00000008   Data   RW         5294    .data               launcher_motor.o
    0x20000330   COMPRESSED   0x00000008   Data   RW         5295    .data               launcher_motor.o
    0x20000338   COMPRESSED   0x00000008   Data   RW         5296    .data               launcher_motor.o
    0x20000340   COMPRESSED   0x00000008   Data   RW         5297    .data               launcher_motor.o
    0x20000348   COMPRESSED   0x00000004   Data   RW         5340    .data               remote.o
    0x2000034c   COMPRESSED   0x00000008   Data   RW         5341    .data               remote.o
    0x20000354   COMPRESSED   0x00000018   Data   RW         5572    .data               my_judge.o
    0x2000036c   COMPRESSED   0x00000040   Data   RW         5908    .data               config_pid.o
    0x200003ac   COMPRESSED   0x00000040   Data   RW         5909    .data               config_pid.o
    0x200003ec   COMPRESSED   0x00000040   Data   RW         5910    .data               config_pid.o
    0x2000042c   COMPRESSED   0x00000040   Data   RW         5911    .data               config_pid.o
    0x2000046c   COMPRESSED   0x00000040   Data   RW         5912    .data               config_pid.o
    0x200004ac   COMPRESSED   0x00000040   Data   RW         5913    .data               config_pid.o
    0x200004ec   COMPRESSED   0x00000040   Data   RW         5914    .data               config_pid.o
    0x2000052c   COMPRESSED   0x00000040   Data   RW         5915    .data               config_pid.o
    0x2000056c   COMPRESSED   0x00000040   Data   RW         5916    .data               config_pid.o
    0x200005ac   COMPRESSED   0x00000040   Data   RW         5917    .data               config_pid.o
    0x200005ec   COMPRESSED   0x00000040   Data   RW         5918    .data               config_pid.o
    0x2000062c   COMPRESSED   0x00000040   Data   RW         5919    .data               config_pid.o
    0x2000066c   COMPRESSED   0x00000040   Data   RW         5920    .data               config_pid.o
    0x200006ac   COMPRESSED   0x00000040   Data   RW         5921    .data               config_pid.o
    0x200006ec   COMPRESSED   0x00000040   Data   RW         5922    .data               config_pid.o
    0x2000072c   COMPRESSED   0x00000040   Data   RW         5923    .data               config_pid.o
    0x2000076c   COMPRESSED   0x00000040   Data   RW         5924    .data               config_pid.o
    0x200007ac   COMPRESSED   0x00000040   Data   RW         5925    .data               config_pid.o
    0x200007ec   COMPRESSED   0x00000014   Data   RW         5943    .data               config_tracking_differentiator.o
    0x20000800   COMPRESSED   0x00000014   Data   RW         5944    .data               config_tracking_differentiator.o
    0x20000814   COMPRESSED   0x00000010   Data   RW         5992    .data               task.o
    0x20000824   COMPRESSED   0x00000008   Data   RW         6067    .data               car.o
    0x2000082c   COMPRESSED   0x00000022   Data   RW         6068    .data               car.o
    0x2000084e   COMPRESSED   0x00000001   Data   RW         6069    .data               car.o
    0x2000084f   COMPRESSED   0x00000001   PAD
    0x20000850   COMPRESSED   0x0000000c   Data   RW         6243    .data               chassis.o
    0x2000085c   COMPRESSED   0x00000018   Data   RW         6244    .data               chassis.o
    0x20000874   COMPRESSED   0x00000020   Data   RW         6245    .data               chassis.o
    0x20000894   COMPRESSED   0x00000003   Data   RW         6359    .data               gimbal.o
    0x20000897   COMPRESSED   0x00000001   Data   RW         6360    .data               gimbal.o
    0x20000898   COMPRESSED   0x00000001   Data   RW         6361    .data               gimbal.o
    0x20000899   COMPRESSED   0x00000003   PAD
    0x2000089c   COMPRESSED   0x0000001c   Data   RW         6362    .data               gimbal.o
    0x200008b8   COMPRESSED   0x00000024   Data   RW         6363    .data               gimbal.o
    0x200008dc   COMPRESSED   0x00000004   Data   RW         6364    .data               gimbal.o
    0x200008e0   COMPRESSED   0x00000004   Data   RW         6365    .data               gimbal.o
    0x200008e4   COMPRESSED   0x00000004   Data   RW         6366    .data               gimbal.o
    0x200008e8   COMPRESSED   0x00000004   Data   RW         6367    .data               gimbal.o
    0x200008ec   COMPRESSED   0x00000058   Data   RW         6539    .data               launcher.o
    0x20000944   COMPRESSED   0x00000034   Data   RW         6540    .data               launcher.o
    0x20000978   COMPRESSED   0x00000005   Data   RW         6541    .data               launcher.o
    0x2000097d   COMPRESSED   0x00000001   PAD
    0x2000097e   COMPRESSED   0x00000006   Data   RW         6542    .data               launcher.o
    0x20000984   COMPRESSED   0x00000006   Data   RW         6543    .data               launcher.o
    0x2000098a   COMPRESSED   0x00000004   Data   RW         6544    .data               launcher.o
    0x2000098e   COMPRESSED   0x00000004   Data   RW         6545    .data               launcher.o
    0x20000992   COMPRESSED   0x00000004   Data   RW         6546    .data               launcher.o
    0x20000996   COMPRESSED   0x00000004   Data   RW         6547    .data               launcher.o
    0x2000099a   COMPRESSED   0x00000002   Data   RW         6548    .data               launcher.o
    0x2000099c   COMPRESSED   0x00000006   Data   RW         6790    .data               judge.o
    0x200009a2   COMPRESSED   0x00000002   PAD
    0x200009a4   COMPRESSED   0x00000018   Data   RW         6791    .data               judge.o
    0x200009bc        -       0x00000254   Zero   RW           14    .bss                freertos.o
    0x20000c10        -       0x000001ec   Zero   RW          180    .bss                main.o
    0x20000dfc        -       0x00000060   Zero   RW          181    .bss                main.o
    0x20000e5c        -       0x00000060   Zero   RW          182    .bss                main.o
    0x20000ebc        -       0x00000060   Zero   RW          183    .bss                main.o
    0x20000f1c        -       0x00000060   Zero   RW          184    .bss                main.o
    0x20000f7c        -       0x00000060   Zero   RW          185    .bss                main.o
    0x20000fdc        -       0x00000060   Zero   RW          186    .bss                main.o
    0x2000103c        -       0x00000060   Zero   RW          187    .bss                main.o
    0x2000109c        -       0x00000060   Zero   RW          188    .bss                main.o
    0x200010fc        -       0x00000060   Zero   RW          189    .bss                main.o
    0x2000115c        -       0x00000048   Zero   RW          552    .bss                stm32f4xx_hal_timebase_tim.o
    0x200011a4        -       0x000000f0   Zero   RW         3836    .bss                tasks.o
    0x20001294        -       0x00003c00   Zero   RW         4480    .bss                heap_4.o
    0x20004e94        -       0x00000044   Zero   RW         4739    .bss                drv_can.o
    0x20004ed8        -       0x000003e6   Zero   RW         4811    .bss                drv_uart.o
    0x200052be   COMPRESSED   0x00000002   PAD
    0x200052c0        -       0x0000000c   Zero   RW         5090    .bss                cap_protocol.o
    0x200052cc        -       0x00000010   Zero   RW         5177    .bss                chassis_motor.o
    0x200052dc        -       0x00000010   Zero   RW         5178    .bss                chassis_motor.o
    0x200052ec        -       0x00000010   Zero   RW         5179    .bss                chassis_motor.o
    0x200052fc        -       0x00000010   Zero   RW         5180    .bss                chassis_motor.o
    0x2000530c        -       0x00000010   Zero   RW         5225    .bss                gimbal_motor.o
    0x2000531c        -       0x0000000c   Zero   RW         5226    .bss                gimbal_motor.o
    0x20005328        -       0x0000000c   Zero   RW         5227    .bss                gimbal_motor.o
    0x20005334        -       0x0000000c   Zero   RW         5270    .bss                launcher_motor.o
    0x20005340        -       0x00000010   Zero   RW         5271    .bss                launcher_motor.o
    0x20005350        -       0x00000010   Zero   RW         5272    .bss                launcher_motor.o
    0x20005360        -       0x00000010   Zero   RW         5273    .bss                launcher_motor.o
    0x20005370        -       0x00000028   Zero   RW         5337    .bss                remote.o
    0x20005398        -       0x00000086   Zero   RW         5338    .bss                remote.o
    0x2000541e   COMPRESSED   0x00000002   PAD
    0x20005420        -       0x00000014   Zero   RW         5339    .bss                remote.o
    0x20005434        -       0x00000152   Zero   RW         5571    .bss                my_judge.o
    0x20005586   COMPRESSED   0x00000002   PAD
    0x20005588        -       0x00000018   Zero   RW         5988    .bss                task.o
    0x200055a0        -       0x00000018   Zero   RW         5989    .bss                task.o
    0x200055b8        -       0x00000018   Zero   RW         5990    .bss                task.o
    0x200055d0        -       0x00000018   Zero   RW         5991    .bss                task.o
    0x200055e8        -       0x00000016   Zero   RW         6242    .bss                chassis.o
    0x200055fe   COMPRESSED   0x00000002   PAD
    0x20005600        -       0x0000002c   Zero   RW         6358    .bss                gimbal.o
    0x2000562c        -       0x00000048   Zero   RW         6538    .bss                launcher.o
    0x20005674   COMPRESSED   0x00000004   PAD
    0x20005678        -       0x00000060   Zero   RW         6789    .bss                judge.o
    0x200056d8        -       0x00000060   Zero   RW         8939    .bss                c_w.l(libspace.o)
    0x20005738        -       0x00000200   Zero   RW            2    HEAP                startup_stm32f407xx.o
    0x20005938        -       0x00000400   Zero   RW            1    STACK               startup_stm32f407xx.o


==============================================================================

Image component sizes


      Code (inc. data)   RO Data    RW Data    ZI Data      Debug   Object Name

       420         16          0          0          0       3905   2006_motor.o
       426         16          0          0          0       3905   3508_motor.o
       224          0          0          0          0       2637   6020_motor.o
       122         14          0          0         12       2705   cap_protocol.o
      1128        190          0         43          0      16744   car.o
      2472         92          0         68         22      10403   chassis.o
         0          0          0        228         64       1422   chassis_motor.o
       120          0          0          0          0      23353   cmsis_os.o
       236         24          0          0          0       2100   config_can.o
         0          0          0       1152          0       1288   config_pid.o
         0          0          0         40          0        459   config_tracking_differentiator.o
        42          4          0          0          0       3147   config_uart.o
       144         16        512          2          0       2834   crc16.o
       106          6        256          0          0       2698   crc8.o
        94         22          0          0          0      11881   drive.o
       354         44          0          0         68       4553   drv_can.o
      1262        104          0          0        998       8016   drv_uart.o
         0          0          0          0          0      16916   event_groups.o
        20          4          0          0        596     721772   freertos.o
      2472        166          0         85         44      18993   gimbal.o
         0          0          0        179         40       1108   gimbal_motor.o
       472         24          0         32      15360       7463   heap_4.o
       238         22          0         30         96       4673   judge.o
       104          6          0         14          0       5947   judge_potocol.o
      3376        288          0        175         72      27965   launcher.o
         0          0          0        244         60       1322   launcher_motor.o
       138          0          0          0          0       3582   list.o
      1378        106        168         16       1356      20002   main.o
        10          0          0          0          0        626   math_support.o
      1390         80          0         24        338       9427   my_judge.o
       276         10          0          0          0       1640   pid.o
       702         72          0         12          0      11064   port.o
      1040         22          0         12        194      10720   remote.o
       458          0          0          0          0       1703   remote_potocol.o
        64         26        392          0       1536        852   startup_stm32f407xx.o
        80         14          0         12          0       8122   stm32f4xx_hal.o
      1638          6          0          0          0      14403   stm32f4xx_hal_can.o
       194         24          0          0          0      33805   stm32f4xx_hal_cortex.o
      1084         16          8          0          0       7410   stm32f4xx_hal_dma.o
       516         46          0          0          0       2883   stm32f4xx_hal_gpio.o
      1548        140          0          4          0       5544   stm32f4xx_hal_msp.o
      1412         86          0          0          0       5945   stm32f4xx_hal_rcc.o
      1694        136          0          0          0      13675   stm32f4xx_hal_tim.o
       232         28          0          0          0       3309   stm32f4xx_hal_tim_ex.o
       116         14          0          0         72       1443   stm32f4xx_hal_timebase_tim.o
      1596         30          0          0          0      12322   stm32f4xx_hal_uart.o
       276        102          0          0          0      11235   stm32f4xx_it.o
         0          0          0          0          0        392   stream_buffer.o
        16          4         24          4          0       1151   system_stm32f4xx.o
       588         50          0         16         96       3090   task.o
      1520        112          0         60        240      19598   tasks.o
        98          8          0          0          0       2553   timer.o
       500          0          0          0          0       3710   tracking_differentiator.o

    ----------------------------------------------------------------------
     32468       2190       1392       2492      21276    1118415   Object Totals
         0          0         32          0          0          0   (incl. Generated)
        72          0          0         40         12          0   (incl. Padding)

    ----------------------------------------------------------------------

      Code (inc. data)   RO Data    RW Data    ZI Data      Debug   Library Member Name

        90          0          0          0          0          0   __dczerorl2.o
         8          0          0          0          0         68   __main.o
         0          0          0          0          0          0   __rtentry.o
        12          0          0          0          0          0   __rtentry2.o
         6          0          0          0          0          0   __rtentry4.o
        52          8          0          0          0          0   __scatter.o
        28          0          0          0          0          0   __scatter_zi.o
        22          0          0          0          0        100   _rserrno.o
        18          0          0          0          0         80   exit.o
         6          0          0          0          0        152   heapauxi.o
         0          0          0          0          0          0   indicate_semi.o
         2          0          0          0          0          0   libinit.o
         6          0          0          0          0          0   libinit2.o
         2          0          0          0          0          0   libshutdown.o
         2          0          0          0          0          0   libshutdown2.o
         8          4          0          0         96         68   libspace.o
       238          0          0          0          0        100   lludivv7m.o
         8          4          0          0          0         68   rt_errno_addr_intlibspace.o
        68          0          0          0          0         68   rt_memclr.o
        78          0          0          0          0         80   rt_memclr_w.o
       138          0          0          0          0         68   rt_memcpy_v6.o
       100          0          0          0          0         80   rt_memcpy_w.o
         2          0          0          0          0          0   rtexit.o
        10          0          0          0          0          0   rtexit2.o
        12          4          0          0          0         68   sys_exit.o
        74          0          0          0          0         80   sys_stackheap_outer.o
         2          0          0          0          0         68   use_no_semi.o
        24          0          0          0          0        164   basic.o
        98          4          0          0          0        140   d2f.o
       826         16          0          0          0        492   daddsub_clz.o
        16          4          0          0          0        116   dcheck1.o
        24          0          0          0          0        116   dcmpi.o
       688        140          0          0          0        256   ddiv.o
        94          4          0          0          0        140   dfix.o
        46          0          0          0          0        116   dflt_clz.o
       120          4          0          0          0        140   dleqf.o
       340         12          0          0          0        152   dmul.o
       156          4          0          0          0        140   dnaninf.o
        12          0          0          0          0        116   dretinf.o
       108          0          0          0          0        128   drleqf.o
       408         56          0          0          0        168   dsqrt_umaal.o
        86          4          0          0          0        132   f2d.o
       140          4          0          0          0        132   fnaninf.o
        10          0          0          0          0        116   fpinit.o
        10          0          0          0          0        116   fretinf.o
       100          0          0          0          0        116   retnan.o
        92          0          0          0          0        116   scalbn.o
        48          0          0          0          0        116   trapv.o
         0          0          0          0          0          0   usenofp.o
       164         44          0          0          0        620   dunder.o
        24          0          0          0          0        124   fabs.o
        48          0          0          0          0        124   fpclassify.o
       248          0          0          0          0        152   poly.o
      3152        296        136          0          0        352   pow.o
         0          0          8          0          0          0   qnan.o
       232          0          0          0          0        296   sqrt.o

    ----------------------------------------------------------------------
      8332        612        144          0         96       6044   Library Totals
        26          0          0          0          0          0   (incl. Padding)

    ----------------------------------------------------------------------

      Code (inc. data)   RO Data    RW Data    ZI Data      Debug   Library Name

       992         20          0          0         96       1148   c_w.l
      3446        252          0          0          0       3228   fz_wm.l
      3868        340        144          0          0       1668   m_wm.l

    ----------------------------------------------------------------------
      8332        612        144          0         96       6044   Library Totals

    ----------------------------------------------------------------------

==============================================================================


      Code (inc. data)   RO Data    RW Data    ZI Data      Debug   

     40800       2802       1536       2492      21372    1088739   Grand Totals
     40800       2802       1536        772      21372    1088739   ELF Image Totals (compressed)
     40800       2802       1536        772          0          0   ROM Totals

==============================================================================

    Total RO  Size (Code + RO Data)                42336 (  41.34kB)
    Total RW  Size (RW Data + ZI Data)             23864 (  23.30kB)
    Total ROM Size (Code + RO Data + RW Data)      43108 (  42.10kB)

==============================================================================

