Component: ARM Compiler 5.06 update 6 (build 750) Tool: armlink [4d35ed]

==============================================================================

Section Cross References

    startup_stm32f407xx.o(STACK) refers (Special) to heapauxi.o(.text) for __use_two_region_memory
    startup_stm32f407xx.o(HEAP) refers (Special) to heapauxi.o(.text) for __use_two_region_memory
    startup_stm32f407xx.o(RESET) refers (Special) to heapauxi.o(.text) for __use_two_region_memory
    startup_stm32f407xx.o(RESET) refers to startup_stm32f407xx.o(STACK) for __initial_sp
    startup_stm32f407xx.o(RESET) refers to startup_stm32f407xx.o(.text) for Reset_Handler
    startup_stm32f407xx.o(RESET) refers to stm32f4xx_it.o(i.NMI_Handler) for NMI_Handler
    startup_stm32f407xx.o(RESET) refers to stm32f4xx_it.o(i.HardFault_Handler) for HardFault_Handler
    startup_stm32f407xx.o(RESET) refers to stm32f4xx_it.o(i.MemManage_Handler) for MemManage_Handler
    startup_stm32f407xx.o(RESET) refers to stm32f4xx_it.o(i.BusFault_Handler) for BusFault_Handler
    startup_stm32f407xx.o(RESET) refers to stm32f4xx_it.o(i.UsageFault_Handler) for UsageFault_Handler
    startup_stm32f407xx.o(RESET) refers to port.o(.emb_text) for SVC_Handler
    startup_stm32f407xx.o(RESET) refers to stm32f4xx_it.o(i.DebugMon_Handler) for DebugMon_Handler
    startup_stm32f407xx.o(RESET) refers to port.o(i.SysTick_Handler) for SysTick_Handler
    startup_stm32f407xx.o(RESET) refers to stm32f4xx_it.o(i.DMA1_Stream0_IRQHandler) for DMA1_Stream0_IRQHandler
    startup_stm32f407xx.o(RESET) refers to stm32f4xx_it.o(i.DMA1_Stream1_IRQHandler) for DMA1_Stream1_IRQHandler
    startup_stm32f407xx.o(RESET) refers to stm32f4xx_it.o(i.DMA1_Stream2_IRQHandler) for DMA1_Stream2_IRQHandler
    startup_stm32f407xx.o(RESET) refers to stm32f4xx_it.o(i.DMA1_Stream5_IRQHandler) for DMA1_Stream5_IRQHandler
    startup_stm32f407xx.o(RESET) refers to stm32f4xx_it.o(i.CAN1_RX0_IRQHandler) for CAN1_RX0_IRQHandler
    startup_stm32f407xx.o(RESET) refers to stm32f4xx_it.o(i.TIM2_IRQHandler) for TIM2_IRQHandler
    startup_stm32f407xx.o(RESET) refers to stm32f4xx_it.o(i.USART1_IRQHandler) for USART1_IRQHandler
    startup_stm32f407xx.o(RESET) refers to stm32f4xx_it.o(i.USART2_IRQHandler) for USART2_IRQHandler
    startup_stm32f407xx.o(RESET) refers to stm32f4xx_it.o(i.USART3_IRQHandler) for USART3_IRQHandler
    startup_stm32f407xx.o(RESET) refers to stm32f4xx_it.o(i.DMA1_Stream7_IRQHandler) for DMA1_Stream7_IRQHandler
    startup_stm32f407xx.o(RESET) refers to stm32f4xx_it.o(i.UART4_IRQHandler) for UART4_IRQHandler
    startup_stm32f407xx.o(RESET) refers to stm32f4xx_it.o(i.UART5_IRQHandler) for UART5_IRQHandler
    startup_stm32f407xx.o(RESET) refers to stm32f4xx_it.o(i.DMA2_Stream2_IRQHandler) for DMA2_Stream2_IRQHandler
    startup_stm32f407xx.o(RESET) refers to stm32f4xx_it.o(i.CAN2_RX0_IRQHandler) for CAN2_RX0_IRQHandler
    startup_stm32f407xx.o(RESET) refers to stm32f4xx_it.o(i.DMA2_Stream7_IRQHandler) for DMA2_Stream7_IRQHandler
    startup_stm32f407xx.o(.text) refers (Special) to heapauxi.o(.text) for __use_two_region_memory
    startup_stm32f407xx.o(.text) refers to system_stm32f4xx.o(i.SystemInit) for SystemInit
    startup_stm32f407xx.o(.text) refers to __main.o(!!!main) for __main
    startup_stm32f407xx.o(.text) refers to startup_stm32f407xx.o(HEAP) for Heap_Mem
    startup_stm32f407xx.o(.text) refers to startup_stm32f407xx.o(STACK) for Stack_Mem
    main.o(i.Control_Task) refers to cmsis_os.o(i.osDelay) for osDelay
    main.o(i.HAL_TIM_PeriodElapsedCallback) refers to stm32f4xx_hal.o(i.HAL_IncTick) for HAL_IncTick
    main.o(i.Interaction_Task) refers to cmsis_os.o(i.osDelay) for osDelay
    main.o(i.MX_CAN1_Init) refers to stm32f4xx_hal_can.o(i.HAL_CAN_Init) for HAL_CAN_Init
    main.o(i.MX_CAN1_Init) refers to main.o(.bss) for .bss
    main.o(i.MX_CAN2_Init) refers to stm32f4xx_hal_can.o(i.HAL_CAN_Init) for HAL_CAN_Init
    main.o(i.MX_CAN2_Init) refers to main.o(.bss) for .bss
    main.o(i.MX_DMA_Init) refers to stm32f4xx_hal_cortex.o(i.HAL_NVIC_SetPriority) for HAL_NVIC_SetPriority
    main.o(i.MX_DMA_Init) refers to stm32f4xx_hal_cortex.o(i.HAL_NVIC_EnableIRQ) for HAL_NVIC_EnableIRQ
    main.o(i.MX_GPIO_Init) refers to rt_memclr_w.o(.text) for __aeabi_memclr4
    main.o(i.MX_GPIO_Init) refers to stm32f4xx_hal_gpio.o(i.HAL_GPIO_WritePin) for HAL_GPIO_WritePin
    main.o(i.MX_GPIO_Init) refers to stm32f4xx_hal_gpio.o(i.HAL_GPIO_Init) for HAL_GPIO_Init
    main.o(i.Realtime_Task) refers to cmsis_os.o(i.osDelay) for osDelay
    main.o(i.StartDefaultTask) refers to cmsis_os.o(i.osDelay) for osDelay
    main.o(i.SystemClock_Config) refers to rt_memclr_w.o(.text) for __aeabi_memclr4
    main.o(i.SystemClock_Config) refers to stm32f4xx_hal_rcc.o(i.HAL_RCC_OscConfig) for HAL_RCC_OscConfig
    main.o(i.SystemClock_Config) refers to stm32f4xx_hal_rcc.o(i.HAL_RCC_ClockConfig) for HAL_RCC_ClockConfig
    main.o(i.main) refers to stm32f4xx_hal.o(i.HAL_Init) for HAL_Init
[...]
    i.osThreadCreate                         0x0800350e   Section        0  cmsis_os.o(i.osThreadCreate)
    i.prvAddCurrentTaskToDelayedList         0x08003564   Section        0  tasks.o(i.prvAddCurrentTaskToDelayedList)
    prvAddCurrentTaskToDelayedList           0x08003565   Thumb Code   102  tasks.o(i.prvAddCurrentTaskToDelayedList)
    i.prvAddNewTaskToReadyList               0x080035d4   Section        0  tasks.o(i.prvAddNewTaskToReadyList)
    prvAddNewTaskToReadyList                 0x080035d5   Thumb Code   194  tasks.o(i.prvAddNewTaskToReadyList)
    i.prvDeleteTCB                           0x080036a4   Section        0  tasks.o(i.prvDeleteTCB)
    prvDeleteTCB                             0x080036a5   Thumb Code    52  tasks.o(i.prvDeleteTCB)
    i.prvHeapInit                            0x080036d8   Section        0  heap_4.o(i.prvHeapInit)
    prvHeapInit                              0x080036d9   Thumb Code    66  heap_4.o(i.prvHeapInit)
    i.prvIdleTask                            0x08003724   Section        0  tasks.o(i.prvIdleTask)
    prvIdleTask                              0x08003725   Thumb Code    82  tasks.o(i.prvIdleTask)
    i.prvInitialiseNewTask                   0x08003784   Section        0  tasks.o(i.prvInitialiseNewTask)
    prvInitialiseNewTask                     0x08003785   Thumb Code   152  tasks.o(i.prvInitialiseNewTask)
    i.prvInsertBlockIntoFreeList             0x0800381c   Section        0  heap_4.o(i.prvInsertBlockIntoFreeList)
    prvInsertBlockIntoFreeList               0x0800381d   Thumb Code    72  heap_4.o(i.prvInsertBlockIntoFreeList)
    i.prvResetNextTaskUnblockTime            0x08003868   Section        0  tasks.o(i.prvResetNextTaskUnblockTime)
    prvResetNextTaskUnblockTime              0x08003869   Thumb Code    26  tasks.o(i.prvResetNextTaskUnblockTime)
    i.prvTaskExitError                       0x08003888   Section        0  port.o(i.prvTaskExitError)
    prvTaskExitError                         0x08003889   Thumb Code    36  port.o(i.prvTaskExitError)
    i.pvPortMalloc                           0x080038b0   Section        0  heap_4.o(i.pvPortMalloc)
    i.pxPortInitialiseStack                  0x0800398c   Section        0  port.o(i.pxPortInitialiseStack)
    i.tick_task                              0x080039b8   Section        0  my_judge.o(i.tick_task)
    i.timer_init                             0x080039f0   Section        0  timer.o(i.timer_init)
    i.uart_rx_idle_callback                  0x080039f8   Section        0  drv_uart.o(i.uart_rx_idle_callback)
    uart_rx_idle_callback                    0x080039f9   Thumb Code   206  drv_uart.o(i.uart_rx_idle_callback)
    i.up_send_game_robot_state               0x08003ae8   Section        0  up_com_protocol.o(i.up_send_game_robot_state)
    i.up_send_power_heat                     0x08003b28   Section        0  up_com_protocol.o(i.up_send_power_heat)
    i.up_send_robot_hurt                     0x08003b60   Section        0  up_com_protocol.o(i.up_send_robot_hurt)
    i.uxListRemove                           0x08003b98   Section        0  list.o(i.uxListRemove)
    i.vApplicationGetIdleTaskMemory          0x08003bc0   Section        0  freertos.o(i.vApplicationGetIdleTaskMemory)
    i.vListInitialise                        0x08003bd4   Section        0  list.o(i.vListInitialise)
    i.vListInitialiseItem                    0x08003bea   Section        0  list.o(i.vListInitialiseItem)
    i.vListInsert                            0x08003bf0   Section        0  list.o(i.vListInsert)
    i.vListInsertEnd                         0x08003c20   Section        0  list.o(i.vListInsertEnd)
    i.vPortEnterCritical                     0x08003c38   Section        0  port.o(i.vPortEnterCritical)
    i.vPortExitCritical                      0x08003c78   Section        0  port.o(i.vPortExitCritical)
    i.vPortFree                              0x08003ca0   Section        0  heap_4.o(i.vPortFree)
    i.vPortSetupTimerInterrupt               0x08003d04   Section        0  port.o(i.vPortSetupTimerInterrupt)
    i.vTaskDelay                             0x08003d28   Section        0  tasks.o(i.vTaskDelay)
    i.vTaskStartScheduler                    0x08003d74   Section        0  tasks.o(i.vTaskStartScheduler)
    i.vTaskSuspendAll                        0x08003de0   Section        0  tasks.o(i.vTaskSuspendAll)
    i.vTaskSwitchContext                     0x08003df0   Section        0  tasks.o(i.vTaskSwitchContext)
    i.xPortStartScheduler                    0x08003e4c   Section        0  port.o(i.xPortStartScheduler)
    i.xTaskCreate                            0x08003f40   Section        0  tasks.o(i.xTaskCreate)
    i.xTaskCreateStatic                      0x08003f9a   Section        0  tasks.o(i.xTaskCreateStatic)
    i.xTaskIncrementTick                     0x08003ff0   Section        0  tasks.o(i.xTaskIncrementTick)
    i.xTaskResumeAll                         0x080040bc   Section        0  tasks.o(i.xTaskResumeAll)
    x$fpl$fpinit                             0x08004180   Section       10  fpinit.o(x$fpl$fpinit)
    $v0                                      0x08004180   Number         0  fpinit.o(x$fpl$fpinit)
    .constdata                               0x0800418c   Section      112  main.o(.constdata)
    .constdata                               0x080041fc   Section        8  stm32f4xx_hal_dma.o(.constdata)
    flagBitshiftOffset                       0x080041fc   Data           8  stm32f4xx_hal_dma.o(.constdata)
    .constdata                               0x08004204   Section       16  system_stm32f4xx.o(.constdata)
    .constdata                               0x08004214   Section        8  system_stm32f4xx.o(.constdata)
    .constdata                               0x0800421c   Section      512  crc16.o(.constdata)
    .constdata                               0x0800441c   Section      256  crc8.o(.constdata)
    .conststring                             0x0800451c   Section       56  main.o(.conststring)
    .data                                    0x20000000   Section       16  main.o(.data)
    .data                                    0x20000010   Section        4  stm32f4xx_hal_msp.o(.data)
    HAL_RCC_CAN1_CLK_ENABLED                 0x20000010   Data           4  stm32f4xx_hal_msp.o(.data)
    .data                                    0x20000014   Section       12  stm32f4xx_hal.o(.data)
    .data                                    0x20000020   Section        4  system_stm32f4xx.o(.data)
    .data                                    0x20000024   Section       60  tasks.o(.data)
    uxDeletedTasksWaitingCleanUp             0x20000028   Data           4  tasks.o(.data)
    uxCurrentNumberOfTasks                   0x2000002c   Data           4  tasks.o(.data)
    xTickCount                               0x20000030   Data           4  tasks.o(.data)
    uxTopReadyPriority                       0x20000034   Data           4  tasks.o(.data)
    xSchedulerRunning                        0x20000038   Data           4  tasks.o(.data)
    xPendedTicks                             0x2000003c   Data           4  tasks.o(.data)
    xYieldPending                            0x20000040   Data           4  tasks.o(.data)
    xNumOfOverflows                          0x20000044   Data           4  tasks.o(.data)
    uxTaskNumber                             0x20000048   Data           4  tasks.o(.data)
    xNextTaskUnblockTime                     0x2000004c   Data           4  tasks.o(.data)
    xIdleTaskHandle                          0x20000050   Data           4  tasks.o(.data)
    uxSchedulerSuspended                     0x20000054   Data           4  tasks.o(.data)
    pxDelayedTaskList                        0x20000058   Data           4  tasks.o(.data)
    pxOverflowDelayedTaskList                0x2000005c   Data           4  tasks.o(.data)
    .data                                    0x20000060   Section       32  heap_4.o(.data)
    pxEnd                                    0x20000060   Data           4  heap_4.o(.data)
    xFreeBytesRemaining                      0x20000064   Data           4  heap_4.o(.data)
    xMinimumEverFreeBytesRemaining           0x20000068   Data           4  heap_4.o(.data)
    xNumberOfSuccessfulAllocations           0x2000006c   Data           4  heap_4.o(.data)
    xNumberOfSuccessfulFrees                 0x20000070   Data           4  heap_4.o(.data)
    xBlockAllocatedBit                       0x20000074   Data           4  heap_4.o(.data)
    xStart                                   0x20000078   Data           8  heap_4.o(.data)
    .data                                    0x20000080   Section       12  port.o(.data)
    ucMaxSysCallPriority                     0x20000080   Data           1  port.o(.data)
    uxCriticalNesting                        0x20000084   Data           4  port.o(.data)
    ulMaxPRIGROUPValue                       0x20000088   Data           4  port.o(.data)
    .data                                    0x2000008c   Section       40  up_com_protocol.o(.data)
    .data                                    0x200000b4   Section        2  crc16.o(.data)
    .data                                    0x200000b6   Section       16  cap_protocol.o(.data)
    .data                                    0x200000c8   Section        8  judge_protocol.o(.data)
    .data                                    0x200000d0   Section        6  judge_protocol.o(.data)
    .data                                    0x200000d6   Section        2  cap.o(.data)
    .data                                    0x200000d8   Section        8  task.o(.data)
    .data                                    0x200000e0   Section        4  judge.o(.data)
    .data                                    0x200000e4   Section        8  my_judge.o(.data)
    task_num                                 0x200000e4   Data           1  my_judge.o(.data)
    cnt                                      0x200000e6   Data           2  my_judge.o(.data)
    .bss                                     0x200000ec   Section      432  main.o(.bss)
    .bss                                     0x2000029c   Section       96  main.o(.bss)
    .bss                                     0x200002fc   Section       96  main.o(.bss)
    .bss                                     0x2000035c   Section       96  main.o(.bss)
    .bss                                     0x200003bc   Section       96  main.o(.bss)
    .bss                                     0x2000041c   Section       96  main.o(.bss)
    .bss                                     0x2000047c   Section       96  main.o(.bss)
    .bss                                     0x200004dc   Section       96  main.o(.bss)
    .bss                                     0x2000053c   Section      596  freertos.o(.bss)
    xIdleTaskTCBBuffer                       0x2000053c   Data          84  freertos.o(.bss)
    xIdleStack                               0x20000590   Data         512  freertos.o(.bss)
    .bss                                     0x20000790   Section       72  stm32f4xx_hal_timebase_tim.o(.bss)
    .bss                                     0x200007d8   Section      240  tasks.o(.bss)
    pxReadyTasksLists                        0x200007d8   Data         140  tasks.o(.bss)
    xDelayedTaskList1                        0x20000864   Data          20  tasks.o(.bss)
    xDelayedTaskList2                        0x20000878   Data          20  tasks.o(.bss)
    xPendingReadyList                        0x2000088c   Data          20  tasks.o(.bss)
    xTasksWaitingTermination                 0x200008a0   Data          20  tasks.o(.bss)
    xSuspendedTaskList                       0x200008b4   Data          20  tasks.o(.bss)
    .bss                                     0x200008c8   Section    15360  heap_4.o(.bss)
    ucHeap                                   0x200008c8   Data       15360  heap_4.o(.bss)
    .bss                                     0x200044c8   Section       52  drv_can.o(.bss)
    .bss                                     0x200044fc   Section      998  drv_uart.o(.bss)
    .bss                                     0x200048e4   Section       12  cap_protocol.o(.bss)
    .bss                                     0x200048f0   Section       24  task.o(.bss)
    .bss                                     0x20004908   Section       24  task.o(.bss)
    .bss                                     0x20004920   Section       96  judge.o(.bss)
    .bss                                     0x20004980   Section       96  libspace.o(.bss)
    HEAP                                     0x200049e0   Section      512  startup_stm32f407xx.o(HEAP)
    Heap_Mem                                 0x200049e0   Data         512  startup_stm32f407xx.o(HEAP)
    STACK                                    0x20004be0   Section     1024  startup_stm32f407xx.o(STACK)
    Stack_Mem                                0x20004be0   Data        1024  startup_stm32f407xx.o(STACK)
    __initial_sp                             0x20004fe0   Data           0  startup_stm32f407xx.o(STACK)

    Global Symbols

    Symbol Name                              Value     Ov Type        Size  Object(Section)

    BuildAttributes$$THM_ISAv4$E$P$D$K$B$S$7EM$VFPi3$EXTD16$VFPS$VFMA$PE$A:L22UL41UL21$X:L11$S22US41US21$IEEE1$IW$USESV6$~STKCKD$USESV7$~SHL$OTIME$ROPI$IEEEX$EBA8$UX$STANDARDLIB$REQ8$PRES8$EABIv2 0x00000000   Number         0  anon$$obj.o ABSOLUTE
    __ARM_use_no_argv                        0x00000000   Number         0  main.o ABSOLUTE
    __ARM_exceptions_init                     - Undefined Weak Reference
    __alloca_initialize                       - Undefined Weak Reference
    __arm_preinit_                            - Undefined Weak Reference
    __cpp_initialize__aeabi_                  - Undefined Weak Reference
    __cxa_finalize                            - Undefined Weak Reference
    __rt_locale                               - Undefined Weak Reference
    __sigvec_lookup                           - Undefined Weak Reference
    __user_heap_extent                        - Undefined Weak Reference
    _atexit_init                              - Undefined Weak Reference
    _call_atexit_fns                          - Undefined Weak Reference
    _clock_init                               - Undefined Weak Reference
    _fp_trap_init                             - Undefined Weak Reference
    _fp_trap_shutdown                         - Undefined Weak Reference
    _get_lc_collate                           - Undefined Weak Reference
    _get_lc_ctype                             - Undefined Weak Reference
    _get_lc_monetary                          - Undefined Weak Reference
    _get_lc_numeric                           - Undefined Weak Reference
    _get_lc_time                              - Undefined Weak Reference
    _getenv_init                              - Undefined Weak Reference
    _handle_redirection                       - Undefined Weak Reference
    _initio                                   - Undefined Weak Reference
    _mutex_acquire                            - Undefined Weak Reference
    _mutex_free                               - Undefined Weak Reference
    _mutex_release                            - Undefined Weak Reference
    _rand_init                                - Undefined Weak Reference
    _signal_finish                            - Undefined Weak Reference
    _signal_init                              - Undefined Weak Reference
    _terminateio                              - Undefined Weak Reference
    __Vectors_Size                           0x00000188   Number         0  startup_stm32f407xx.o ABSOLUTE
    __Vectors                                0x08000000   Data           4  startup_stm32f407xx.o(RESET)
    __Vectors_End                            0x08000188   Data           0  startup_stm32f407xx.o(RESET)
    __main                                   0x08000189   Thumb Code     8  __main.o(!!!main)
    __scatterload                            0x08000191   Thumb Code     0  __scatter.o(!!!scatter)
    __scatterload_rt2                        0x08000191   Thumb Code    44  __scatter.o(!!!scatter)
    __scatterload_rt2_thumb_only             0x08000191   Thumb Code     0  __scatter.o(!!!scatter)
    __scatterload_null                       0x0800019f   Thumb Code     0  __scatter.o(!!!scatter)
    __scatterload_copy                       0x080001c5   Thumb Code    26  __scatter_copy.o(!!handler_copy)
    __scatterload_zeroinit                   0x080001e1   Thumb Code    28  __scatter_zi.o(!!handler_zi)
    __rt_lib_init                            0x080001fd   Thumb Code     0  libinit.o(.ARM.Collect$$libinit$$00000000)
    __rt_lib_init_fp_1                       0x080001ff   Thumb Code     0  libinit2.o(.ARM.Collect$$libinit$$00000001)
    __rt_lib_init_alloca_1                   0x08000203   Thumb Code     0  libinit2.o(.ARM.Collect$$libinit$$0000002E)
    __rt_lib_init_argv_1                     0x08000203   Thumb Code     0  libinit2.o(.ARM.Collect$$libinit$$0000002C)
    __rt_lib_init_atexit_1                   0x08000203   Thumb Code     0  libinit2.o(.ARM.Collect$$libinit$$0000001B)
    __rt_lib_init_clock_1                    0x08000203   Thumb Code     0  libinit2.o(.ARM.Collect$$libinit$$00000021)
    __rt_lib_init_cpp_1                      0x08000203   Thumb Code     0  libinit2.o(.ARM.Collect$$libinit$$00000032)
    __rt_lib_init_exceptions_1               0x08000203   Thumb Code     0  libinit2.o(.ARM.Collect$$libinit$$00000030)
    __rt_lib_init_fp_trap_1                  0x08000203   Thumb Code     0  libinit2.o(.ARM.Collect$$libinit$$0000001F)
    __rt_lib_init_getenv_1                   0x08000203   Thumb Code     0  libinit2.o(.ARM.Collect$$libinit$$00000023)
    __rt_lib_init_heap_1                     0x08000203   Thumb Code     0  libinit2.o(.ARM.Collect$$libinit$$0000000A)
    __rt_lib_init_lc_collate_1               0x08000203   Thumb Code     0  libinit2.o(.ARM.Collect$$libinit$$00000011)
    __rt_lib_init_lc_ctype_1                 0x08000203   Thumb Code     0  libinit2.o(.ARM.Collect$$libinit$$00000013)
    __rt_lib_init_lc_monetary_1              0x08000203   Thumb Code     0  libinit2.o(.ARM.Collect$$libinit$$00000015)
    __rt_lib_init_lc_numeric_1               0x08000203   Thumb Code     0  libinit2.o(.ARM.Collect$$libinit$$00000017)
    __rt_lib_init_lc_time_1                  0x08000203   Thumb Code     0  libinit2.o(.ARM.Collect$$libinit$$00000019)
    __rt_lib_init_preinit_1                  0x08000203   Thumb Code     0  libinit2.o(.ARM.Collect$$libinit$$00000004)
    __rt_lib_init_rand_1                     0x08000203   Thumb Code     0  libinit2.o(.ARM.Collect$$libinit$$0000000E)
    __rt_lib_init_return                     0x08000203   Thumb Code     0  libinit2.o(.ARM.Collect$$libinit$$00000033)
    __rt_lib_init_signal_1                   0x08000203   Thumb Code     0  libinit2.o(.ARM.Collect$$libinit$$0000001D)
    __rt_lib_init_stdio_1                    0x08000203   Thumb Code     0  libinit2.o(.ARM.Collect$$libinit$$00000025)
    __rt_lib_init_user_alloc_1               0x08000203   Thumb Code     0  libinit2.o(.ARM.Collect$$libinit$$0000000C)
    __rt_lib_shutdown                        0x08000205   Thumb Code     0  libshutdown.o(.ARM.Collect$$libshutdown$$00000000)
    __rt_lib_shutdown_cpp_1                  0x08000207   Thumb Code     0  libshutdown2.o(.ARM.Collect$$libshutdown$$00000002)
    __rt_lib_shutdown_fp_trap_1              0x08000207   Thumb Code     0  libshutdown2.o(.ARM.Collect$$libshutdown$$00000007)
    __rt_lib_shutdown_heap_1                 0x08000207   Thumb Code     0  libshutdown2.o(.ARM.Collect$$libshutdown$$0000000F)
    __rt_lib_shutdown_return                 0x08000207   Thumb Code     0  libshutdown2.o(.ARM.Collect$$libshutdown$$00000010)
    __rt_lib_shutdown_signal_1               0x08000207   Thumb Code     0  libshutdown2.o(.ARM.Collect$$libshutdown$$0000000A)
    __rt_lib_shutdown_stdio_1                0x08000207   Thumb Code     0  libshutdown2.o(.ARM.Collect$$libshutdown$$00000004)
    __rt_lib_shutdown_user_alloc_1           0x08000207   Thumb Code     0  libshutdown2.o(.ARM.Collect$$libshutdown$$0000000C)
    __rt_entry                               0x08000209   Thumb Code     0  __rtentry.o(.ARM.Collect$$rtentry$$00000000)
    __rt_entry_presh_1                       0x08000209   Thumb Code     0  __rtentry2.o(.ARM.Collect$$rtentry$$00000002)
    __rt_entry_sh                            0x08000209   Thumb Code     0  __rtentry4.o(.ARM.Collect$$rtentry$$00000004)
    __rt_entry_li                            0x0800020f   Thumb Code     0  __rtentry2.o(.ARM.Collect$$rtentry$$0000000A)
    __rt_entry_postsh_1                      0x0800020f   Thumb Code     0  __rtentry2.o(.ARM.Collect$$rtentry$$00000009)
    __rt_entry_main                          0x08000213   Thumb Code     0  __rtentry2.o(.ARM.Collect$$rtentry$$0000000D)
    __rt_entry_postli_1                      0x08000213   Thumb Code     0  __rtentry2.o(.ARM.Collect$$rtentry$$0000000C)
    __rt_exit                                0x0800021b   Thumb Code     0  rtexit.o(.ARM.Collect$$rtexit$$00000000)
    __rt_exit_ls                             0x0800021d   Thumb Code     0  rtexit2.o(.ARM.Collect$$rtexit$$00000003)
    __rt_exit_prels_1                        0x0800021d   Thumb Code     0  rtexit2.o(.ARM.Collect$$rtexit$$00000002)
    __rt_exit_exit                           0x08000221   Thumb Code     0  rtexit2.o(.ARM.Collect$$rtexit$$00000004)
    SVC_Handler                              0x08000229   Thumb Code    28  port.o(.emb_text)
    __asm___6_port_c_39a90d8d__prvStartFirstTask 0x08000249   Thumb Code    36  port.o(.emb_text)
    __asm___6_port_c_39a90d8d__prvEnableVFP  0x08000271   Thumb Code    16  port.o(.emb_text)
    PendSV_Handler                           0x08000285   Thumb Code    88  port.o(.emb_text)
    vPortGetIPSR                             0x080002e1   Thumb Code     6  port.o(.emb_text)
    Reset_Handler                            0x080002e9   Thumb Code     8  startup_stm32f407xx.o(.text)
    ADC_IRQHandler                           0x08000303   Thumb Code     0  startup_stm32f407xx.o(.text)
    CAN1_RX1_IRQHandler                      0x08000303   Thumb Code     0  startup_stm32f407xx.o(.text)
    CAN1_SCE_IRQHandler                      0x08000303   Thumb Code     0  startup_stm32f407xx.o(.text)
    CAN1_TX_IRQHandler                       0x08000303   Thumb Code     0  startup_stm32f407xx.o(.text)
    CAN2_RX1_IRQHandler                      0x08000303   Thumb Code     0  startup_stm32f407xx.o(.text)
    CAN2_SCE_IRQHandler                      0x08000303   Thumb Code     0  startup_stm32f407xx.o(.text)
    CAN2_TX_IRQHandler                       0x08000303   Thumb Code     0  startup_stm32f407xx.o(.text)
    DCMI_IRQHandler                          0x08000303   Thumb Code     0  startup_stm32f407xx.o(.text)
    DMA1_Stream3_IRQHandler                  0x08000303   Thumb Code     0  startup_stm32f407xx.o(.text)
    DMA1_Stream4_IRQHandler                  0x08000303   Thumb Code     0  startup_stm32f407xx.o(.text)
    DMA1_Stream6_IRQHandler                  0x08000303   Thumb Code     0  startup_stm32f407xx.o(.text)
    DMA2_Stream0_IRQHandler                  0x08000303   Thumb Code     0  startup_stm32f407xx.o(.text)
    DMA2_Stream1_IRQHandler                  0x08000303   Thumb Code     0  startup_stm32f407xx.o(.text)
    DMA2_Stream3_IRQHandler                  0x08000303   Thumb Code     0  startup_stm32f407xx.o(.text)
    DMA2_Stream4_IRQHandler                  0x08000303   Thumb Code     0  startup_stm32f407xx.o(.text)
    DMA2_Stream5_IRQHandler                  0x08000303   Thumb Code     0  startup_stm32f407xx.o(.text)
    DMA2_Stream6_IRQHandler                  0x08000303   Thumb Code     0  startup_stm32f407xx.o(.text)
    ETH_IRQHandler                           0x08000303   Thumb Code     0  startup_stm32f407xx.o(.text)
    ETH_WKUP_IRQHandler                      0x08000303   Thumb Code     0  startup_stm32f407xx.o(.text)
    EXTI0_IRQHandler                         0x08000303   Thumb Code     0  startup_stm32f407xx.o(.text)
    EXTI15_10_IRQHandler                     0x08000303   Thumb Code     0  startup_stm32f407xx.o(.text)
    EXTI1_IRQHandler                         0x08000303   Thumb Code     0  startup_stm32f407xx.o(.text)
    EXTI2_IRQHandler                         0x08000303   Thumb Code     0  startup_stm32f407xx.o(.text)
    EXTI3_IRQHandler                         0x08000303   Thumb Code     0  startup_stm32f407xx.o(.text)
    EXTI4_IRQHandler                         0x08000303   Thumb Code     0  startup_stm32f407xx.o(.text)
    EXTI9_5_IRQHandler                       0x08000303   Thumb Code     0  startup_stm32f407xx.o(.text)
    FLASH_IRQHandler                         0x08000303   Thumb Code     0  startup_stm32f407xx.o(.text)
    FMC_IRQHandler                           0x08000303   Thumb Code     0  startup_stm32f407xx.o(.text)
    FPU_IRQHandler                           0x08000303   Thumb Code     0  startup_stm32f407xx.o(.text)
    HASH_RNG_IRQHandler                      0x08000303   Thumb Code     0  startup_stm32f407xx.o(.text)
    I2C1_ER_IRQHandler                       0x08000303   Thumb Code     0  startup_stm32f407xx.o(.text)
    I2C1_EV_IRQHandler                       0x08000303   Thumb Code     0  startup_stm32f407xx.o(.text)
    I2C2_ER_IRQHandler                       0x08000303   Thumb Code     0  startup_stm32f407xx.o(.text)
    I2C2_EV_IRQHandler                       0x08000303   Thumb Code     0  startup_stm32f407xx.o(.text)
    I2C3_ER_IRQHandler                       0x08000303   Thumb Code     0  startup_stm32f407xx.o(.text)
    I2C3_EV_IRQHandler                       0x08000303   Thumb Code     0  startup_stm32f407xx.o(.text)
    OTG_FS_IRQHandler                        0x08000303   Thumb Code     0  startup_stm32f407xx.o(.text)
    OTG_FS_WKUP_IRQHandler                   0x08000303   Thumb Code     0  startup_stm32f407xx.o(.text)
    OTG_HS_EP1_IN_IRQHandler                 0x08000303   Thumb Code     0  startup_stm32f407xx.o(.text)
    OTG_HS_EP1_OUT_IRQHandler                0x08000303   Thumb Code     0  startup_stm32f407xx.o(.text)
    OTG_HS_IRQHandler                        0x08000303   Thumb Code     0  startup_stm32f407xx.o(.text)
    OTG_HS_WKUP_IRQHandler                   0x08000303   Thumb Code     0  startup_stm32f407xx.o(.text)
    PVD_IRQHandler                           0x08000303   Thumb Code     0  startup_stm32f407xx.o(.text)
    RCC_IRQHandler                           0x08000303   Thumb Code     0  startup_stm32f407xx.o(.text)
    RTC_Alarm_IRQHandler                     0x08000303   Thumb Code     0  startup_stm32f407xx.o(.text)
    RTC_WKUP_IRQHandler                      0x08000303   Thumb Code     0  startup_stm32f407xx.o(.text)
    SDIO_IRQHandler                          0x08000303   Thumb Code     0  startup_stm32f407xx.o(.text)
    SPI1_IRQHandler                          0x08000303   Thumb Code     0  startup_stm32f407xx.o(.text)
    SPI2_IRQHandler                          0x08000303   Thumb Code     0  startup_stm32f407xx.o(.text)
    SPI3_IRQHandler                          0x08000303   Thumb Code     0  startup_stm32f407xx.o(.text)
    TAMP_STAMP_IRQHandler                    0x08000303   Thumb Code     0  startup_stm32f407xx.o(.text)
    TIM1_BRK_TIM9_IRQHandler                 0x08000303   Thumb Code     0  startup_stm32f407xx.o(.text)
    TIM1_CC_IRQHandler                       0x08000303   Thumb Code     0  startup_stm32f407xx.o(.text)
    TIM1_TRG_COM_TIM11_IRQHandler            0x08000303   Thumb Code     0  startup_stm32f407xx.o(.text)
    TIM1_UP_TIM10_IRQHandler                 0x08000303   Thumb Code     0  startup_stm32f407xx.o(.text)
    TIM3_IRQHandler                          0x08000303   Thumb Code     0  startup_stm32f407xx.o(.text)
    TIM4_IRQHandler                          0x08000303   Thumb Code     0  startup_stm32f407xx.o(.text)
    TIM5_IRQHandler                          0x08000303   Thumb Code     0  startup_stm32f407xx.o(.text)
    TIM6_DAC_IRQHandler                      0x08000303   Thumb Code     0  startup_stm32f407xx.o(.text)
    TIM7_IRQHandler                          0x08000303   Thumb Code     0  startup_stm32f407xx.o(.text)
    TIM8_BRK_TIM12_IRQHandler                0x08000303   Thumb Code     0  startup_stm32f407xx.o(.text)
    TIM8_CC_IRQHandler                       0x08000303   Thumb Code     0  startup_stm32f407xx.o(.text)
    TIM8_TRG_COM_TIM14_IRQHandler            0x08000303   Thumb Code     0  startup_stm32f407xx.o(.text)
    TIM8_UP_TIM13_IRQHandler                 0x08000303   Thumb Code     0  startup_stm32f407xx.o(.text)
    USART6_IRQHandler                        0x08000303   Thumb Code     0  startup_stm32f407xx.o(.text)
    WWDG_IRQHandler                          0x08000303   Thumb Code     0  startup_stm32f407xx.o(.text)
    __user_initial_stackheap                 0x08000305   Thumb Code     0  startup_stm32f407xx.o(.text)
    __aeabi_uldivmod                         0x08000329   Thumb Code     0  lludivv7m.o(.text)
    _ll_udiv                                 0x08000329   Thumb Code   238  lludivv7m.o(.text)
    __aeabi_memcpy                           0x08000417   Thumb Code     0  rt_memcpy_v6.o(.text)
    __rt_memcpy                              0x08000417   Thumb Code   138  rt_memcpy_v6.o(.text)
    _memcpy_lastbytes                        0x0800047d   Thumb Code     0  rt_memcpy_v6.o(.text)
    __aeabi_memcpy4                          0x080004a1   Thumb Code     0  rt_memcpy_w.o(.text)
    __aeabi_memcpy8                          0x080004a1   Thumb Code     0  rt_memcpy_w.o(.text)
    __rt_memcpy_w                            0x080004a1   Thumb Code   100  rt_memcpy_w.o(.text)
    _memcpy_lastbytes_aligned                0x080004e9   Thumb Code     0  rt_memcpy_w.o(.text)
    __aeabi_memclr                           0x08000505   Thumb Code     0  rt_memclr.o(.text)
    __rt_memclr                              0x08000505   Thumb Code    68  rt_memclr.o(.text)
    _memset                                  0x08000509   Thumb Code     0  rt_memclr.o(.text)
    __aeabi_memclr4                          0x08000549   Thumb Code     0  rt_memclr_w.o(.text)
    __aeabi_memclr8                          0x08000549   Thumb Code     0  rt_memclr_w.o(.text)
    __rt_memclr_w                            0x08000549   Thumb Code    78  rt_memclr_w.o(.text)
    _memset_w                                0x0800054d   Thumb Code     0  rt_memclr_w.o(.text)
    __use_two_region_memory                  0x08000597   Thumb Code     2  heapauxi.o(.text)
    __rt_heap_escrow                         0x08000599   Thumb Code     2  heapauxi.o(.text)
    __rt_heap_expand                         0x0800059b   Thumb Code     2  heapauxi.o(.text)
    __user_libspace                          0x0800059d   Thumb Code     8  libspace.o(.text)
    __user_perproc_libspace                  0x0800059d   Thumb Code     0  libspace.o(.text)
    __user_perthread_libspace                0x0800059d   Thumb Code     0  libspace.o(.text)
    __I$use$semihosting                      0x080005a5   Thumb Code     0  use_no_semi.o(.text)
    __use_no_semihosting_swi                 0x080005a5   Thumb Code     2  use_no_semi.o(.text)
    __semihosting_library_function           0x080005a7   Thumb Code     0  indicate_semi.o(.text)
    __user_setup_stackheap                   0x080005a7   Thumb Code    74  sys_stackheap_outer.o(.text)
    exit                                     0x080005f1   Thumb Code    18  exit.o(.text)
    _sys_exit                                0x08000605   Thumb Code     8  sys_exit.o(.text)
    BusFault_Handler                         0x08000611   Thumb Code     2  stm32f4xx_it.o(i.BusFault_Handler)
    CAN1_Get_Data                            0x08000615   Thumb Code    18  config_can.o(i.CAN1_Get_Data)
    CAN1_Init                                0x0800062d   Thumb Code    36  drv_can.o(i.CAN1_Init)
    CAN1_RX0_IRQHandler                      0x08000655   Thumb Code     6  stm32f4xx_it.o(i.CAN1_RX0_IRQHandler)
    CAN2_Get_Data                            0x08000661   Thumb Code    12  config_can.o(i.CAN2_Get_Data)
    CAN2_Init                                0x0800066d   Thumb Code    36  drv_can.o(i.CAN2_Init)
    CAN2_RX0_IRQHandler                      0x08000695   Thumb Code     6  stm32f4xx_it.o(i.CAN2_RX0_IRQHandler)
    CAN_Filter_ParamsInit                    0x080006a1   Thumb Code    26  drv_can.o(i.CAN_Filter_ParamsInit)
    CAN_SendData                             0x080006bd   Thumb Code    48  drv_can.o(i.CAN_SendData)
    Control_Task                             0x080006f5   Thumb Code    28  task.o(i.Control_Task)
    DMA1_Stream0_IRQHandler                  0x08000715   Thumb Code     6  stm32f4xx_it.o(i.DMA1_Stream0_IRQHandler)
    DMA1_Stream1_IRQHandler                  0x08000721   Thumb Code     6  stm32f4xx_it.o(i.DMA1_Stream1_IRQHandler)
    DMA1_Stream2_IRQHandler                  0x0800072d   Thumb Code     6  stm32f4xx_it.o(i.DMA1_Stream2_IRQHandler)
    DMA1_Stream5_IRQHandler                  0x08000739   Thumb Code     6  stm32f4xx_it.o(i.DMA1_Stream5_IRQHandler)
    DMA1_Stream7_IRQHandler                  0x08000745   Thumb Code     6  stm32f4xx_it.o(i.DMA1_Stream7_IRQHandler)
    DMA2_Stream2_IRQHandler                  0x08000751   Thumb Code     6  stm32f4xx_it.o(i.DMA2_Stream2_IRQHandler)
    DMA2_Stream7_IRQHandler                  0x0800075d   Thumb Code     6  stm32f4xx_it.o(i.DMA2_Stream7_IRQHandler)
    DRV_UART_IRQHandler                      0x08000a8b   Thumb Code    20  drv_uart.o(i.DRV_UART_IRQHandler)
    DebugMon_Handler                         0x08000a9f   Thumb Code     2  stm32f4xx_it.o(i.DebugMon_Handler)
    Error_Handler                            0x08000aa1   Thumb Code     4  main.o(i.Error_Handler)
    Get_CRC16_Check_Sum                      0x08000aa5   Thumb Code    38  crc16.o(i.Get_CRC16_Check_Sum)
    Get_CRC8_Check_Num                       0x08000ad1   Thumb Code    26  crc8.o(i.Get_CRC8_Check_Num)
    HAL_CAN_ActivateNotification             0x08000af1   Thumb Code    36  stm32f4xx_hal_can.o(i.HAL_CAN_ActivateNotification)
    HAL_CAN_AddTxMessage                     0x08000b15   Thumb Code   200  stm32f4xx_hal_can.o(i.HAL_CAN_AddTxMessage)
    HAL_CAN_ConfigFilter                     0x08000bdd   Thumb Code   262  stm32f4xx_hal_can.o(i.HAL_CAN_ConfigFilter)
    HAL_CAN_ErrorCallback                    0x08000ce9   Thumb Code     2  stm32f4xx_hal_can.o(i.HAL_CAN_ErrorCallback)
    HAL_CAN_GetRxMessage                     0x08000ceb   Thumb Code   232  stm32f4xx_hal_can.o(i.HAL_CAN_GetRxMessage)
    HAL_CAN_IRQHandler                       0x08000dd3   Thumb Code   508  stm32f4xx_hal_can.o(i.HAL_CAN_IRQHandler)
    HAL_CAN_Init                             0x08000fcf   Thumb Code   282  stm32f4xx_hal_can.o(i.HAL_CAN_Init)
    HAL_CAN_MspInit                          0x080010e9   Thumb Code   226  stm32f4xx_hal_msp.o(i.HAL_CAN_MspInit)
    HAL_CAN_RxFifo0FullCallback              0x080011e5   Thumb Code     2  stm32f4xx_hal_can.o(i.HAL_CAN_RxFifo0FullCallback)
    HAL_CAN_RxFifo0MsgPendingCallback        0x080011e9   Thumb Code    60  drv_can.o(i.HAL_CAN_RxFifo0MsgPendingCallback)
    HAL_CAN_RxFifo1FullCallback              0x08001231   Thumb Code     2  stm32f4xx_hal_can.o(i.HAL_CAN_RxFifo1FullCallback)
    HAL_CAN_RxFifo1MsgPendingCallback        0x08001233   Thumb Code     2  stm32f4xx_hal_can.o(i.HAL_CAN_RxFifo1MsgPendingCallback)
    HAL_CAN_SleepCallback                    0x08001235   Thumb Code     2  stm32f4xx_hal_can.o(i.HAL_CAN_SleepCallback)
    HAL_CAN_Start                            0x08001239   Thumb Code    88  stm32f4xx_hal_can.o(i.HAL_CAN_Start)
    HAL_CAN_TxMailbox0AbortCallback          0x08001291   Thumb Code     2  stm32f4xx_hal_can.o(i.HAL_CAN_TxMailbox0AbortCallback)
    HAL_CAN_TxMailbox0CompleteCallback       0x08001293   Thumb Code     2  stm32f4xx_hal_can.o(i.HAL_CAN_TxMailbox0CompleteCallback)
    HAL_CAN_TxMailbox1AbortCallback          0x08001295   Thumb Code     2  stm32f4xx_hal_can.o(i.HAL_CAN_TxMailbox1AbortCallback)
    HAL_CAN_TxMailbox1CompleteCallback       0x08001297   Thumb Code     2  stm32f4xx_hal_can.o(i.HAL_CAN_TxMailbox1CompleteCallback)
    HAL_CAN_TxMailbox2AbortCallback          0x08001299   Thumb Code     2  stm32f4xx_hal_can.o(i.HAL_CAN_TxMailbox2AbortCallback)
    HAL_CAN_TxMailbox2CompleteCallback       0x0800129b   Thumb Code     2  stm32f4xx_hal_can.o(i.HAL_CAN_TxMailbox2CompleteCallback)
    HAL_CAN_WakeUpFromRxMsgCallback          0x0800129d   Thumb Code     2  stm32f4xx_hal_can.o(i.HAL_CAN_WakeUpFromRxMsgCallback)
    HAL_DMA_Abort                            0x0800129f   Thumb Code   146  stm32f4xx_hal_dma.o(i.HAL_DMA_Abort)
    HAL_DMA_Abort_IT                         0x08001331   Thumb Code    36  stm32f4xx_hal_dma.o(i.HAL_DMA_Abort_IT)
    HAL_DMA_IRQHandler                       0x08001355   Thumb Code   412  stm32f4xx_hal_dma.o(i.HAL_DMA_IRQHandler)
    HAL_DMA_Init                             0x080014f5   Thumb Code   206  stm32f4xx_hal_dma.o(i.HAL_DMA_Init)
    HAL_GPIO_Init                            0x080015c9   Thumb Code   450  stm32f4xx_hal_gpio.o(i.HAL_GPIO_Init)
    HAL_GPIO_WritePin                        0x080017b9   Thumb Code    10  stm32f4xx_hal_gpio.o(i.HAL_GPIO_WritePin)
    HAL_GetTick                              0x080017c5   Thumb Code     6  stm32f4xx_hal.o(i.HAL_GetTick)
    HAL_IWDG_Init                            0x080017d1   Thumb Code    90  stm32f4xx_hal_iwdg.o(i.HAL_IWDG_Init)
    HAL_IWDG_Refresh                         0x0800182b   Thumb Code    12  stm32f4xx_hal_iwdg.o(i.HAL_IWDG_Refresh)
    HAL_IncTick                              0x08001839   Thumb Code    12  stm32f4xx_hal.o(i.HAL_IncTick)
    HAL_Init                                 0x08001849   Thumb Code    48  stm32f4xx_hal.o(i.HAL_Init)
    HAL_InitTick                             0x0800187d   Thumb Code   102  stm32f4xx_hal_timebase_tim.o(i.HAL_InitTick)
    HAL_MspInit                              0x080018f1   Thumb Code    52  stm32f4xx_hal_msp.o(i.HAL_MspInit)
    HAL_NVIC_EnableIRQ                       0x08001929   Thumb Code    26  stm32f4xx_hal_cortex.o(i.HAL_NVIC_EnableIRQ)
    HAL_NVIC_SetPriority                     0x08001945   Thumb Code    60  stm32f4xx_hal_cortex.o(i.HAL_NVIC_SetPriority)
    HAL_NVIC_SetPriorityGrouping             0x08001985   Thumb Code    26  stm32f4xx_hal_cortex.o(i.HAL_NVIC_SetPriorityGrouping)
    HAL_RCC_ClockConfig                      0x080019a9   Thumb Code   288  stm32f4xx_hal_rcc.o(i.HAL_RCC_ClockConfig)
    HAL_RCC_GetClockConfig                   0x08001add   Thumb Code    54  stm32f4xx_hal_rcc.o(i.HAL_RCC_GetClockConfig)
    HAL_RCC_GetPCLK1Freq                     0x08001b1d   Thumb Code    20  stm32f4xx_hal_rcc.o(i.HAL_RCC_GetPCLK1Freq)
    HAL_RCC_GetPCLK2Freq                     0x08001b3d   Thumb Code    20  stm32f4xx_hal_rcc.o(i.HAL_RCC_GetPCLK2Freq)
    HAL_RCC_GetSysClockFreq                  0x08001b5d   Thumb Code    88  stm32f4xx_hal_rcc.o(i.HAL_RCC_GetSysClockFreq)
    HAL_RCC_OscConfig                        0x08001bc1   Thumb Code   856  stm32f4xx_hal_rcc.o(i.HAL_RCC_OscConfig)
    HAL_TIMEx_BreakCallback                  0x08001f2d   Thumb Code     2  stm32f4xx_hal_tim_ex.o(i.HAL_TIMEx_BreakCallback)
    HAL_TIMEx_CommutCallback                 0x08001f2f   Thumb Code     2  stm32f4xx_hal_tim_ex.o(i.HAL_TIMEx_CommutCallback)
    HAL_TIM_Base_Init                        0x08001f31   Thumb Code    90  stm32f4xx_hal_tim.o(i.HAL_TIM_Base_Init)
    HAL_TIM_Base_MspInit                     0x08001f8b   Thumb Code     2  stm32f4xx_hal_tim.o(i.HAL_TIM_Base_MspInit)
    HAL_TIM_Base_Start_IT                    0x08001f8d   Thumb Code   100  stm32f4xx_hal_tim.o(i.HAL_TIM_Base_Start_IT)
    HAL_TIM_IC_CaptureCallback               0x0800200d   Thumb Code     2  stm32f4xx_hal_tim.o(i.HAL_TIM_IC_CaptureCallback)
    HAL_TIM_IRQHandler                       0x0800200f   Thumb Code   358  stm32f4xx_hal_tim.o(i.HAL_TIM_IRQHandler)
    HAL_TIM_OC_DelayElapsedCallback          0x08002175   Thumb Code     2  stm32f4xx_hal_tim.o(i.HAL_TIM_OC_DelayElapsedCallback)
    HAL_TIM_PWM_PulseFinishedCallback        0x08002177   Thumb Code     2  stm32f4xx_hal_tim.o(i.HAL_TIM_PWM_PulseFinishedCallback)
    HAL_TIM_PeriodElapsedCallback            0x08002179   Thumb Code    14  main.o(i.HAL_TIM_PeriodElapsedCallback)
    HAL_TIM_TriggerCallback                  0x08002187   Thumb Code     2  stm32f4xx_hal_tim.o(i.HAL_TIM_TriggerCallback)
    HAL_UARTEx_RxEventCallback               0x08002189   Thumb Code     2  stm32f4xx_hal_uart.o(i.HAL_UARTEx_RxEventCallback)
    HAL_UART_ErrorCallback                   0x0800218b   Thumb Code     2  stm32f4xx_hal_uart.o(i.HAL_UART_ErrorCallback)
    HAL_UART_IRQHandler                      0x0800218d   Thumb Code   610  stm32f4xx_hal_uart.o(i.HAL_UART_IRQHandler)
    HAL_UART_Init                            0x080023f5   Thumb Code    98  stm32f4xx_hal_uart.o(i.HAL_UART_Init)
    HAL_UART_MspInit                         0x08002459   Thumb Code   898  stm32f4xx_hal_msp.o(i.HAL_UART_MspInit)
    HAL_UART_RxCpltCallback                  0x08002829   Thumb Code     2  stm32f4xx_hal_uart.o(i.HAL_UART_RxCpltCallback)
    HAL_UART_TxCpltCallback                  0x0800282b   Thumb Code     2  stm32f4xx_hal_uart.o(i.HAL_UART_TxCpltCallback)
    HardFault_Handler                        0x0800282d   Thumb Code     2  stm32f4xx_it.o(i.HardFault_Handler)
    Interaction_Task                         0x0800282f   Thumb Code    12  task.o(i.Interaction_Task)
    MemManage_Handler                        0x08002ae9   Thumb Code     2  stm32f4xx_it.o(i.MemManage_Handler)
    NMI_Handler                              0x08002aeb   Thumb Code     2  stm32f4xx_it.o(i.NMI_Handler)
    Realtime_Task                            0x08002aed   Thumb Code    14  task.o(i.Realtime_Task)
    StartDefaultTask                         0x08002b01   Thumb Code     8  main.o(i.StartDefaultTask)
    SysTick_Handler                          0x08002b09   Thumb Code    38  port.o(i.SysTick_Handler)
    SystemClock_Config                       0x08002b35   Thumb Code   148  main.o(i.SystemClock_Config)
    SystemInit                               0x08002bd1   Thumb Code    12  system_stm32f4xx.o(i.SystemInit)
    TIM2_IRQHandler                          0x08002be1   Thumb Code     6  stm32f4xx_it.o(i.TIM2_IRQHandler)
    TIM_Base_SetConfig                       0x08002bed   Thumb Code   156  stm32f4xx_hal_tim.o(i.TIM_Base_SetConfig)
    UART4_IRQHandler                         0x08002cb5   Thumb Code    18  stm32f4xx_it.o(i.UART4_IRQHandler)
    UART5_IRQHandler                         0x08002ccd   Thumb Code    18  stm32f4xx_it.o(i.UART5_IRQHandler)
    USART1_IRQHandler                        0x08002f11   Thumb Code    18  stm32f4xx_it.o(i.USART1_IRQHandler)
    USART1_Init                              0x08002f29   Thumb Code    48  drv_uart.o(i.USART1_Init)
    USART1_rxDataHandler                     0x08002f61   Thumb Code     2  config_uart.o(i.USART1_rxDataHandler)
    USART2_IRQHandler                        0x08002f65   Thumb Code    18  stm32f4xx_it.o(i.USART2_IRQHandler)
    USART2_Init                              0x08002f7d   Thumb Code    52  drv_uart.o(i.USART2_Init)
    USART2_rxDataHandler                     0x08002fb9   Thumb Code     2  config_uart.o(i.USART2_rxDataHandler)
    USART3_IRQHandler                        0x08002fbd   Thumb Code    18  stm32f4xx_it.o(i.USART3_IRQHandler)
    USART3_Init                              0x08002fd5   Thumb Code    46  drv_uart.o(i.USART3_Init)
    USART3_rxDataHandler                     0x0800300d   Thumb Code     2  config_uart.o(i.USART3_rxDataHandler)
    USART4_Init                              0x08003011   Thumb Code    46  drv_uart.o(i.USART4_Init)
    USART4_rxDataHandler                     0x08003049   Thumb Code     2  config_uart.o(i.USART4_rxDataHandler)
    USART5_Init                              0x0800304d   Thumb Code    46  drv_uart.o(i.USART5_Init)
    USART5_rxDataHandler                     0x08003085   Thumb Code     4  config_uart.o(i.USART5_rxDataHandler)
    UsageFault_Handler                       0x08003089   Thumb Code     2  stm32f4xx_it.o(i.UsageFault_Handler)
    Verify_CRC16_Check_Sum                   0x0800308d   Thumb Code    54  crc16.o(i.Verify_CRC16_Check_Sum)
    Verify_CRC8_Check_Sum                    0x080030c9   Thumb Code    42  crc8.o(i.Verify_CRC8_Check_Sum)
    cap_send_2E                              0x08003115   Thumb Code    44  cap_protocol.o(i.cap_send_2E)
    cap_send_2F                              0x0800314d   Thumb Code    94  cap_protocol.o(i.cap_send_2F)
    cap_update                               0x080031bd   Thumb Code    70  cap_protocol.o(i.cap_update)
    drive_init                               0x08003239   Thumb Code    34  drive.o(i.drive_init)
    int16_to_float                           0x0800325b   Thumb Code    38  cap_protocol.o(i.int16_to_float)
    judge_recive                             0x08003281   Thumb Code    98  judge_protocol.o(i.judge_recive)
    judge_update                             0x080032e9   Thumb Code   134  config_judge.o(i.judge_update)
    main                                     0x08003379   Thumb Code   324  main.o(i.main)
    module_init                              0x080034f5   Thumb Code     2  drive.o(i.module_init)
    osDelay                                  0x080034f7   Thumb Code    14  cmsis_os.o(i.osDelay)
    osKernelStart                            0x08003505   Thumb Code    10  cmsis_os.o(i.osKernelStart)
    osThreadCreate                           0x0800350f   Thumb Code    84  cmsis_os.o(i.osThreadCreate)
    pvPortMalloc                             0x080038b1   Thumb Code   216  heap_4.o(i.pvPortMalloc)
    pxPortInitialiseStack                    0x0800398d   Thumb Code    40  port.o(i.pxPortInitialiseStack)
    tick_task                                0x080039b9   Thumb Code    50  my_judge.o(i.tick_task)
    timer_init                               0x080039f1   Thumb Code     8  timer.o(i.timer_init)
    up_send_game_robot_state                 0x08003ae9   Thumb Code    52  up_com_protocol.o(i.up_send_game_robot_state)
    up_send_power_heat                       0x08003b29   Thumb Code    44  up_com_protocol.o(i.up_send_power_heat)
    up_send_robot_hurt                       0x08003b61   Thumb Code    44  up_com_protocol.o(i.up_send_robot_hurt)
    uxListRemove                             0x08003b99   Thumb Code    38  list.o(i.uxListRemove)
    vApplicationGetIdleTaskMemory            0x08003bc1   Thumb Code    16  freertos.o(i.vApplicationGetIdleTaskMemory)
    vListInitialise                          0x08003bd5   Thumb Code    22  list.o(i.vListInitialise)
    vListInitialiseItem                      0x08003beb   Thumb Code     6  list.o(i.vListInitialiseItem)
    vListInsert                              0x08003bf1   Thumb Code    48  list.o(i.vListInsert)
    vListInsertEnd                           0x08003c21   Thumb Code    24  list.o(i.vListInsertEnd)
    vPortEnterCritical                       0x08003c39   Thumb Code    54  port.o(i.vPortEnterCritical)
    vPortExitCritical                        0x08003c79   Thumb Code    34  port.o(i.vPortExitCritical)
    vPortFree                                0x08003ca1   Thumb Code    94  heap_4.o(i.vPortFree)
    vPortSetupTimerInterrupt                 0x08003d05   Thumb Code    32  port.o(i.vPortSetupTimerInterrupt)
    vTaskDelay                               0x08003d29   Thumb Code    66  tasks.o(i.vTaskDelay)
    vTaskStartScheduler                      0x08003d75   Thumb Code    90  tasks.o(i.vTaskStartScheduler)
    vTaskSuspendAll                          0x08003de1   Thumb Code    10  tasks.o(i.vTaskSuspendAll)
    vTaskSwitchContext                       0x08003df1   Thumb Code    82  tasks.o(i.vTaskSwitchContext)
    xPortStartScheduler                      0x08003e4d   Thumb Code   222  port.o(i.xPortStartScheduler)
    xTaskCreate                              0x08003f41   Thumb Code    90  tasks.o(i.xTaskCreate)
    xTaskCreateStatic                        0x08003f9b   Thumb Code    86  tasks.o(i.xTaskCreateStatic)
    xTaskIncrementTick                       0x08003ff1   Thumb Code   194  tasks.o(i.xTaskIncrementTick)
    xTaskResumeAll                           0x080040bd   Thumb Code   182  tasks.o(i.xTaskResumeAll)
    _fp_init                                 0x08004181   Thumb Code    10  fpinit.o(x$fpl$fpinit)
    __fplib_config_fpu_vfp                   0x08004189   Thumb Code     0  fpinit.o(x$fpl$fpinit)
    __fplib_config_pureend_doubles           0x08004189   Thumb Code     0  fpinit.o(x$fpl$fpinit)
    AHBPrescTable                            0x08004204   Data          16  system_stm32f4xx.o(.constdata)
    APBPrescTable                            0x08004214   Data           8  system_stm32f4xx.o(.constdata)
    wCRC_Table                               0x0800421c   Data         512  crc16.o(.constdata)
    CRC8_TAB                                 0x0800441c   Data         256  crc8.o(.constdata)
    Region$$Table$$Base                      0x08004554   Number         0  anon$$obj.o(Region$$Table)
    Region$$Table$$Limit                     0x08004574   Number         0  anon$$obj.o(Region$$Table)
    defaultTaskHandle                        0x20000000   Data           4  main.o(.data)
    RealtimeTaskHandle                       0x20000004   Data           4  main.o(.data)
    ControlTaskHandle                        0x20000008   Data           4  main.o(.data)
    interactiontaskHandle                    0x2000000c   Data           4  main.o(.data)
    uwTickFreq                               0x20000014   Data           1  stm32f4xx_hal.o(.data)
    uwTickPrio                               0x20000018   Data           4  stm32f4xx_hal.o(.data)
    uwTick                                   0x2000001c   Data           4  stm32f4xx_hal.o(.data)
    SystemCoreClock                          0x20000020   Data           4  system_stm32f4xx.o(.data)
    pxCurrentTCB                             0x20000024   Data           4  tasks.o(.data)
    up_com_tx_buf_1                          0x2000008c   Data           8  up_com_protocol.o(.data)
    up_com_tx_buf_2                          0x20000094   Data           8  up_com_protocol.o(.data)
    up_com_tx_buf_3                          0x2000009c   Data           8  up_com_protocol.o(.data)
    up_com_tx_buf_4                          0x200000a4   Data           8  up_com_protocol.o(.data)
    up_com_tx_buf_5                          0x200000ac   Data           8  up_com_protocol.o(.data)
    CRC_INIT                                 0x200000b4   Data           2  crc16.o(.data)
    cap_tx_buf_1                             0x200000b6   Data           8  cap_protocol.o(.data)
    cap_tx_buf_2                             0x200000be   Data           8  cap_protocol.o(.data)
    drv_judge_info                           0x200000c8   Data           8  judge_protocol.o(.data)
    judge_frame_header                       0x200000d0   Data           6  judge_protocol.o(.data)
    cap                                      0x200000d6   Data           2  cap.o(.data)
    control_task_normal_timer                0x200000d8   Data           4  task.o(.data)
    control_task_cycle_timer                 0x200000dc   Data           4  task.o(.data)
    judge                                    0x200000e0   Data           4  judge.o(.data)
    client_info                              0x200000e8   Data           4  my_judge.o(.data)
    hcan1                                    0x200000ec   Data          40  main.o(.bss)
    hcan2                                    0x20000114   Data          40  main.o(.bss)
    hiwdg                                    0x2000013c   Data          12  main.o(.bss)
    huart4                                   0x20000148   Data          68  main.o(.bss)
    huart5                                   0x2000018c   Data          68  main.o(.bss)
    huart1                                   0x200001d0   Data          68  main.o(.bss)
    huart2                                   0x20000214   Data          68  main.o(.bss)
    huart3                                   0x20000258   Data          68  main.o(.bss)
    hdma_uart4_rx                            0x2000029c   Data          96  main.o(.bss)
    hdma_uart5_rx                            0x200002fc   Data          96  main.o(.bss)
    hdma_uart5_tx                            0x2000035c   Data          96  main.o(.bss)
    hdma_usart1_rx                           0x200003bc   Data          96  main.o(.bss)
    hdma_usart1_tx                           0x2000041c   Data          96  main.o(.bss)
    hdma_usart2_rx                           0x2000047c   Data          96  main.o(.bss)
    hdma_usart3_rx                           0x200004dc   Data          96  main.o(.bss)
    htim2                                    0x20000790   Data          72  stm32f4xx_hal_timebase_tim.o(.bss)
    can1_tx_buf                              0x200044c8   Data          16  drv_can.o(.bss)
    CAN_RxInfo                               0x200044d8   Data          36  drv_can.o(.bss)
    usart1_dma_rxbuf                         0x200044fc   Data         350  drv_uart.o(.bss)
    usart2_dma_rxbuf                         0x2000465a   Data          48  drv_uart.o(.bss)
    usart3_dma_rxbuf                         0x2000468a   Data         200  drv_uart.o(.bss)
    usart4_dma_rxbuf                         0x20004752   Data         200  drv_uart.o(.bss)
    usart5_dma_rxbuf                         0x2000481a   Data         200  drv_uart.o(.bss)
    cap_receive_data                         0x200048e4   Data          12  cap_protocol.o(.bss)
    control_task_normal_timer_info           0x200048f0   Data          24  task.o(.bss)
    control_task_cycle_timer_info            0x20004908   Data          24  task.o(.bss)
    judge_info                               0x20004920   Data          96  judge.o(.bss)
    __libspace_start                         0x20004980   Data          96  libspace.o(.bss)
    __temporary_stack_top$libspace           0x200049e0   Data           0  libspace.o(.bss)



==============================================================================

Memory Map of the image

  Image Entry point : 0x08000189

  Load Region LR_IROM1 (Base: 0x08000000, Size: 0x00004660, Max: 0x00080000, ABSOLUTE)

    Execution Region ER_IROM1 (Exec base: 0x08000000, Load base: 0x08000000, Size: 0x00004574, Max: 0x00080000, ABSOLUTE)

    Exec Addr    Load Addr    Size         Type   Attr      Idx    E Section Name        Object

    0x08000000   0x08000000   0x00000188   Data   RO            3    RESET               startup_stm32f407xx.o
    0x08000188   0x08000188   0x00000008   Code   RO         7718  * !!!main             c_w.l(__main.o)
    0x08000190   0x08000190   0x00000034   Code   RO         8076    !!!scatter          c_w.l(__scatter.o)
    0x080001c4   0x080001c4   0x0000001a   Code   RO         8078    !!handler_copy      c_w.l(__scatter_copy.o)
    0x080001de   0x080001de   0x00000002   PAD
    0x080001e0   0x080001e0   0x0000001c   Code   RO         8080    !!handler_zi        c_w.l(__scatter_zi.o)
    0x080001fc   0x080001fc   0x00000002   Code   RO         8011    .ARM.Collect$$libinit$$00000000  c_w.l(libinit.o)
    0x080001fe   0x080001fe   0x00000004   Code   RO         7834    .ARM.Collect$$libinit$$00000001  c_w.l(libinit2.o)
    0x08000202   0x08000202   0x00000000   Code   RO         7837    .ARM.Collect$$libinit$$00000004  c_w.l(libinit2.o)
    0x08000202   0x08000202   0x00000000   Code   RO         7840    .ARM.Collect$$libinit$$0000000A  c_w.l(libinit2.o)
    0x08000202   0x08000202   0x00000000   Code   RO         7842    .ARM.Collect$$libinit$$0000000C  c_w.l(libinit2.o)
    0x08000202   0x08000202   0x00000000   Code   RO         7844    .ARM.Collect$$libinit$$0000000E  c_w.l(libinit2.o)
    0x08000202   0x08000202   0x00000000   Code   RO         7847    .ARM.Collect$$libinit$$00000011  c_w.l(libinit2.o)
    0x08000202   0x08000202   0x00000000   Code   RO         7849    .ARM.Collect$$libinit$$00000013  c_w.l(libinit2.o)
    0x08000202   0x08000202   0x00000000   Code   RO         7851    .ARM.Collect$$libinit$$00000015  c_w.l(libinit2.o)
    0x08000202   0x08000202   0x00000000   Code   RO         7853    .ARM.Collect$$libinit$$00000017  c_w.l(libinit2.o)
    0x08000202   0x08000202   0x00000000   Code   RO         7855    .ARM.Collect$$libinit$$00000019  c_w.l(libinit2.o)
    0x08000202   0x08000202   0x00000000   Code   RO         7857    .ARM.Collect$$libinit$$0000001B  c_w.l(libinit2.o)
    0x08000202   0x08000202   0x00000000   Code   RO         7859    .ARM.Collect$$libinit$$0000001D  c_w.l(libinit2.o)
    0x08000202   0x08000202   0x00000000   Code   RO         7861    .ARM.Collect$$libinit$$0000001F  c_w.l(libinit2.o)
    0x08000202   0x08000202   0x00000000   Code   RO         7863    .ARM.Collect$$libinit$$00000021  c_w.l(libinit2.o)
    0x08000202   0x08000202   0x00000000   Code   RO         7865    .ARM.Collect$$libinit$$00000023  c_w.l(libinit2.o)
    0x08000202   0x08000202   0x00000000   Code   RO         7867    .ARM.Collect$$libinit$$00000025  c_w.l(libinit2.o)
    0x08000202   0x08000202   0x00000000   Code   RO         7871    .ARM.Collect$$libinit$$0000002C  c_w.l(libinit2.o)
    0x08000202   0x08000202   0x00000000   Code   RO         7873    .ARM.Collect$$libinit$$0000002E  c_w.l(libinit2.o)
    0x08000202   0x08000202   0x00000000   Code   RO         7875    .ARM.Collect$$libinit$$00000030  c_w.l(libinit2.o)
    0x08000202   0x08000202   0x00000000   Code   RO         7877    .ARM.Collect$$libinit$$00000032  c_w.l(libinit2.o)
    0x08000202   0x08000202   0x00000002   Code   RO         7878    .ARM.Collect$$libinit$$00000033  c_w.l(libinit2.o)
    0x08000204   0x08000204   0x00000002   Code   RO         8073    .ARM.Collect$$libshutdown$$00000000  c_w.l(libshutdown.o)
    0x08000206   0x08000206   0x00000000   Code   RO         8029    .ARM.Collect$$libshutdown$$00000002  c_w.l(libshutdown2.o)
    0x08000206   0x08000206   0x00000000   Code   RO         8031    .ARM.Collect$$libshutdown$$00000004  c_w.l(libshutdown2.o)
    0x08000206   0x08000206   0x00000000   Code   RO         8034    .ARM.Collect$$libshutdown$$00000007  c_w.l(libshutdown2.o)
    0x08000206   0x08000206   0x00000000   Code   RO         8037    .ARM.Collect$$libshutdown$$0000000A  c_w.l(libshutdown2.o)
    0x08000206   0x08000206   0x00000000   Code   RO         8039    .ARM.Collect$$libshutdown$$0000000C  c_w.l(libshutdown2.o)
    0x08000206   0x08000206   0x00000000   Code   RO         8042    .ARM.Collect$$libshutdown$$0000000F  c_w.l(libshutdown2.o)
    0x08000206   0x08000206   0x00000002   Code   RO         8043    .ARM.Collect$$libshutdown$$00000010  c_w.l(libshutdown2.o)
    0x08000208   0x08000208   0x00000000   Code   RO         7800    .ARM.Collect$$rtentry$$00000000  c_w.l(__rtentry.o)
    0x08000208   0x08000208   0x00000000   Code   RO         7941    .ARM.Collect$$rtentry$$00000002  c_w.l(__rtentry2.o)
    0x08000208   0x08000208   0x00000006   Code   RO         7953    .ARM.Collect$$rtentry$$00000004  c_w.l(__rtentry4.o)
    0x0800020e   0x0800020e   0x00000000   Code   RO         7943    .ARM.Collect$$rtentry$$00000009  c_w.l(__rtentry2.o)
    0x0800020e   0x0800020e   0x00000004   Code   RO         7944    .ARM.Collect$$rtentry$$0000000A  c_w.l(__rtentry2.o)
    0x08000212   0x08000212   0x00000000   Code   RO         7946    .ARM.Collect$$rtentry$$0000000C  c_w.l(__rtentry2.o)
    0x08000212   0x08000212   0x00000008   Code   RO         7947    .ARM.Collect$$rtentry$$0000000D  c_w.l(__rtentry2.o)
    0x0800021a   0x0800021a   0x00000002   Code   RO         8016    .ARM.Collect$$rtexit$$00000000  c_w.l(rtexit.o)
    0x0800021c   0x0800021c   0x00000000   Code   RO         8049    .ARM.Collect$$rtexit$$00000002  c_w.l(rtexit2.o)
    0x0800021c   0x0800021c   0x00000004   Code   RO         8050    .ARM.Collect$$rtexit$$00000003  c_w.l(rtexit2.o)
    0x08000220   0x08000220   0x00000006   Code   RO         8051    .ARM.Collect$$rtexit$$00000004  c_w.l(rtexit2.o)
    0x08000226   0x08000226   0x00000002   PAD
    0x08000228   0x08000228   0x000000be   Code   RO         4636    .emb_text           port.o
    0x080002e6   0x080002e6   0x00000002   PAD
    0x080002e8   0x080002e8   0x00000040   Code   RO            4    .text               startup_stm32f407xx.o
    0x08000328   0x08000328   0x000000ee   Code   RO         7704    .text               c_w.l(lludivv7m.o)
    0x08000416   0x08000416   0x0000008a   Code   RO         7706    .text               c_w.l(rt_memcpy_v6.o)
    0x080004a0   0x080004a0   0x00000064   Code   RO         7708    .text               c_w.l(rt_memcpy_w.o)
    0x08000504   0x08000504   0x00000044   Code   RO         7712    .text               c_w.l(rt_memclr.o)
    0x08000548   0x08000548   0x0000004e   Code   RO         7714    .text               c_w.l(rt_memclr_w.o)
    0x08000596   0x08000596   0x00000006   Code   RO         7716    .text               c_w.l(heapauxi.o)
    0x0800059c   0x0800059c   0x00000008   Code   RO         7937    .text               c_w.l(libspace.o)
    0x080005a4   0x080005a4   0x00000002   Code   RO         7983    .text               c_w.l(use_no_semi.o)
    0x080005a6   0x080005a6   0x00000000   Code   RO         7985    .text               c_w.l(indicate_semi.o)
    0x080005a6   0x080005a6   0x0000004a   Code   RO         7986    .text               c_w.l(sys_stackheap_outer.o)
    0x080005f0   0x080005f0   0x00000012   Code   RO         7992    .text               c_w.l(exit.o)
    0x08000602   0x08000602   0x00000002   PAD
    0x08000604   0x08000604   0x0000000c   Code   RO         8014    .text               c_w.l(sys_exit.o)
    0x08000610   0x08000610   0x00000002   Code   RO          294    i.BusFault_Handler  stm32f4xx_it.o
    0x08000612   0x08000612   0x00000002   PAD
    0x08000614   0x08000614   0x00000018   Code   RO         5501    i.CAN1_Get_Data     config_can.o
    0x0800062c   0x0800062c   0x00000028   Code   RO         4832    i.CAN1_Init         drv_can.o
    0x08000654   0x08000654   0x0000000c   Code   RO          295    i.CAN1_RX0_IRQHandler  stm32f4xx_it.o
    0x08000660   0x08000660   0x0000000c   Code   RO         5502    i.CAN2_Get_Data     config_can.o
    0x0800066c   0x0800066c   0x00000028   Code   RO         4833    i.CAN2_Init         drv_can.o
    0x08000694   0x08000694   0x0000000c   Code   RO          296    i.CAN2_RX0_IRQHandler  stm32f4xx_it.o
    0x080006a0   0x080006a0   0x0000001a   Code   RO         4834    i.CAN_Filter_ParamsInit  drv_can.o
    0x080006ba   0x080006ba   0x00000002   PAD
    0x080006bc   0x080006bc   0x00000038   Code   RO         4835    i.CAN_SendData      drv_can.o
    0x080006f4   0x080006f4   0x00000020   Code   RO         5614    i.Control_Task      task.o
    0x08000714   0x08000714   0x0000000c   Code   RO          297    i.DMA1_Stream0_IRQHandler  stm32f4xx_it.o
    0x08000720   0x08000720   0x0000000c   Code   RO          298    i.DMA1_Stream1_IRQHandler  stm32f4xx_it.o
    0x0800072c   0x0800072c   0x0000000c   Code   RO          299    i.DMA1_Stream2_IRQHandler  stm32f4xx_it.o
    0x08000738   0x08000738   0x0000000c   Code   RO          300    i.DMA1_Stream5_IRQHandler  stm32f4xx_it.o
    0x08000744   0x08000744   0x0000000c   Code   RO          301    i.DMA1_Stream7_IRQHandler  stm32f4xx_it.o
    0x08000750   0x08000750   0x0000000c   Code   RO          302    i.DMA2_Stream2_IRQHandler  stm32f4xx_it.o
    0x0800075c   0x0800075c   0x0000000c   Code   RO          303    i.DMA2_Stream7_IRQHandler  stm32f4xx_it.o
    0x08000768   0x08000768   0x00000244   Code   RO         4897    i.DMAEx_MultiBufferStart_NoIT  drv_uart.o
    0x080009ac   0x080009ac   0x00000028   Code   RO         1228    i.DMA_CalcBaseAndBitshift  stm32f4xx_hal_dma.o
    0x080009d4   0x080009d4   0x00000054   Code   RO         1229    i.DMA_CheckFifoParam  stm32f4xx_hal_dma.o
    0x08000a28   0x08000a28   0x00000062   Code   RO         4898    i.DMA_Start         drv_uart.o
    0x08000a8a   0x08000a8a   0x00000014   Code   RO         4899    i.DRV_UART_IRQHandler  drv_uart.o
    0x08000a9e   0x08000a9e   0x00000002   Code   RO          304    i.DebugMon_Handler  stm32f4xx_it.o
    0x08000aa0   0x08000aa0   0x00000004   Code   RO           14    i.Error_Handler     main.o
    0x08000aa4   0x08000aa4   0x0000002c   Code   RO         5039    i.Get_CRC16_Check_Sum  crc16.o
    0x08000ad0   0x08000ad0   0x00000020   Code   RO         5082    i.Get_CRC8_Check_Num  crc8.o
    0x08000af0   0x08000af0   0x00000024   Code   RO          536    i.HAL_CAN_ActivateNotification  stm32f4xx_hal_can.o
    0x08000b14   0x08000b14   0x000000c8   Code   RO          537    i.HAL_CAN_AddTxMessage  stm32f4xx_hal_can.o
    0x08000bdc   0x08000bdc   0x0000010c   Code   RO          538    i.HAL_CAN_ConfigFilter  stm32f4xx_hal_can.o
    0x08000ce8   0x08000ce8   0x00000002   Code   RO          541    i.HAL_CAN_ErrorCallback  stm32f4xx_hal_can.o
    0x08000cea   0x08000cea   0x000000e8   Code   RO          544    i.HAL_CAN_GetRxMessage  stm32f4xx_hal_can.o
    0x08000dd2   0x08000dd2   0x000001fc   Code   RO          548    i.HAL_CAN_IRQHandler  stm32f4xx_hal_can.o
    0x08000fce   0x08000fce   0x0000011a   Code   RO          549    i.HAL_CAN_Init      stm32f4xx_hal_can.o
    0x080010e8   0x080010e8   0x000000fc   Code   RO          446    i.HAL_CAN_MspInit   stm32f4xx_hal_msp.o
    0x080011e4   0x080011e4   0x00000002   Code   RO          556    i.HAL_CAN_RxFifo0FullCallback  stm32f4xx_hal_can.o
    0x080011e6   0x080011e6   0x00000002   PAD
    0x080011e8   0x080011e8   0x00000048   Code   RO         4837    i.HAL_CAN_RxFifo0MsgPendingCallback  drv_can.o
    0x08001230   0x08001230   0x00000002   Code   RO          558    i.HAL_CAN_RxFifo1FullCallback  stm32f4xx_hal_can.o
    0x08001232   0x08001232   0x00000002   Code   RO          559    i.HAL_CAN_RxFifo1MsgPendingCallback  stm32f4xx_hal_can.o
    0x08001234   0x08001234   0x00000002   Code   RO          560    i.HAL_CAN_SleepCallback  stm32f4xx_hal_can.o
    0x08001236   0x08001236   0x00000002   PAD
    0x08001238   0x08001238   0x00000058   Code   RO          561    i.HAL_CAN_Start     stm32f4xx_hal_can.o
    0x08001290   0x08001290   0x00000002   Code   RO          563    i.HAL_CAN_TxMailbox0AbortCallback  stm32f4xx_hal_can.o
    0x08001292   0x08001292   0x00000002   Code   RO          564    i.HAL_CAN_TxMailbox0CompleteCallback  stm32f4xx_hal_can.o
    0x08001294   0x08001294   0x00000002   Code   RO          565    i.HAL_CAN_TxMailbox1AbortCallback  stm32f4xx_hal_can.o
    0x08001296   0x08001296   0x00000002   Code   RO          566    i.HAL_CAN_TxMailbox1CompleteCallback  stm32f4xx_hal_can.o
    0x08001298   0x08001298   0x00000002   Code   RO          567    i.HAL_CAN_TxMailbox2AbortCallback  stm32f4xx_hal_can.o
    0x0800129a   0x0800129a   0x00000002   Code   RO          568    i.HAL_CAN_TxMailbox2CompleteCallback  stm32f4xx_hal_can.o
    0x0800129c   0x0800129c   0x00000002   Code   RO          570    i.HAL_CAN_WakeUpFromRxMsgCallback  stm32f4xx_hal_can.o
    0x0800129e   0x0800129e   0x00000092   Code   RO         1231    i.HAL_DMA_Abort     stm32f4xx_hal_dma.o
    0x08001330   0x08001330   0x00000024   Code   RO         1232    i.HAL_DMA_Abort_IT  stm32f4xx_hal_dma.o
    0x08001354   0x08001354   0x000001a0   Code   RO         1236    i.HAL_DMA_IRQHandler  stm32f4xx_hal_dma.o
    0x080014f4   0x080014f4   0x000000d4   Code   RO         1237    i.HAL_DMA_Init      stm32f4xx_hal_dma.o
    0x080015c8   0x080015c8   0x000001f0   Code   RO         1124    i.HAL_GPIO_Init     stm32f4xx_hal_gpio.o
    0x080017b8   0x080017b8   0x0000000a   Code   RO         1128    i.HAL_GPIO_WritePin  stm32f4xx_hal_gpio.o
    0x080017c2   0x080017c2   0x00000002   PAD
    0x080017c4   0x080017c4   0x0000000c   Code   RO         1656    i.HAL_GetTick       stm32f4xx_hal.o
    0x080017d0   0x080017d0   0x0000005a   Code   RO         1901    i.HAL_IWDG_Init     stm32f4xx_hal_iwdg.o
    0x0800182a   0x0800182a   0x0000000c   Code   RO         1902    i.HAL_IWDG_Refresh  stm32f4xx_hal_iwdg.o
    0x08001836   0x08001836   0x00000002   PAD
    0x08001838   0x08001838   0x00000010   Code   RO         1662    i.HAL_IncTick       stm32f4xx_hal.o
    0x08001848   0x08001848   0x00000034   Code   RO         1663    i.HAL_Init          stm32f4xx_hal.o
    0x0800187c   0x0800187c   0x00000074   Code   RO          496    i.HAL_InitTick      stm32f4xx_hal_timebase_tim.o
    0x080018f0   0x080018f0   0x00000038   Code   RO          447    i.HAL_MspInit       stm32f4xx_hal_msp.o
    0x08001928   0x08001928   0x0000001a   Code   RO         1513    i.HAL_NVIC_EnableIRQ  stm32f4xx_hal_cortex.o
    0x08001942   0x08001942   0x00000002   PAD
    0x08001944   0x08001944   0x00000040   Code   RO         1519    i.HAL_NVIC_SetPriority  stm32f4xx_hal_cortex.o
    0x08001984   0x08001984   0x00000024   Code   RO         1520    i.HAL_NVIC_SetPriorityGrouping  stm32f4xx_hal_cortex.o
    0x080019a8   0x080019a8   0x00000134   Code   RO          770    i.HAL_RCC_ClockConfig  stm32f4xx_hal_rcc.o
    0x08001adc   0x08001adc   0x00000040   Code   RO          774    i.HAL_RCC_GetClockConfig  stm32f4xx_hal_rcc.o
    0x08001b1c   0x08001b1c   0x00000020   Code   RO          777    i.HAL_RCC_GetPCLK1Freq  stm32f4xx_hal_rcc.o
    0x08001b3c   0x08001b3c   0x00000020   Code   RO          778    i.HAL_RCC_GetPCLK2Freq  stm32f4xx_hal_rcc.o
    0x08001b5c   0x08001b5c   0x00000064   Code   RO          779    i.HAL_RCC_GetSysClockFreq  stm32f4xx_hal_rcc.o
    0x08001bc0   0x08001bc0   0x0000036c   Code   RO          782    i.HAL_RCC_OscConfig  stm32f4xx_hal_rcc.o
    0x08001f2c   0x08001f2c   0x00000002   Code   RO         2637    i.HAL_TIMEx_BreakCallback  stm32f4xx_hal_tim_ex.o
    0x08001f2e   0x08001f2e   0x00000002   Code   RO         2638    i.HAL_TIMEx_CommutCallback  stm32f4xx_hal_tim_ex.o
    0x08001f30   0x08001f30   0x0000005a   Code   RO         1933    i.HAL_TIM_Base_Init  stm32f4xx_hal_tim.o
    0x08001f8a   0x08001f8a   0x00000002   Code   RO         1935    i.HAL_TIM_Base_MspInit  stm32f4xx_hal_tim.o
    0x08001f8c   0x08001f8c   0x00000080   Code   RO         1938    i.HAL_TIM_Base_Start_IT  stm32f4xx_hal_tim.o
    0x0800200c   0x0800200c   0x00000002   Code   RO         1967    i.HAL_TIM_IC_CaptureCallback  stm32f4xx_hal_tim.o
    0x0800200e   0x0800200e   0x00000166   Code   RO         1981    i.HAL_TIM_IRQHandler  stm32f4xx_hal_tim.o
    0x08002174   0x08002174   0x00000002   Code   RO         1984    i.HAL_TIM_OC_DelayElapsedCallback  stm32f4xx_hal_tim.o
    0x08002176   0x08002176   0x00000002   Code   RO         2011    i.HAL_TIM_PWM_PulseFinishedCallback  stm32f4xx_hal_tim.o
    0x08002178   0x08002178   0x0000000e   Code   RO           15    i.HAL_TIM_PeriodElapsedCallback  main.o
    0x08002186   0x08002186   0x00000002   Code   RO         2024    i.HAL_TIM_TriggerCallback  stm32f4xx_hal_tim.o
    0x08002188   0x08002188   0x00000002   Code   RO         2915    i.HAL_UARTEx_RxEventCallback  stm32f4xx_hal_uart.o
    0x0800218a   0x0800218a   0x00000002   Code   RO         2929    i.HAL_UART_ErrorCallback  stm32f4xx_hal_uart.o
    0x0800218c   0x0800218c   0x00000268   Code   RO         2932    i.HAL_UART_IRQHandler  stm32f4xx_hal_uart.o
    0x080023f4   0x080023f4   0x00000062   Code   RO         2933    i.HAL_UART_Init     stm32f4xx_hal_uart.o
    0x08002456   0x08002456   0x00000002   PAD
    0x08002458   0x08002458   0x000003d0   Code   RO          449    i.HAL_UART_MspInit  stm32f4xx_hal_msp.o
    0x08002828   0x08002828   0x00000002   Code   RO         2939    i.HAL_UART_RxCpltCallback  stm32f4xx_hal_uart.o
    0x0800282a   0x0800282a   0x00000002   Code   RO         2944    i.HAL_UART_TxCpltCallback  stm32f4xx_hal_uart.o
    0x0800282c   0x0800282c   0x00000002   Code   RO          305    i.HardFault_Handler  stm32f4xx_it.o
    0x0800282e   0x0800282e   0x0000000c   Code   RO         5615    i.Interaction_Task  task.o
    0x0800283a   0x0800283a   0x00000002   PAD
    0x0800283c   0x0800283c   0x00000044   Code   RO           17    i.MX_CAN1_Init      main.o
    0x08002880   0x08002880   0x00000044   Code   RO           18    i.MX_CAN2_Init      main.o
    0x080028c4   0x080028c4   0x0000009c   Code   RO           19    i.MX_DMA_Init       main.o
    0x08002960   0x08002960   0x00000188   Code   RO           20    i.MX_GPIO_Init      main.o
    0x08002ae8   0x08002ae8   0x00000002   Code   RO          306    i.MemManage_Handler  stm32f4xx_it.o
    0x08002aea   0x08002aea   0x00000002   Code   RO          307    i.NMI_Handler       stm32f4xx_it.o
    0x08002aec   0x08002aec   0x00000014   Code   RO         5616    i.Realtime_Task     task.o
    0x08002b00   0x08002b00   0x00000008   Code   RO           22    i.StartDefaultTask  main.o
    0x08002b08   0x08002b08   0x0000002c   Code   RO         4637    i.SysTick_Handler   port.o
    0x08002b34   0x08002b34   0x0000009c   Code   RO           23    i.SystemClock_Config  main.o
    0x08002bd0   0x08002bd0   0x00000010   Code   RO         3385    i.SystemInit        system_stm32f4xx.o
    0x08002be0   0x08002be0   0x0000000c   Code   RO          308    i.TIM2_IRQHandler   stm32f4xx_it.o
    0x08002bec   0x08002bec   0x000000c8   Code   RO         2026    i.TIM_Base_SetConfig  stm32f4xx_hal_tim.o
    0x08002cb4   0x08002cb4   0x00000018   Code   RO          309    i.UART4_IRQHandler  stm32f4xx_it.o
    0x08002ccc   0x08002ccc   0x00000018   Code   RO          310    i.UART5_IRQHandler  stm32f4xx_it.o
    0x08002ce4   0x08002ce4   0x00000010   Code   RO         2946    i.UART_DMAAbortOnError  stm32f4xx_hal_uart.o
    0x08002cf4   0x08002cf4   0x0000004e   Code   RO         2956    i.UART_EndRxTransfer  stm32f4xx_hal_uart.o
    0x08002d42   0x08002d42   0x000000c0   Code   RO         2958    i.UART_Receive_IT   stm32f4xx_hal_uart.o
    0x08002e02   0x08002e02   0x00000002   PAD
    0x08002e04   0x08002e04   0x0000010c   Code   RO         2959    i.UART_SetConfig    stm32f4xx_hal_uart.o
    0x08002f10   0x08002f10   0x00000018   Code   RO          311    i.USART1_IRQHandler  stm32f4xx_it.o
    0x08002f28   0x08002f28   0x00000038   Code   RO         4900    i.USART1_Init       drv_uart.o
    0x08002f60   0x08002f60   0x00000002   Code   RO         5538    i.USART1_rxDataHandler  config_uart.o
    0x08002f62   0x08002f62   0x00000002   PAD
    0x08002f64   0x08002f64   0x00000018   Code   RO          312    i.USART2_IRQHandler  stm32f4xx_it.o
    0x08002f7c   0x08002f7c   0x0000003c   Code   RO         4901    i.USART2_Init       drv_uart.o
    0x08002fb8   0x08002fb8   0x00000002   Code   RO         5539    i.USART2_rxDataHandler  config_uart.o
    0x08002fba   0x08002fba   0x00000002   PAD
    0x08002fbc   0x08002fbc   0x00000018   Code   RO          313    i.USART3_IRQHandler  stm32f4xx_it.o
    0x08002fd4   0x08002fd4   0x00000038   Code   RO         4902    i.USART3_Init       drv_uart.o
    0x0800300c   0x0800300c   0x00000002   Code   RO         5540    i.USART3_rxDataHandler  config_uart.o
    0x0800300e   0x0800300e   0x00000002   PAD
    0x08003010   0x08003010   0x00000038   Code   RO         4903    i.USART4_Init       drv_uart.o
    0x08003048   0x08003048   0x00000002   Code   RO         5541    i.USART4_rxDataHandler  config_uart.o
    0x0800304a   0x0800304a   0x00000002   PAD
    0x0800304c   0x0800304c   0x00000038   Code   RO         4904    i.USART5_Init       drv_uart.o
    0x08003084   0x08003084   0x00000004   Code   RO         5542    i.USART5_rxDataHandler  config_uart.o
    0x08003088   0x08003088   0x00000002   Code   RO          314    i.UsageFault_Handler  stm32f4xx_it.o
    0x0800308a   0x0800308a   0x00000002   PAD
    0x0800308c   0x0800308c   0x0000003c   Code   RO         5040    i.Verify_CRC16_Check_Sum  crc16.o
    0x080030c8   0x080030c8   0x0000002a   Code   RO         5083    i.Verify_CRC8_Check_Sum  crc8.o
    0x080030f2   0x080030f2   0x00000020   Code   RO         1526    i.__NVIC_SetPriority  stm32f4xx_hal_cortex.o
    0x08003112   0x08003112   0x00000002   PAD
    0x08003114   0x08003114   0x00000038   Code   RO         5121    i.cap_send_2E       cap_protocol.o
    0x0800314c   0x0800314c   0x00000070   Code   RO         5122    i.cap_send_2F       cap_protocol.o
    0x080031bc   0x080031bc   0x00000054   Code   RO         5123    i.cap_update        cap_protocol.o
    0x08003210   0x08003210   0x00000014   Code   RO         4905    i.dma_m0_rxcplt_callback  drv_uart.o
    0x08003224   0x08003224   0x00000014   Code   RO         4906    i.dma_m1_rxcplt_callback  drv_uart.o
    0x08003238   0x08003238   0x00000022   Code   RO         4716    i.drive_init        drive.o
    0x0800325a   0x0800325a   0x00000026   Code   RO         5125    i.int16_to_float    cap_protocol.o
    0x08003280   0x08003280   0x00000068   Code   RO         5257    i.judge_recive      judge_protocol.o
    0x080032e8   0x080032e8   0x00000090   Code   RO         5586    i.judge_update      config_judge.o
    0x08003378   0x08003378   0x00000170   Code   RO           24    i.main              main.o
    0x080034e8   0x080034e8   0x0000000c   Code   RO         4202    i.makeFreeRtosPriority  cmsis_os.o
    0x080034f4   0x080034f4   0x00000002   Code   RO         4717    i.module_init       drive.o
    0x080034f6   0x080034f6   0x0000000e   Code   RO         4204    i.osDelay           cmsis_os.o
    0x08003504   0x08003504   0x0000000a   Code   RO         4207    i.osKernelStart     cmsis_os.o
    0x0800350e   0x0800350e   0x00000054   Code   RO         4241    i.osThreadCreate    cmsis_os.o
    0x08003562   0x08003562   0x00000002   PAD
    0x08003564   0x08003564   0x00000070   Code   RO         3884    i.prvAddCurrentTaskToDelayedList  tasks.o
    0x080035d4   0x080035d4   0x000000d0   Code   RO         3885    i.prvAddNewTaskToReadyList  tasks.o
    0x080036a4   0x080036a4   0x00000034   Code   RO         3886    i.prvDeleteTCB      tasks.o
    0x080036d8   0x080036d8   0x0000004c   Code   RO         4569    i.prvHeapInit       heap_4.o
    0x08003724   0x08003724   0x00000060   Code   RO         3887    i.prvIdleTask       tasks.o
    0x08003784   0x08003784   0x00000098   Code   RO         3888    i.prvInitialiseNewTask  tasks.o
    0x0800381c   0x0800381c   0x0000004c   Code   RO         4570    i.prvInsertBlockIntoFreeList  heap_4.o
    0x08003868   0x08003868   0x00000020   Code   RO         3889    i.prvResetNextTaskUnblockTime  tasks.o
    0x08003888   0x08003888   0x00000028   Code   RO         4638    i.prvTaskExitError  port.o
    0x080038b0   0x080038b0   0x000000dc   Code   RO         4571    i.pvPortMalloc      heap_4.o
    0x0800398c   0x0800398c   0x0000002c   Code   RO         4639    i.pxPortInitialiseStack  port.o
    0x080039b8   0x080039b8   0x00000038   Code   RO         7537    i.tick_task         my_judge.o
    0x080039f0   0x080039f0   0x00000008   Code   RO         7382    i.timer_init        timer.o
    0x080039f8   0x080039f8   0x000000f0   Code   RO         4907    i.uart_rx_idle_callback  drv_uart.o
    0x08003ae8   0x08003ae8   0x00000040   Code   RO         4983    i.up_send_game_robot_state  up_com_protocol.o
    0x08003b28   0x08003b28   0x00000038   Code   RO         4984    i.up_send_power_heat  up_com_protocol.o
    0x08003b60   0x08003b60   0x00000038   Code   RO         4985    i.up_send_robot_hurt  up_com_protocol.o
    0x08003b98   0x08003b98   0x00000026   Code   RO         3523    i.uxListRemove      list.o
    0x08003bbe   0x08003bbe   0x00000002   PAD
    0x08003bc0   0x08003bc0   0x00000014   Code   RO          260    i.vApplicationGetIdleTaskMemory  freertos.o
    0x08003bd4   0x08003bd4   0x00000016   Code   RO         3524    i.vListInitialise   list.o
    0x08003bea   0x08003bea   0x00000006   Code   RO         3525    i.vListInitialiseItem  list.o
    0x08003bf0   0x08003bf0   0x00000030   Code   RO         3526    i.vListInsert       list.o
    0x08003c20   0x08003c20   0x00000018   Code   RO         3527    i.vListInsertEnd    list.o
    0x08003c38   0x08003c38   0x00000040   Code   RO         4641    i.vPortEnterCritical  port.o
    0x08003c78   0x08003c78   0x00000028   Code   RO         4642    i.vPortExitCritical  port.o
    0x08003ca0   0x08003ca0   0x00000064   Code   RO         4572    i.vPortFree         heap_4.o
    0x08003d04   0x08003d04   0x00000024   Code   RO         4643    i.vPortSetupTimerInterrupt  port.o
    0x08003d28   0x08003d28   0x0000004c   Code   RO         3898    i.vTaskDelay        tasks.o
    0x08003d74   0x08003d74   0x0000006c   Code   RO         3911    i.vTaskStartScheduler  tasks.o
    0x08003de0   0x08003de0   0x00000010   Code   RO         3913    i.vTaskSuspendAll   tasks.o
    0x08003df0   0x08003df0   0x0000005c   Code   RO         3914    i.vTaskSwitchContext  tasks.o
    0x08003e4c   0x08003e4c   0x000000f4   Code   RO         4645    i.xPortStartScheduler  port.o
    0x08003f40   0x08003f40   0x0000005a   Code   RO         3917    i.xTaskCreate       tasks.o
    0x08003f9a   0x08003f9a   0x00000056   Code   RO         3918    i.xTaskCreateStatic  tasks.o
    0x08003ff0   0x08003ff0   0x000000cc   Code   RO         3925    i.xTaskIncrementTick  tasks.o
    0x080040bc   0x080040bc   0x000000c4   Code   RO         3931    i.xTaskResumeAll    tasks.o
    0x08004180   0x08004180   0x0000000a   Code   RO         7981    x$fpl$fpinit        fz_wm.l(fpinit.o)
    0x0800418a   0x0800418a   0x00000002   PAD
    0x0800418c   0x0800418c   0x00000070   Data   RO           33    .constdata          main.o
    0x080041fc   0x080041fc   0x00000008   Data   RO         1243    .constdata          stm32f4xx_hal_dma.o
    0x08004204   0x08004204   0x00000010   Data   RO         3386    .constdata          system_stm32f4xx.o
    0x08004214   0x08004214   0x00000008   Data   RO         3387    .constdata          system_stm32f4xx.o
    0x0800421c   0x0800421c   0x00000200   Data   RO         5041    .constdata          crc16.o
    0x0800441c   0x0800441c   0x00000100   Data   RO         5085    .constdata          crc8.o
    0x0800451c   0x0800451c   0x00000038   Data   RO           34    .conststring        main.o
    0x08004554   0x08004554   0x00000020   Data   RO         8074    Region$$Table       anon$$obj.o


    Execution Region RW_IRAM2 (Exec base: 0x10000000, Load base: 0x08004660, Size: 0x00000000, Max: 0x00010000, ABSOLUTE)

    **** No section assigned to this execution region ****


    Execution Region RW_IRAM1 (Exec base: 0x20000000, Load base: 0x08004574, Size: 0x00004fe0, Max: 0x00020000, ABSOLUTE)

    Exec Addr    Load Addr    Size         Type   Attr      Idx    E Section Name        Object

    0x20000000   0x08004574   0x00000010   Data   RW           35    .data               main.o
    0x20000010   0x08004584   0x00000004   Data   RW          450    .data               stm32f4xx_hal_msp.o
    0x20000014   0x08004588   0x0000000c   Data   RW         1670    .data               stm32f4xx_hal.o
    0x20000020   0x08004594   0x00000004   Data   RW         3388    .data               system_stm32f4xx.o
    0x20000024   0x08004598   0x0000003c   Data   RW         3934    .data               tasks.o
    0x20000060   0x080045d4   0x00000020   Data   RW         4578    .data               heap_4.o
    0x20000080   0x080045f4   0x0000000c   Data   RW         4646    .data               port.o
    0x2000008c   0x08004600   0x00000028   Data   RW         4988    .data               up_com_protocol.o
    0x200000b4   0x08004628   0x00000002   Data   RW         5042    .data               crc16.o
    0x200000b6   0x0800462a   0x00000010   Data   RW         5127    .data               cap_protocol.o
    0x200000c6   0x0800463a   0x00000002   PAD
    0x200000c8   0x0800463c   0x00000008   Data   RW         5258    .data               judge_protocol.o
    0x200000d0   0x08004644   0x00000006   Data   RW         5259    .data               judge_protocol.o
    0x200000d6   0x0800464a   0x00000002   Data   RW         5345    .data               cap.o
    0x200000d8   0x0800464c   0x00000008   Data   RW         5621    .data               task.o
    0x200000e0   0x08004654   0x00000004   Data   RW         5671    .data               judge.o
    0x200000e4   0x08004658   0x00000008   Data   RW         7542    .data               my_judge.o
    0x200000ec        -       0x000001b0   Zero   RW           25    .bss                main.o
    0x2000029c        -       0x00000060   Zero   RW           26    .bss                main.o
    0x200002fc        -       0x00000060   Zero   RW           27    .bss                main.o
    0x2000035c        -       0x00000060   Zero   RW           28    .bss                main.o
    0x200003bc        -       0x00000060   Zero   RW           29    .bss                main.o
    0x2000041c        -       0x00000060   Zero   RW           30    .bss                main.o
    0x2000047c        -       0x00000060   Zero   RW           31    .bss                main.o
    0x200004dc        -       0x00000060   Zero   RW           32    .bss                main.o
    0x2000053c        -       0x00000254   Zero   RW          261    .bss                freertos.o
    0x20000790        -       0x00000048   Zero   RW          499    .bss                stm32f4xx_hal_timebase_tim.o
    0x200007d8        -       0x000000f0   Zero   RW         3933    .bss                tasks.o
    0x200008c8        -       0x00003c00   Zero   RW         4577    .bss                heap_4.o
    0x200044c8        -       0x00000034   Zero   RW         4838    .bss                drv_can.o
    0x200044fc        -       0x000003e6   Zero   RW         4908    .bss                drv_uart.o
    0x200048e2   0x08004660   0x00000002   PAD
    0x200048e4        -       0x0000000c   Zero   RW         5126    .bss                cap_protocol.o
    0x200048f0        -       0x00000018   Zero   RW         5617    .bss                task.o
    0x20004908        -       0x00000018   Zero   RW         5619    .bss                task.o
    0x20004920        -       0x00000060   Zero   RW         5670    .bss                judge.o
    0x20004980        -       0x00000060   Zero   RW         7938    .bss                c_w.l(libspace.o)
    0x200049e0        -       0x00000200   Zero   RW            2    HEAP                startup_stm32f407xx.o
    0x20004be0        -       0x00000400   Zero   RW            1    STACK               startup_stm32f407xx.o


==============================================================================

Image component sizes


      Code (inc. data)   RO Data    RW Data    ZI Data      Debug   Object Name

         0          0          0          0          0        392   arm_sin_cos_f32.o
         0          0          0          2          0        578   cap.o
       290         44          0         16         12       3951   cap_protocol.o
       120          0          0          0          0      23333   cmsis_os.o
        36          6          0          0          0       3644   config_can.o
       144         10          0          0          0       1471   config_judge.o
        12          0          0          0          0       2923   config_uart.o
       104         12        512          2          0       2157   crc16.o
        74          6        256          0          0       2046   crc8.o
        36          0          0          0          0       6024   drive.o
       234         28          0          0         52       3982   drv_can.o
      1262        104          0          0        998       7992   drv_uart.o
         0          0          0          0          0      16904   event_groups.o
        20          4          0          0        596       1260   freertos.o
       472         24          0         32      15360       7451   heap_4.o
         0          0          0          4         96        851   judge.o
       104          6          0         14          0       5963   judge_protocol.o
       138          0          0          0          0       3574   list.o
      1234        100        168         16       1104     741301   main.o
        56          6          0          8          0       1767   my_judge.o
       702         72          0         12          0      11040   port.o
        64         26        392          0       1536        848   startup_stm32f407xx.o
        80         14          0         12          0       8114   stm32f4xx_hal.o
      1638          6          0          0          0      14367   stm32f4xx_hal_can.o
       158         14          0          0          0      33182   stm32f4xx_hal_cortex.o
       934         16          8          0          0       5651   stm32f4xx_hal_dma.o
       506         46          0          0          0       2204   stm32f4xx_hal_gpio.o
       102          0          0          0          0       1899   stm32f4xx_hal_iwdg.o
      1284        108          0          4          0       3939   stm32f4xx_hal_msp.o
      1412         86          0          0          0       5929   stm32f4xx_hal_rcc.o
       786         72          0          0          0       7404   stm32f4xx_hal_tim.o
         4          0          0          0          0       1613   stm32f4xx_hal_tim_ex.o
       116         14          0          0         72       1435   stm32f4xx_hal_timebase_tim.o
      1276         16          0          0          0       8348   stm32f4xx_hal_uart.o
       252         90          0          0          0      10243   stm32f4xx_it.o
        16          4         24          4          0       1139   system_stm32f4xx.o
        64         10          0          8         48       2804   task.o
      1520        112          0         60        240      19570   tasks.o
         8          0          0          0          0        893   timer.o
       176         36          0         40          0       2705   up_com_protocol.o

    ----------------------------------------------------------------------
     15472       1092       1392        236      20116     980891   Object Totals
         0          0         32          0          0          0   (incl. Generated)
        38          0          0          2          2          0   (incl. Padding)

    ----------------------------------------------------------------------

      Code (inc. data)   RO Data    RW Data    ZI Data      Debug   Library Member Name

         8          0          0          0          0         68   __main.o
         0          0          0          0          0          0   __rtentry.o
        12          0          0          0          0          0   __rtentry2.o
         6          0          0          0          0          0   __rtentry4.o
        52          8          0          0          0          0   __scatter.o
        26          0          0          0          0          0   __scatter_copy.o
        28          0          0          0          0          0   __scatter_zi.o
        18          0          0          0          0         80   exit.o
         6          0          0          0          0        152   heapauxi.o
         0          0          0          0          0          0   indicate_semi.o
         2          0          0          0          0          0   libinit.o
         6          0          0          0          0          0   libinit2.o
         2          0          0          0          0          0   libshutdown.o
         2          0          0          0          0          0   libshutdown2.o
         8          4          0          0         96         68   libspace.o
       238          0          0          0          0        100   lludivv7m.o
        68          0          0          0          0         68   rt_memclr.o
        78          0          0          0          0         80   rt_memclr_w.o
       138          0          0          0          0         68   rt_memcpy_v6.o
       100          0          0          0          0         80   rt_memcpy_w.o
         2          0          0          0          0          0   rtexit.o
        10          0          0          0          0          0   rtexit2.o
        12          4          0          0          0         68   sys_exit.o
        74          0          0          0          0         80   sys_stackheap_outer.o
         2          0          0          0          0         68   use_no_semi.o
        10          0          0          0          0        116   fpinit.o

    ----------------------------------------------------------------------
       916         16          0          0         96       1096   Library Totals
         8          0          0          0          0          0   (incl. Padding)

    ----------------------------------------------------------------------

      Code (inc. data)   RO Data    RW Data    ZI Data      Debug   Library Name

       898         16          0          0         96        980   c_w.l
        10          0          0          0          0        116   fz_wm.l

    ----------------------------------------------------------------------
       916         16          0          0         96       1096   Library Totals

    ----------------------------------------------------------------------

==============================================================================


      Code (inc. data)   RO Data    RW Data    ZI Data      Debug   

     16388       1108       1392        236      20212     964771   Grand Totals
     16388       1108       1392        236      20212     964771   ELF Image Totals
     16388       1108       1392        236          0          0   ROM Totals

==============================================================================

    Total RO  Size (Code + RO Data)                17780 (  17.36kB)
    Total RW  Size (RW Data + ZI Data)             20448 (  19.97kB)
    Total ROM Size (Code + RO Data + RW Data)      18016 (  17.59kB)

==============================================================================

